Archive member included because of file (symbol)

.\CortexM3\ARM_GCC_493\Debug\FC_Impresion.a(cyfitter_cfg.o)
                              .\CortexM3\ARM_GCC_493\Debug\Cm3Start.o (cyfitter_cfg)
.\CortexM3\ARM_GCC_493\Debug\FC_Impresion.a(CyBootAsmGnu.o)
                              .\CortexM3\ARM_GCC_493\Debug\FC_Impresion.a(cyfitter_cfg.o) (CyDelayCycles)
.\CortexM3\ARM_GCC_493\Debug\FC_Impresion.a(CyLib.o)
                              .\CortexM3\ARM_GCC_493\Debug\Cm3Start.o (CyHalt)
.\CortexM3\ARM_GCC_493\Debug\FC_Impresion.a(cyPm.o)
                              .\CortexM3\ARM_GCC_493\Debug\FC_Impresion.a(CyLib.o) (CyPmReadStatus)
.\CortexM3\ARM_GCC_493\Debug\FC_Impresion.a(I2C_1.o)
                              .\CortexM3\ARM_GCC_493\Debug\main.o (I2C_1_Start)
.\CortexM3\ARM_GCC_493\Debug\FC_Impresion.a(I2C_1_INT.o)
                              .\CortexM3\ARM_GCC_493\Debug\FC_Impresion.a(I2C_1.o) (I2C_1_ISR)
.\CortexM3\ARM_GCC_493\Debug\FC_Impresion.a(I2C_1_PM.o)
                              .\CortexM3\ARM_GCC_493\Debug\FC_Impresion.a(I2C_1.o) (I2C_1_backup)
.\CortexM3\ARM_GCC_493\Debug\FC_Impresion.a(I2C_1_MASTER.o)
                              .\CortexM3\ARM_GCC_493\Debug\FC_Impresion.a(I2C_1.o) (I2C_1_mstrStatus)
.\CortexM3\ARM_GCC_493\Debug\FC_Impresion.a(RS232.o)
                              .\CortexM3\ARM_GCC_493\Debug\main.o (RS232_Start)
.\CortexM3\ARM_GCC_493\Debug\FC_Impresion.a(RS232_INT.o)
                              .\CortexM3\ARM_GCC_493\Debug\FC_Impresion.a(RS232.o) (RS232_RXISR)
.\CortexM3\ARM_GCC_493\Debug\FC_Impresion.a(Surtidor.o)
                              .\CortexM3\ARM_GCC_493\Debug\main.o (Surtidor_Start)
.\CortexM3\ARM_GCC_493\Debug\FC_Impresion.a(Surtidor_INT.o)
                              .\CortexM3\ARM_GCC_493\Debug\FC_Impresion.a(Surtidor.o) (Surtidor_RXISR)
.\CortexM3\ARM_GCC_493\Debug\FC_Impresion.a(RS232_IntClock.o)
                              .\CortexM3\ARM_GCC_493\Debug\FC_Impresion.a(RS232.o) (RS232_IntClock_Start)
.\CortexM3\ARM_GCC_493\Debug\FC_Impresion.a(Surtidor_IntClock.o)
                              .\CortexM3\ARM_GCC_493\Debug\FC_Impresion.a(Surtidor.o) (Surtidor_IntClock_Start)
.\CortexM3\ARM_GCC_493\Debug\FC_Impresion.a(Select1_RS232.o)
                              .\CortexM3\ARM_GCC_493\Debug\main.o (Select1_RS232_Write)
.\CortexM3\ARM_GCC_493\Debug\FC_Impresion.a(Select0_RS232.o)
                              .\CortexM3\ARM_GCC_493\Debug\main.o (Select0_RS232_Write)
.\CortexM3\ARM_GCC_493\Debug\FC_Impresion.a(Botones.o)
                              .\CortexM3\ARM_GCC_493\Debug\main.o (Botones_Read)
.\CortexM3\ARM_GCC_493\Debug\FC_Impresion.a(EEPROM.o)
                              .\CortexM3\ARM_GCC_493\Debug\main.o (EEPROM_Start)
.\CortexM3\ARM_GCC_493\Debug\FC_Impresion.a(Led.o)
                              .\CortexM3\ARM_GCC_493\Debug\main.o (Led_Write)
.\CortexM3\ARM_GCC_493\Debug\FC_Impresion.a(USBUART.o)
                              .\CortexM3\ARM_GCC_493\Debug\main.o (USBUART_Start)
.\CortexM3\ARM_GCC_493\Debug\FC_Impresion.a(USBUART_cdc.o)
                              .\CortexM3\ARM_GCC_493\Debug\main.o (USBUART_CDC_Init)
.\CortexM3\ARM_GCC_493\Debug\FC_Impresion.a(USBUART_drv.o)
                              .\CortexM3\ARM_GCC_493\Debug\FC_Impresion.a(USBUART.o) (USBUART_lastPacketSize)
.\CortexM3\ARM_GCC_493\Debug\FC_Impresion.a(USBUART_episr.o)
                              .\CortexM3\ARM_GCC_493\Debug\FC_Impresion.a(USBUART.o) (USBUART_EP_1_ISR)
.\CortexM3\ARM_GCC_493\Debug\FC_Impresion.a(USBUART_pm.o)
                              .\CortexM3\ARM_GCC_493\Debug\FC_Impresion.a(USBUART.o) (USBUART_DP_ISR)
.\CortexM3\ARM_GCC_493\Debug\FC_Impresion.a(USBUART_std.o)
                              .\CortexM3\ARM_GCC_493\Debug\FC_Impresion.a(USBUART_pm.o) (USBUART_ConfigReg)
.\CortexM3\ARM_GCC_493\Debug\FC_Impresion.a(USBUART_vnd.o)
                              .\CortexM3\ARM_GCC_493\Debug\FC_Impresion.a(USBUART_drv.o) (USBUART_HandleVendorRqst)
.\CortexM3\ARM_GCC_493\Debug\FC_Impresion.a(USBUART_Dp.o)
                              .\CortexM3\ARM_GCC_493\Debug\FC_Impresion.a(USBUART_pm.o) (USBUART_Dp_ClearInterrupt)
.\CortexM3\ARM_GCC_493\Debug\FC_Impresion.a(CyFlash.o)
                              .\CortexM3\ARM_GCC_493\Debug\FC_Impresion.a(EEPROM.o) (dieTemperature)
.\CortexM3\ARM_GCC_493\Debug\FC_Impresion.a(CySpc.o)
                              .\CortexM3\ARM_GCC_493\Debug\FC_Impresion.a(EEPROM.o) (CySpcStart)
.\CortexM3\ARM_GCC_493\Debug\FC_Impresion.a(USBUART_cls.o)
                              .\CortexM3\ARM_GCC_493\Debug\FC_Impresion.a(USBUART_drv.o) (USBUART_DispatchClassRqst)
.\CortexM3\ARM_GCC_493\Debug\FC_Impresion.a(USBUART_descr.o)
                              .\CortexM3\ARM_GCC_493\Debug\FC_Impresion.a(USBUART_std.o) (USBUART_idSerialNumberStringDescriptor)
[...]
Memory Configuration

Name             Origin             Length             Attributes
rom              0x00000000         0x00040000         xr
ram              0x1fff8000         0x00010000         xrw
*default*        0x00000000         0xffffffff

Linker script and memory map

LOAD c:/program files (x86)/cypress/psoc creator/3.3/psoc creator/import/gnu/arm/4.9.3/bin/../lib/gcc/arm-none-eabi/4.9.3/armv7-m/crti.o
LOAD c:/program files (x86)/cypress/psoc creator/3.3/psoc creator/import/gnu/arm/4.9.3/bin/../lib/gcc/arm-none-eabi/4.9.3/armv7-m/crtbegin.o
LOAD c:/program files (x86)/cypress/psoc creator/3.3/psoc creator/import/gnu/arm/4.9.3/bin/../lib/gcc/arm-none-eabi/4.9.3/../../../../arm-none-eabi/lib/armv7-m/crt0.o
START GROUP
LOAD .\CortexM3\ARM_GCC_493\Debug\main.o
LOAD .\CortexM3\ARM_GCC_493\Debug\Protocolo.o
LOAD .\CortexM3\ARM_GCC_493\Debug\Print.o
LOAD .\CortexM3\ARM_GCC_493\Debug\i2c.o
LOAD .\CortexM3\ARM_GCC_493\Debug\cymetadata.o
LOAD .\CortexM3\ARM_GCC_493\Debug\Cm3Start.o
LOAD .\CortexM3\ARM_GCC_493\Debug\FC_Impresion.a
LOAD C:\Program Files (x86)\Cypress\PSoC Creator\3.3\PSoC Creator\psoc\content\cycomponentlibrary\CyComponentLibrary.cylib\CortexM3\ARM_GCC_493\Debug\CyComponentLibrary.a
END GROUP
START GROUP
LOAD c:/program files (x86)/cypress/psoc creator/3.3/psoc creator/import/gnu/arm/4.9.3/bin/../lib/gcc/arm-none-eabi/4.9.3/armv7-m\libgcc.a
LOAD c:/program files (x86)/cypress/psoc creator/3.3/psoc creator/import/gnu/arm/4.9.3/bin/../lib/gcc/arm-none-eabi/4.9.3/../../../../arm-none-eabi/lib/armv7-m\libg_nano.a
LOAD c:/program files (x86)/cypress/psoc creator/3.3/psoc creator/import/gnu/arm/4.9.3/bin/../lib/gcc/arm-none-eabi/4.9.3/../../../../arm-none-eabi/lib/armv7-m\libc_nano.a
END GROUP
START GROUP
LOAD c:/program files (x86)/cypress/psoc creator/3.3/psoc creator/import/gnu/arm/4.9.3/bin/../lib/gcc/arm-none-eabi/4.9.3/armv7-m\libgcc.a
LOAD c:/program files (x86)/cypress/psoc creator/3.3/psoc creator/import/gnu/arm/4.9.3/bin/../lib/gcc/arm-none-eabi/4.9.3/../../../../arm-none-eabi/lib/armv7-m\libc_nano.a
END GROUP
LOAD c:/program files (x86)/cypress/psoc creator/3.3/psoc creator/import/gnu/arm/4.9.3/bin/../lib/gcc/arm-none-eabi/4.9.3/armv7-m/crtend.o
LOAD c:/program files (x86)/cypress/psoc creator/3.3/psoc creator/import/gnu/arm/4.9.3/bin/../lib/gcc/arm-none-eabi/4.9.3/armv7-m/crtn.o
START GROUP
LOAD c:/program files (x86)/cypress/psoc creator/3.3/psoc creator/import/gnu/arm/4.9.3/bin/../lib/gcc/arm-none-eabi/4.9.3/armv7-m\libgcc.a
LOAD c:/program files (x86)/cypress/psoc creator/3.3/psoc creator/import/gnu/arm/4.9.3/bin/../lib/gcc/arm-none-eabi/4.9.3/../../../../arm-none-eabi/lib/armv7-m\libc.a
LOAD c:/program files (x86)/cypress/psoc creator/3.3/psoc creator/import/gnu/arm/4.9.3/bin/../lib/gcc/arm-none-eabi/4.9.3/../../../../arm-none-eabi/lib/armv7-m\libnosys.a
END GROUP
                0x00000000                CY_APPL_ORIGIN = 0x0
                0x00000100                CY_FLASH_ROW_SIZE = 0x100
                0x00000020                CY_ECC_ROW_SIZE = 0x20
                0x00000000                CY_EE_IN_BTLDR = 0x0
                0x00000000                CY_APPL_LOADABLE = 0x0
                0x00000800                CY_EE_SIZE = 0x800
                0x00000001                CY_APPL_NUM = 0x1
                0x00000001                CY_APPL_MAX = 0x1
                0x00000040                CY_METADATA_SIZE = 0x40
                0x00000000                CY_APPL_LOADABLE = 0x0
                0x00000000                CY_CHECKSUM_EXCLUDE_SIZE = ALIGN (0x0, CY_FLASH_ROW_SIZE)
                0x1fff86e8                PROVIDE (__cy_heap_start, _end)
                0x00000001                PROVIDE (__cy_region_num, ((__cy_regions_end - __cy_regions) / 0x10))
                0x20008000                PROVIDE (__cy_stack, (ORIGIN (ram) + 0x10000))
                0x20007800                PROVIDE (__cy_heap_end, (__cy_stack - 0x800))

.cybootloader   0x00000000        0x0
 *(.cybootloader)
                0x00000000                appl1_start = CY_APPL_ORIGIN?CY_APPL_ORIGIN:ALIGN (CY_FLASH_ROW_SIZE)
                0x0001ff00                appl2_start = (appl1_start + ALIGN ((((0x40000 - appl1_start) - (0x2 * CY_FLASH_ROW_SIZE)) / 0x2), CY_FLASH_ROW_SIZE))
                0x00000000                appl_start = (CY_APPL_NUM == 0x1)?appl1_start:appl2_start
                0x00000000                ecc_offset = ((appl_start / CY_FLASH_ROW_SIZE) * CY_ECC_ROW_SIZE)
                0x00000000                ee_offset = (CY_APPL_LOADABLE && ! (CY_EE_IN_BTLDR))?((CY_EE_SIZE / CY_APPL_MAX) * (CY_APPL_NUM - 0x1)):0x0
                0x00000800                ee_size = (CY_APPL_LOADABLE && ! (CY_EE_IN_BTLDR))?(CY_EE_SIZE / CY_APPL_MAX):CY_EE_SIZE
                0x00000000                PROVIDE (CY_ECC_OFFSET, ecc_offset)

.text           0x00000000     0x3ca2
 CREATE_OBJECT_SYMBOLS
                0x00000000                PROVIDE (__cy_interrupt_vector, RomVectors)
 *(.romvectors)
 .romvectors    0x00000000       0x10 .\CortexM3\ARM_GCC_493\Debug\Cm3Start.o
                0x00000000                RomVectors
                0x00000001                ASSERT ((. != __cy_interrupt_vector), No interrupt vector)
                0x00000001                ASSERT (CY_APPL_ORIGIN?(SIZEOF (.cybootloader) <= CY_APPL_ORIGIN):0x1, Wrong image location)
                0x00000010                PROVIDE (__cy_reset, Reset)
 *(.text.Reset)
 .text.Reset    0x00000010       0x18 .\CortexM3\ARM_GCC_493\Debug\Cm3Start.o
                0x00000010                Reset
                0x00000001                ASSERT ((. != __cy_reset), No reset code)
 *(.dma_init)
                0x00000001                ASSERT ((((appl_start + .) <= 0x10000) || 0x1), DMA Init must be within the first 64k of flash)
 *(.text .text.* .gnu.linkonce.t.*)
 .text          0x00000028       0x5c c:/program files (x86)/cypress/psoc creator/3.3/psoc creator/import/gnu/arm/4.9.3/bin/../lib/gcc/arm-none-eabi/4.9.3/armv7-m/crtbegin.o
 .text.init     0x00000084      0x1e0 .\CortexM3\ARM_GCC_493\Debug\main.o
                0x00000084                init
 .text.init_surtidor
                0x00000264       0x80 .\CortexM3\ARM_GCC_493\Debug\main.o
                0x00000264                init_surtidor
 .text.polling_surtidor
                0x000002e4       0xb0 .\CortexM3\ARM_GCC_493\Debug\main.o
                0x000002e4                polling_surtidor
 .text.polling_boton
                0x00000394      0x130 .\CortexM3\ARM_GCC_493\Debug\main.o
                0x00000394                polling_boton
 .text.polling_usb
                0x000004c4      0x500 .\CortexM3\ARM_GCC_493\Debug\main.o
                0x000004c4                polling_usb
 .text.main     0x000009c4       0x50 .\CortexM3\ARM_GCC_493\Debug\main.o
                0x000009c4                main
 .text.get_estado
                0x00000a14       0x44 .\CortexM3\ARM_GCC_493\Debug\Protocolo.o
                0x00000a14                get_estado
 .text.ver_pos  0x00000a58       0x60 .\CortexM3\ARM_GCC_493\Debug\Protocolo.o
                0x00000a58                ver_pos
 .text.estado_ex
                0x00000ab8       0xe4 .\CortexM3\ARM_GCC_493\Debug\Protocolo.o
                0x00000ab8                estado_ex
 .text.venta    0x00000b9c      0x288 .\CortexM3\ARM_GCC_493\Debug\Protocolo.o
                0x00000b9c                venta
 .text.imprimir
                0x00000e24      0x430 .\CortexM3\ARM_GCC_493\Debug\Print.o
                0x00000e24                imprimir
 .text.leer_hora
                0x00001254       0x5c .\CortexM3\ARM_GCC_493\Debug\i2c.o
                0x00001254                leer_hora
 .text.leer_fecha
                0x000012b0       0x5c .\CortexM3\ARM_GCC_493\Debug\i2c.o
                0x000012b0                leer_fecha
 .text.write_hora
                0x0000130c       0x58 .\CortexM3\ARM_GCC_493\Debug\i2c.o
                0x0000130c                write_hora
 .text.write_fecha
                0x00001364       0x5c .\CortexM3\ARM_GCC_493\Debug\i2c.o
                0x00001364                write_fecha
 .text.IntDefaultHandler
                0x000013c0        0x4 .\CortexM3\ARM_GCC_493\Debug\Cm3Start.o
                0x000013c0                IntDefaultHandler
 .text.Start_c  0x000013c4       0x4c .\CortexM3\ARM_GCC_493\Debug\Cm3Start.o
                0x000013c4                Start_c
 .text.initialize_psoc
                0x00001410       0x74 .\CortexM3\ARM_GCC_493\Debug\Cm3Start.o
                0x00001410                initialize_psoc
 .text.CyClockStartupError
                0x00001484        0x4 .\CortexM3\ARM_GCC_493\Debug\FC_Impresion.a(cyfitter_cfg.o)
 .text.cfg_write_bytes32
                0x00001488       0x34 .\CortexM3\ARM_GCC_493\Debug\FC_Impresion.a(cyfitter_cfg.o)
 .text.AnalogSetDefault
                0x000014bc       0x28 .\CortexM3\ARM_GCC_493\Debug\FC_Impresion.a(cyfitter_cfg.o)
 .text.ClockSetup
                0x000014e4       0xfc .\CortexM3\ARM_GCC_493\Debug\FC_Impresion.a(cyfitter_cfg.o)
 .text.CYMEMZERO
                0x000015e0        0xc .\CortexM3\ARM_GCC_493\Debug\FC_Impresion.a(cyfitter_cfg.o)
 .text.CYCONFIGCPY
                0x000015ec        0x8 .\CortexM3\ARM_GCC_493\Debug\FC_Impresion.a(cyfitter_cfg.o)
 .text.cyfitter_cfg
                0x000015f4      0x13c .\CortexM3\ARM_GCC_493\Debug\FC_Impresion.a(cyfitter_cfg.o)
                0x000015f4                cyfitter_cfg
 .text          0x00001730       0x20 .\CortexM3\ARM_GCC_493\Debug\FC_Impresion.a(CyBootAsmGnu.o)
                0x00001730                CyDelayCycles
                0x00001740                CyEnterCriticalSection
                0x00001748                CyExitCriticalSection
 .text.CyHalt   0x00001750        0x4 .\CortexM3\ARM_GCC_493\Debug\FC_Impresion.a(CyLib.o)
                0x00001750                CyHalt
 .text.CyDelay  0x00001754       0x2c .\CortexM3\ARM_GCC_493\Debug\FC_Impresion.a(CyLib.o)
                0x00001754                CyDelay
 .text.CyDelayUs
                0x00001780       0x14 .\CortexM3\ARM_GCC_493\Debug\FC_Impresion.a(CyLib.o)
                0x00001780                CyDelayUs
 .text.CyIntSetVector
                0x00001794       0x28 .\CortexM3\ARM_GCC_493\Debug\FC_Impresion.a(CyLib.o)
                0x00001794                CyIntSetVector
 .text.CyIntSetPriority
                0x000017bc       0x30 .\CortexM3\ARM_GCC_493\Debug\FC_Impresion.a(CyLib.o)
                0x000017bc                CyIntSetPriority
 .text.CyGetUniqueId
                0x000017ec       0x70 .\CortexM3\ARM_GCC_493\Debug\FC_Impresion.a(CyLib.o)
                0x000017ec                CyGetUniqueId
 .text.I2C_1_Init
                0x0000185c       0x68 .\CortexM3\ARM_GCC_493\Debug\FC_Impresion.a(I2C_1.o)
                0x0000185c                I2C_1_Init
 .text.I2C_1_Enable
                0x000018c4       0x24 .\CortexM3\ARM_GCC_493\Debug\FC_Impresion.a(I2C_1.o)
                0x000018c4                I2C_1_Enable
 .text.I2C_1_Start
                0x000018e8       0x28 .\CortexM3\ARM_GCC_493\Debug\FC_Impresion.a(I2C_1.o)
                0x000018e8                I2C_1_Start
 .text.I2C_1_ISR
                0x00001910      0x2cc .\CortexM3\ARM_GCC_493\Debug\FC_Impresion.a(I2C_1_INT.o)
                0x00001910                I2C_1_ISR
 .text.I2C_1_MasterSendStart
                0x00001bdc       0x80 .\CortexM3\ARM_GCC_493\Debug\FC_Impresion.a(I2C_1_MASTER.o)
                0x00001bdc                I2C_1_MasterSendStart
 .text.I2C_1_MasterSendStop
                0x00001c5c       0x38 .\CortexM3\ARM_GCC_493\Debug\FC_Impresion.a(I2C_1_MASTER.o)
                0x00001c5c                I2C_1_MasterSendStop
 .text.I2C_1_MasterWriteByte
                0x00001c94       0x58 .\CortexM3\ARM_GCC_493\Debug\FC_Impresion.a(I2C_1_MASTER.o)
                0x00001c94                I2C_1_MasterWriteByte
 .text.I2C_1_MasterReadByte
                0x00001cec       0x58 .\CortexM3\ARM_GCC_493\Debug\FC_Impresion.a(I2C_1_MASTER.o)
                0x00001cec                I2C_1_MasterReadByte
 .text.I2C_1_MasterClearStatus
                0x00001d44       0x24 .\CortexM3\ARM_GCC_493\Debug\FC_Impresion.a(I2C_1_MASTER.o)
                0x00001d44                I2C_1_MasterClearStatus
 .text.RS232_Init
                0x00001d68       0x44 .\CortexM3\ARM_GCC_493\Debug\FC_Impresion.a(RS232.o)
                0x00001d68                RS232_Init
 .text.RS232_Enable
                0x00001dac       0x44 .\CortexM3\ARM_GCC_493\Debug\FC_Impresion.a(RS232.o)
                0x00001dac                RS232_Enable
 .text.RS232_Start
                0x00001df0       0x1c .\CortexM3\ARM_GCC_493\Debug\FC_Impresion.a(RS232.o)
                0x00001df0                RS232_Start
 .text.RS232_PutChar
                0x00001e0c       0x18 .\CortexM3\ARM_GCC_493\Debug\FC_Impresion.a(RS232.o)
                0x00001e0c                RS232_PutChar
 .text.RS232_PutString
                0x00001e24       0x24 .\CortexM3\ARM_GCC_493\Debug\FC_Impresion.a(RS232.o)
                0x00001e24                RS232_PutString
 .text.RS232_RXISR
                0x00001e48       0x98 .\CortexM3\ARM_GCC_493\Debug\FC_Impresion.a(RS232_INT.o)
                0x00001e48                RS232_RXISR
 .text.Surtidor_Init
                0x00001ee0       0x44 .\CortexM3\ARM_GCC_493\Debug\FC_Impresion.a(Surtidor.o)
                0x00001ee0                Surtidor_Init
 .text.Surtidor_Enable
                0x00001f24       0x44 .\CortexM3\ARM_GCC_493\Debug\FC_Impresion.a(Surtidor.o)
                0x00001f24                Surtidor_Enable
 .text.Surtidor_Start
                0x00001f68       0x1c .\CortexM3\ARM_GCC_493\Debug\FC_Impresion.a(Surtidor.o)
                0x00001f68                Surtidor_Start
 .text.Surtidor_ReadRxData
                0x00001f84       0x64 .\CortexM3\ARM_GCC_493\Debug\FC_Impresion.a(Surtidor.o)
                0x00001f84                Surtidor_ReadRxData
 .text.Surtidor_GetRxBufferSize
                0x00001fe8       0x5c .\CortexM3\ARM_GCC_493\Debug\FC_Impresion.a(Surtidor.o)
                0x00001fe8                Surtidor_GetRxBufferSize
 .text.Surtidor_ClearRxBuffer
                0x00002044       0x44 .\CortexM3\ARM_GCC_493\Debug\FC_Impresion.a(Surtidor.o)
                0x00002044                Surtidor_ClearRxBuffer
 .text.Surtidor_PutChar
                0x00002088       0x18 .\CortexM3\ARM_GCC_493\Debug\FC_Impresion.a(Surtidor.o)
                0x00002088                Surtidor_PutChar
 .text.Surtidor_RXISR
                0x000020a0       0x94 .\CortexM3\ARM_GCC_493\Debug\FC_Impresion.a(Surtidor_INT.o)
                0x000020a0                Surtidor_RXISR
 .text.RS232_IntClock_Start
                0x00002134       0x1c .\CortexM3\ARM_GCC_493\Debug\FC_Impresion.a(RS232_IntClock.o)
                0x00002134                RS232_IntClock_Start
 .text.Surtidor_IntClock_Start
                0x00002150       0x1c .\CortexM3\ARM_GCC_493\Debug\FC_Impresion.a(Surtidor_IntClock.o)
                0x00002150                Surtidor_IntClock_Start
 .text.Select1_RS232_Write
                0x0000216c       0x18 .\CortexM3\ARM_GCC_493\Debug\FC_Impresion.a(Select1_RS232.o)
                0x0000216c                Select1_RS232_Write
 .text.Select0_RS232_Write
                0x00002184       0x18 .\CortexM3\ARM_GCC_493\Debug\FC_Impresion.a(Select0_RS232.o)
                0x00002184                Select0_RS232_Write
 .text.Botones_Read
                0x0000219c       0x10 .\CortexM3\ARM_GCC_493\Debug\FC_Impresion.a(Botones.o)
                0x0000219c                Botones_Read
 .text.EEPROM_Enable
                0x000021ac        0xc .\CortexM3\ARM_GCC_493\Debug\FC_Impresion.a(EEPROM.o)
                0x000021ac                EEPROM_Enable
 .text.EEPROM_Start
                0x000021b8        0x8 .\CortexM3\ARM_GCC_493\Debug\FC_Impresion.a(EEPROM.o)
                0x000021b8                EEPROM_Start
 .text.EEPROM_WriteByte
                0x000021c0       0xd4 .\CortexM3\ARM_GCC_493\Debug\FC_Impresion.a(EEPROM.o)
                0x000021c0                EEPROM_WriteByte
 .text.EEPROM_ReadByte
                0x00002294       0x28 .\CortexM3\ARM_GCC_493\Debug\FC_Impresion.a(EEPROM.o)
                0x00002294                EEPROM_ReadByte
 .text.Led_Write
                0x000022bc       0x18 .\CortexM3\ARM_GCC_493\Debug\FC_Impresion.a(Led.o)
                0x000022bc                Led_Write
 .text.USBUART_Init
                0x000022d4      0x140 .\CortexM3\ARM_GCC_493\Debug\FC_Impresion.a(USBUART.o)
                0x000022d4                USBUART_Init
 .text.USBUART_InitComponent
                0x00002414       0xb8 .\CortexM3\ARM_GCC_493\Debug\FC_Impresion.a(USBUART.o)
                0x00002414                USBUART_InitComponent
 .text.USBUART_Start
                0x000024cc       0x24 .\CortexM3\ARM_GCC_493\Debug\FC_Impresion.a(USBUART.o)
                0x000024cc                USBUART_Start
 .text.USBUART_ReInitComponent
                0x000024f0       0x4c .\CortexM3\ARM_GCC_493\Debug\FC_Impresion.a(USBUART.o)
                0x000024f0                USBUART_ReInitComponent
 .text.USBUART_GetConfiguration
                0x0000253c        0xc .\CortexM3\ARM_GCC_493\Debug\FC_Impresion.a(USBUART.o)
                0x0000253c                USBUART_GetConfiguration
 .text.USBUART_IsConfigurationChanged
                0x00002548       0x20 .\CortexM3\ARM_GCC_493\Debug\FC_Impresion.a(USBUART.o)
                0x00002548                USBUART_IsConfigurationChanged
 .text.USBUART_GetEPState
                0x00002568       0x14 .\CortexM3\ARM_GCC_493\Debug\FC_Impresion.a(USBUART.o)
                0x00002568                USBUART_GetEPState
 .text.USBUART_GetEPCount
                0x0000257c       0x28 .\CortexM3\ARM_GCC_493\Debug\FC_Impresion.a(USBUART.o)
                0x0000257c                USBUART_GetEPCount
 .text.USBUART_LoadInEP
                0x000025a4       0x94 .\CortexM3\ARM_GCC_493\Debug\FC_Impresion.a(USBUART.o)
                0x000025a4                USBUART_LoadInEP
 .text.USBUART_EnableOutEP
                0x00002638       0x2c .\CortexM3\ARM_GCC_493\Debug\FC_Impresion.a(USBUART.o)
                0x00002638                USBUART_EnableOutEP
 .text.USBUART_ReadOutEP
                0x00002664       0x50 .\CortexM3\ARM_GCC_493\Debug\FC_Impresion.a(USBUART.o)
                0x00002664                USBUART_ReadOutEP
 .text.USBUART_StrLen
                0x000026b4       0x14 .\CortexM3\ARM_GCC_493\Debug\FC_Impresion.a(USBUART_cdc.o)
 .text.USBUART_GetInterfaceComPort
                0x000026c8       0x3c .\CortexM3\ARM_GCC_493\Debug\FC_Impresion.a(USBUART_cdc.o)
                0x000026c8                USBUART_GetInterfaceComPort
 .text.USBUART_DispatchCDCClassRqst
                0x00002704       0x98 .\CortexM3\ARM_GCC_493\Debug\FC_Impresion.a(USBUART_cdc.o)
                0x00002704                USBUART_DispatchCDCClassRqst
 .text.USBUART_CDC_Init
                0x0000279c       0x98 .\CortexM3\ARM_GCC_493\Debug\FC_Impresion.a(USBUART_cdc.o)
                0x0000279c                USBUART_CDC_Init
 .text.USBUART_PutData
                0x00002834       0x4c .\CortexM3\ARM_GCC_493\Debug\FC_Impresion.a(USBUART_cdc.o)
                0x00002834                USBUART_PutData
 .text.USBUART_PutString
                0x00002880       0x9c .\CortexM3\ARM_GCC_493\Debug\FC_Impresion.a(USBUART_cdc.o)
                0x00002880                USBUART_PutString
 .text.USBUART_PutChar
                0x0000291c       0x28 .\CortexM3\ARM_GCC_493\Debug\FC_Impresion.a(USBUART_cdc.o)
                0x0000291c                USBUART_PutChar
 .text.USBUART_DataIsReady
                0x00002944       0x18 .\CortexM3\ARM_GCC_493\Debug\FC_Impresion.a(USBUART_cdc.o)
                0x00002944                USBUART_DataIsReady
 .text.USBUART_CDCIsReady
                0x0000295c       0x18 .\CortexM3\ARM_GCC_493\Debug\FC_Impresion.a(USBUART_cdc.o)
                0x0000295c                USBUART_CDCIsReady
 .text.USBUART_GetAll
                0x00002974       0x30 .\CortexM3\ARM_GCC_493\Debug\FC_Impresion.a(USBUART_cdc.o)
                0x00002974                USBUART_GetAll
 .text.USBUART_Cdc_EpInit
                0x000029a4       0x50 .\CortexM3\ARM_GCC_493\Debug\FC_Impresion.a(USBUART_cdc.o)
                0x000029a4                USBUART_Cdc_EpInit
 .text.USBUART_LoadEP0
                0x000029f4       0x94 .\CortexM3\ARM_GCC_493\Debug\FC_Impresion.a(USBUART_drv.o)
                0x000029f4                USBUART_LoadEP0
 .text.USBUART_InitZeroLengthControlTransfer
                0x00002a88       0x34 .\CortexM3\ARM_GCC_493\Debug\FC_Impresion.a(USBUART_drv.o)
                0x00002a88                USBUART_InitZeroLengthControlTransfer
 .text.USBUART_ControlReadDataStage
                0x00002abc        0x8 .\CortexM3\ARM_GCC_493\Debug\FC_Impresion.a(USBUART_drv.o)
                0x00002abc                USBUART_ControlReadDataStage
 .text.USBUART_ControlWriteDataStage
                0x00002ac4       0x80 .\CortexM3\ARM_GCC_493\Debug\FC_Impresion.a(USBUART_drv.o)
                0x00002ac4                USBUART_ControlWriteDataStage
 .text.USBUART_InitNoDataControlTransfer
                0x00002b44       0x2c .\CortexM3\ARM_GCC_493\Debug\FC_Impresion.a(USBUART_drv.o)
                0x00002b44                USBUART_InitNoDataControlTransfer
 .text.USBUART_UpdateStatusBlock
                0x00002b70       0x24 .\CortexM3\ARM_GCC_493\Debug\FC_Impresion.a(USBUART_drv.o)
                0x00002b70                USBUART_UpdateStatusBlock
 .text.USBUART_HandleSetup
                0x00002b94       0x5c .\CortexM3\ARM_GCC_493\Debug\FC_Impresion.a(USBUART_drv.o)
                0x00002b94                USBUART_HandleSetup
 .text.USBUART_ControlReadStatusStage
                0x00002bf0       0x34 .\CortexM3\ARM_GCC_493\Debug\FC_Impresion.a(USBUART_drv.o)
                0x00002bf0                USBUART_ControlReadStatusStage
 .text.USBUART_HandleOUT
                0x00002c24       0x38 .\CortexM3\ARM_GCC_493\Debug\FC_Impresion.a(USBUART_drv.o)
                0x00002c24                USBUART_HandleOUT
 .text.USBUART_ControlWriteStatusStage
                0x00002c5c       0x20 .\CortexM3\ARM_GCC_493\Debug\FC_Impresion.a(USBUART_drv.o)
                0x00002c5c                USBUART_ControlWriteStatusStage
 .text.USBUART_NoDataControlStatusStage
                0x00002c7c       0x40 .\CortexM3\ARM_GCC_493\Debug\FC_Impresion.a(USBUART_drv.o)
                0x00002c7c                USBUART_NoDataControlStatusStage
 .text.USBUART_HandleIN
                0x00002cbc       0x2c .\CortexM3\ARM_GCC_493\Debug\FC_Impresion.a(USBUART_drv.o)
                0x00002cbc                USBUART_HandleIN
 .text.USBUART_EP_0_ISR
                0x00002ce8       0xb8 .\CortexM3\ARM_GCC_493\Debug\FC_Impresion.a(USBUART_drv.o)
                0x00002ce8                USBUART_EP_0_ISR
 .text.USBUART_InitializeStatusBlock
                0x00002da0       0x24 .\CortexM3\ARM_GCC_493\Debug\FC_Impresion.a(USBUART_drv.o)
                0x00002da0                USBUART_InitializeStatusBlock
 .text.USBUART_InitControlRead
                0x00002dc4       0x50 .\CortexM3\ARM_GCC_493\Debug\FC_Impresion.a(USBUART_drv.o)
                0x00002dc4                USBUART_InitControlRead
 .text.USBUART_InitControlWrite
                0x00002e14       0x48 .\CortexM3\ARM_GCC_493\Debug\FC_Impresion.a(USBUART_drv.o)
                0x00002e14                USBUART_InitControlWrite
 .text.USBUART_EP_1_ISR
                0x00002e5c       0x38 .\CortexM3\ARM_GCC_493\Debug\FC_Impresion.a(USBUART_episr.o)
                0x00002e5c                USBUART_EP_1_ISR
 .text.USBUART_EP_2_ISR
                0x00002e94       0x3c .\CortexM3\ARM_GCC_493\Debug\FC_Impresion.a(USBUART_episr.o)
                0x00002e94                USBUART_EP_2_ISR
 .text.USBUART_EP_3_ISR
                0x00002ed0       0x44 .\CortexM3\ARM_GCC_493\Debug\FC_Impresion.a(USBUART_episr.o)
                0x00002ed0                USBUART_EP_3_ISR
 .text.USBUART_SOF_ISR
                0x00002f14        0x4 .\CortexM3\ARM_GCC_493\Debug\FC_Impresion.a(USBUART_episr.o)
                0x00002f14                USBUART_SOF_ISR
 .text.USBUART_BUS_RESET_ISR
                0x00002f18        0x8 .\CortexM3\ARM_GCC_493\Debug\FC_Impresion.a(USBUART_episr.o)
                0x00002f18                USBUART_BUS_RESET_ISR
 .text.USBUART_DP_ISR
                0x00002f20        0x8 .\CortexM3\ARM_GCC_493\Debug\FC_Impresion.a(USBUART_pm.o)
                0x00002f20                USBUART_DP_ISR
 .text.USBUART_ReadDieID
                0x00002f28       0x6c .\CortexM3\ARM_GCC_493\Debug\FC_Impresion.a(USBUART_std.o)
                0x00002f28                USBUART_ReadDieID
 .text.USBUART_ConfigReg
                0x00002f94       0xa4 .\CortexM3\ARM_GCC_493\Debug\FC_Impresion.a(USBUART_std.o)
                0x00002f94                USBUART_ConfigReg
 .text.USBUART_GetConfigTablePtr
                0x00003038       0x28 .\CortexM3\ARM_GCC_493\Debug\FC_Impresion.a(USBUART_std.o)
                0x00003038                USBUART_GetConfigTablePtr
 .text.USBUART_ConfigAltChanged
                0x00003060      0x11c .\CortexM3\ARM_GCC_493\Debug\FC_Impresion.a(USBUART_std.o)
                0x00003060                USBUART_ConfigAltChanged
 .text.USBUART_GetDeviceTablePtr
                0x0000317c       0x18 .\CortexM3\ARM_GCC_493\Debug\FC_Impresion.a(USBUART_std.o)
                0x0000317c                USBUART_GetDeviceTablePtr
 .text.USBUART_GetInterfaceClassTablePtr
                0x00003194       0x24 .\CortexM3\ARM_GCC_493\Debug\FC_Impresion.a(USBUART_std.o)
                0x00003194                USBUART_GetInterfaceClassTablePtr
 .text.USBUART_Config
                0x000031b8      0x1dc .\CortexM3\ARM_GCC_493\Debug\FC_Impresion.a(USBUART_std.o)
                0x000031b8                USBUART_Config
 .text.USBUART_SetEndpointHalt
                0x00003394       0x64 .\CortexM3\ARM_GCC_493\Debug\FC_Impresion.a(USBUART_std.o)
                0x00003394                USBUART_SetEndpointHalt
 .text.USBUART_ClearEndpointHalt
                0x000033f8       0xa8 .\CortexM3\ARM_GCC_493\Debug\FC_Impresion.a(USBUART_std.o)
                0x000033f8                USBUART_ClearEndpointHalt
 .text.USBUART_ValidateAlternateSetting
                0x000034a0       0x4c .\CortexM3\ARM_GCC_493\Debug\FC_Impresion.a(USBUART_std.o)
                0x000034a0                USBUART_ValidateAlternateSetting
 .text.USBUART_HandleStandardRqst
                0x000034ec      0x35c .\CortexM3\ARM_GCC_493\Debug\FC_Impresion.a(USBUART_std.o)
                0x000034ec                USBUART_HandleStandardRqst
 .text.USBUART_HandleVendorRqst
                0x00003848       0x3c .\CortexM3\ARM_GCC_493\Debug\FC_Impresion.a(USBUART_vnd.o)
                0x00003848                USBUART_HandleVendorRqst
 .text.USBUART_Dp_ClearInterrupt
                0x00003884       0x10 .\CortexM3\ARM_GCC_493\Debug\FC_Impresion.a(USBUART_Dp.o)
                0x00003884                USBUART_Dp_ClearInterrupt
 .text.CyFlashGetSpcAlgorithm
                0x00003894       0x4c .\CortexM3\ARM_GCC_493\Debug\FC_Impresion.a(CyFlash.o)
 .text.CySetTempInt
                0x000038e0       0x60 .\CortexM3\ARM_GCC_493\Debug\FC_Impresion.a(CyFlash.o)
 .text.CySetTemp
                0x00003940       0x14 .\CortexM3\ARM_GCC_493\Debug\FC_Impresion.a(CyFlash.o)
                0x00003940                CySetTemp
 .text.CyEEPROM_Start
                0x00003954       0x54 .\CortexM3\ARM_GCC_493\Debug\FC_Impresion.a(CyFlash.o)
                0x00003954                CyEEPROM_Start
 .text.CyEEPROM_ReadReserve
                0x000039a8       0x1c .\CortexM3\ARM_GCC_493\Debug\FC_Impresion.a(CyFlash.o)
                0x000039a8                CyEEPROM_ReadReserve
 .text.CyEEPROM_ReadRelease
                0x000039c4       0x10 .\CortexM3\ARM_GCC_493\Debug\FC_Impresion.a(CyFlash.o)
                0x000039c4                CyEEPROM_ReadRelease
 .text.CySpcStart
                0x000039d4       0x24 .\CortexM3\ARM_GCC_493\Debug\FC_Impresion.a(CySpc.o)
                0x000039d4                CySpcStart
 .text.CySpcReadData
                0x000039f8       0x34 .\CortexM3\ARM_GCC_493\Debug\FC_Impresion.a(CySpc.o)
                0x000039f8                CySpcReadData
 .text.CySpcLoadMultiByte
                0x00003a2c       0x78 .\CortexM3\ARM_GCC_493\Debug\FC_Impresion.a(CySpc.o)
                0x00003a2c                CySpcLoadMultiByte
 .text.CySpcWriteRow
                0x00003aa4       0x4c .\CortexM3\ARM_GCC_493\Debug\FC_Impresion.a(CySpc.o)
                0x00003aa4                CySpcWriteRow
 .text.CySpcGetTemp
                0x00003af0       0x3c .\CortexM3\ARM_GCC_493\Debug\FC_Impresion.a(CySpc.o)
                0x00003af0                CySpcGetTemp
 .text.CySpcLock
                0x00003b2c       0x4c .\CortexM3\ARM_GCC_493\Debug\FC_Impresion.a(CySpc.o)
                0x00003b2c                CySpcLock
 .text.CySpcUnlock
                0x00003b78       0x38 .\CortexM3\ARM_GCC_493\Debug\FC_Impresion.a(CySpc.o)
                0x00003b78                CySpcUnlock
 .text.CySpcGetAlgorithm
                0x00003bb0       0x28 .\CortexM3\ARM_GCC_493\Debug\FC_Impresion.a(CySpc.o)
                0x00003bb0                CySpcGetAlgorithm
 .text.USBUART_DispatchClassRqst
                0x00003bd8       0x58 .\CortexM3\ARM_GCC_493\Debug\FC_Impresion.a(USBUART_cls.o)
                0x00003bd8                USBUART_DispatchClassRqst
 .text.__libc_init_array
                0x00003c30       0x4c c:/program files (x86)/cypress/psoc creator/3.3/psoc creator/import/gnu/arm/4.9.3/bin/../lib/gcc/arm-none-eabi/4.9.3/../../../../arm-none-eabi/lib/armv7-m\libg_nano.a(lib_a-init.o)
                0x00003c30                __libc_init_array
 .text.memcpy   0x00003c7c       0x16 c:/program files (x86)/cypress/psoc creator/3.3/psoc creator/import/gnu/arm/4.9.3/bin/../lib/gcc/arm-none-eabi/4.9.3/../../../../arm-none-eabi/lib/armv7-m\libg_nano.a(lib_a-memcpy.o)
                0x00003c7c                memcpy
 .text.memset   0x00003c92       0x10 c:/program files (x86)/cypress/psoc creator/3.3/psoc creator/import/gnu/arm/4.9.3/bin/../lib/gcc/arm-none-eabi/4.9.3/../../../../arm-none-eabi/lib/armv7-m\libg_nano.a(lib_a-memset.o)
                0x00003c92                memset
 *(.plt)
 *(.gnu.warning)
 *(.glue_7t)
 .glue_7t       0x00000000        0x0 linker stubs
 *(.glue_7)
 .glue_7        0x00000000        0x0 linker stubs
 *(.vfp11_veneer)
 .vfp11_veneer  0x00000000        0x0 linker stubs
 *(.bootloader)
 *(.ARM.extab* .gnu.linkonce.armextab.*)
 *(.gcc_except_table)

.v4_bx          0x00003ca4        0x0
 .v4_bx         0x00000000        0x0 linker stubs

.iplt           0x00003ca4        0x0
 .iplt          0x00000000        0x0 c:/program files (x86)/cypress/psoc creator/3.3/psoc creator/import/gnu/arm/4.9.3/bin/../lib/gcc/arm-none-eabi/4.9.3/armv7-m/crtbegin.o

.eh_frame_hdr
 *(.eh_frame_hdr)

.eh_frame       0x00003ca4        0x4
 *(.eh_frame)
 .eh_frame      0x00003ca4        0x0 c:/program files (x86)/cypress/psoc creator/3.3/psoc creator/import/gnu/arm/4.9.3/bin/../lib/gcc/arm-none-eabi/4.9.3/armv7-m/crtbegin.o
 .eh_frame      0x00003ca4        0x0 c:/program files (x86)/cypress/psoc creator/3.3/psoc creator/import/gnu/arm/4.9.3/bin/../lib/gcc/arm-none-eabi/4.9.3/../../../../arm-none-eabi/lib/armv7-m\libg_nano.a(lib_a-strcmp.o)
                                 0x28 (size before relaxing)
 .eh_frame      0x00003ca4        0x4 c:/program files (x86)/cypress/psoc creator/3.3/psoc creator/import/gnu/arm/4.9.3/bin/../lib/gcc/arm-none-eabi/4.9.3/armv7-m/crtend.o
                0x00003ca8                PROVIDE (__exidx_start, .)

.ARM.exidx
 *(.ARM.exidx* .gnu.linkonce.armexidx.*)
                0x00003ca8                __exidx_end = .

.rodata         0x00003ca8      0x3a0
 *(.rodata .rodata.* .gnu.linkonce.r.*)
 .rodata.str1.4
                0x00003ca8       0xba .\CortexM3\ARM_GCC_493\Debug\main.o
                                 0xbc (size before relaxing)
 *fill*         0x00003d62        0x2 
 .rodata        0x00003d64        0xc .\CortexM3\ARM_GCC_493\Debug\Protocolo.o
 .rodata.str1.4
                0x00003d70       0xb8 .\CortexM3\ARM_GCC_493\Debug\Print.o
 .rodata        0x00003e28       0x38 .\CortexM3\ARM_GCC_493\Debug\FC_Impresion.a(cyfitter_cfg.o)
 .rodata.str1.4
                0x00003e60       0x14 .\CortexM3\ARM_GCC_493\Debug\FC_Impresion.a(USBUART_std.o)
 .rodata        0x00003e74      0x19c .\CortexM3\ARM_GCC_493\Debug\FC_Impresion.a(USBUART_descr.o)
                0x00003e74                USBUART_MSOS_CONFIGURATION_DESCR
                0x00003e9c                USBUART_MSOS_DESCRIPTOR
                0x00003eb0                USBUART_TABLE
                0x00003eb8                USBUART_DEVICE0_TABLE
                0x00003ed0                USBUART_DEVICE0_CONFIGURATION0_TABLE
                0x00003ef8                USBUART_DEVICE0_CONFIGURATION0_INTERFACE_CLASS
                0x00003efc                USBUART_DEVICE0_CONFIGURATION0_EP_SETTINGS_TABLE
                0x00003f14                USBUART_SN_STRING_DESCRIPTOR
                0x00003f18                USBUART_STRING_DESCRIPTORS
                0x00003fb8                USBUART_DEVICE0_CONFIGURATION0_DESCR
                0x00003ffc                USBUART_DEVICE0_DESCR
                0x00004010                . = ALIGN (0x4)
 *(.init)
 .init          0x00004010        0x4 c:/program files (x86)/cypress/psoc creator/3.3/psoc creator/import/gnu/arm/4.9.3/bin/../lib/gcc/arm-none-eabi/4.9.3/armv7-m/crti.o
                0x00004010                _init
 .init          0x00004014        0x8 c:/program files (x86)/cypress/psoc creator/3.3/psoc creator/import/gnu/arm/4.9.3/bin/../lib/gcc/arm-none-eabi/4.9.3/armv7-m/crtn.o
                0x0000401c                . = ALIGN (0x4)
                0x0000401c                __preinit_array_start = .
 *(.preinit_array)
                0x0000401c                __preinit_array_end = .
                0x0000401c                . = ALIGN (0x4)
                0x0000401c                __init_array_start = .
 *(SORT(.init_array.*))
 *(.init_array)
 .init_array    0x0000401c        0x4 c:/program files (x86)/cypress/psoc creator/3.3/psoc creator/import/gnu/arm/4.9.3/bin/../lib/gcc/arm-none-eabi/4.9.3/armv7-m/crtbegin.o
 .init_array    0x00004020        0x4 .\CortexM3\ARM_GCC_493\Debug\Cm3Start.o
                0x00004024                __init_array_end = .
                0x00004024                . = ALIGN (0x4)
 *(.fini)
 .fini          0x00004024        0x4 c:/program files (x86)/cypress/psoc creator/3.3/psoc creator/import/gnu/arm/4.9.3/bin/../lib/gcc/arm-none-eabi/4.9.3/armv7-m/crti.o
                0x00004024                _fini
 .fini          0x00004028        0x8 c:/program files (x86)/cypress/psoc creator/3.3/psoc creator/import/gnu/arm/4.9.3/bin/../lib/gcc/arm-none-eabi/4.9.3/armv7-m/crtn.o
                0x00004030                . = ALIGN (0x4)
                0x00004030                __fini_array_start = .
 *(.fini_array)
 .fini_array    0x00004030        0x4 c:/program files (x86)/cypress/psoc creator/3.3/psoc creator/import/gnu/arm/4.9.3/bin/../lib/gcc/arm-none-eabi/4.9.3/armv7-m/crtbegin.o
 *(SORT(.fini_array.*))
                0x00004034                __fini_array_end = .
                0x00004034                . = ALIGN (0x4)
 *crtbegin.o(.ctors)
 *(EXCLUDE_FILE(*crtend.o) .ctors)
 *(SORT(.ctors.*))
 *crtend.o(.ctors)
                0x00004034                . = ALIGN (0x4)
 *crtbegin.o(.dtors)
 *(EXCLUDE_FILE(*crtend.o) .dtors)
 *(SORT(.dtors.*))
 *crtend.o(.dtors)
                0x00004034                . = ALIGN (0x4)
                0x00004034                __cy_regions = .
                0x00004034        0x4 LONG 0x4048 __cy_region_init_ram
                0x00004038        0x4 LONG 0x1fff8108 __cy_region_start_data
                0x0000403c        0x4 LONG 0x30 __cy_region_init_size_ram
                0x00004040        0x4 LONG 0x5b0 __cy_region_zero_size_ram
                0x00004044                __cy_regions_end = .
                0x00004048                . = ALIGN (0x8)
 *fill*         0x00004044        0x4 
                0x00004048                _etext = .

.cy_checksum_exclude
                0x00004048        0x0
 *(.cy_checksum_exclude)

.ramvectors     0x1fff8000      0x100
                0x1fff8000                __cy_region_start_ram = .
 *(.ramvectors)
 .ramvectors    0x1fff8000      0x100 .\CortexM3\ARM_GCC_493\Debug\Cm3Start.o
                0x1fff8000                CyRamVectors

.noinit         0x1fff8100        0x5
 *(.noinit)
 .noinit        0x1fff8100        0x4 .\CortexM3\ARM_GCC_493\Debug\Cm3Start.o
 .noinit        0x1fff8104        0x1 .\CortexM3\ARM_GCC_493\Debug\FC_Impresion.a(CyLib.o)
                0x1fff8104                CyResetStatus

.data           0x1fff8108       0x30 load address 0x00004048
                0x1fff8108                __cy_region_start_data = .
 *(.jcr)
 .jcr           0x1fff8108        0x0 c:/program files (x86)/cypress/psoc creator/3.3/psoc creator/import/gnu/arm/4.9.3/bin/../lib/gcc/arm-none-eabi/4.9.3/armv7-m/crtbegin.o
 .jcr           0x1fff8108        0x4 c:/program files (x86)/cypress/psoc creator/3.3/psoc creator/import/gnu/arm/4.9.3/bin/../lib/gcc/arm-none-eabi/4.9.3/armv7-m/crtend.o
 *(.got.plt)
 *(.got)
 *(.shdata)
 *(.data .data.* .gnu.linkonce.d.*)
 .data          0x1fff810c       0x10 .\CortexM3\ARM_GCC_493\Debug\FC_Impresion.a(CyLib.o)
                0x1fff810c                cydelay_32k_ms
                0x1fff8110                cydelay_freq_khz
                0x1fff8114                cydelay_freq_mhz
                0x1fff8118                cydelay_freq_hz
 .data          0x1fff811c       0x1c .\CortexM3\ARM_GCC_493\Debug\FC_Impresion.a(USBUART_cdc.o)
                0x1fff811c                USBUART_linesCoding
                0x1fff8138                . = ALIGN (0x8)
 *(.ram)
                0x1fff8138                _edata = .

.igot.plt       0x1fff8138        0x0 load address 0x00004078
 .igot.plt      0x00000000        0x0 c:/program files (x86)/cypress/psoc creator/3.3/psoc creator/import/gnu/arm/4.9.3/bin/../lib/gcc/arm-none-eabi/4.9.3/armv7-m/crtbegin.o

.bss            0x1fff8138      0x5b0 load address 0x00004078
                0x1fff8138                PROVIDE (__bss_start__, .)
 *(.shbss)
 *(.bss .bss.* .gnu.linkonce.b.*)
 .bss           0x1fff8138       0x1c c:/program files (x86)/cypress/psoc creator/3.3/psoc creator/import/gnu/arm/4.9.3/bin/../lib/gcc/arm-none-eabi/4.9.3/armv7-m/crtbegin.o
 .bss           0x1fff8154        0x1 .\CortexM3\ARM_GCC_493\Debug\FC_Impresion.a(I2C_1.o)
                0x1fff8154                I2C_1_initVar
 *fill*         0x1fff8155        0x1 
 .bss           0x1fff8156        0xa .\CortexM3\ARM_GCC_493\Debug\FC_Impresion.a(RS232.o)
                0x1fff8156                RS232_errorStatus
                0x1fff8157                RS232_initVar
                0x1fff8158                RS232_rxBufferRead
                0x1fff815a                RS232_rxBufferWrite
                0x1fff815c                RS232_rxBufferLoopDetect
                0x1fff815d                RS232_rxBufferOverflow
 .bss           0x1fff8160        0x7 .\CortexM3\ARM_GCC_493\Debug\FC_Impresion.a(Surtidor.o)
                0x1fff8160                Surtidor_errorStatus
                0x1fff8161                Surtidor_initVar
                0x1fff8162                Surtidor_rxBufferRead
                0x1fff8163                Surtidor_rxBufferWrite
                0x1fff8164                Surtidor_rxBufferLoopDetect
                0x1fff8165                Surtidor_rxBufferOverflow
 .bss           0x1fff8167        0x1 .\CortexM3\ARM_GCC_493\Debug\FC_Impresion.a(USBUART.o)
                0x1fff8167                USBUART_initVar
 .bss           0x1fff8168        0x1 .\CortexM3\ARM_GCC_493\Debug\FC_Impresion.a(USBUART_cdc.o)
 *fill*         0x1fff8169        0x3 
 .bss           0x1fff816c        0x4 .\CortexM3\ARM_GCC_493\Debug\FC_Impresion.a(USBUART_std.o)
 .bss           0x1fff8170        0x8 .\CortexM3\ARM_GCC_493\Debug\FC_Impresion.a(CySpc.o)
                0x1fff8170                SpcLockState
 *(COMMON)
 COMMON         0x1fff8178      0x27f .\CortexM3\ARM_GCC_493\Debug\main.o
                0x1fff8178                lado2
                0x1fff81d4                km
                0x1fff81d8                hora
                0x1fff81dc                nit
                0x1fff81eb                version
                0x1fff81ec                direccion
                0x1fff8210                lema2
                0x1fff8230                nombre_pro2
                0x1fff8244                id_logo
                0x1fff8246                ppux10
                0x1fff8248                nombre_pro1
                0x1fff825c                rventa2
                0x1fff82c0                telefono
                0x1fff82d4                print1
                0x1fff82d8                nombre_pro3
                0x1fff82ec                fecha
                0x1fff82f0                nombre
                0x1fff8314                print2
                0x1fff8318                lado1
                0x1fff8374                lema1
                0x1fff8394                rventa1
 COMMON         0x1fff83f7        0x1 .\CortexM3\ARM_GCC_493\Debug\FC_Impresion.a(I2C_1.o)
                0x1fff83f7                I2C_1_state
 COMMON         0x1fff83f8       0x11 .\CortexM3\ARM_GCC_493\Debug\FC_Impresion.a(I2C_1_MASTER.o)
                0x1fff83f8                I2C_1_mstrWrBufIndex
                0x1fff83f9                I2C_1_mstrControl
                0x1fff83fa                I2C_1_mstrStatus
                0x1fff83fb                I2C_1_mstrWrBufSize
                0x1fff83fc                I2C_1_mstrRdBufIndex
                0x1fff8400                I2C_1_mstrWrBufPtr
                0x1fff8404                I2C_1_mstrRdBufPtr
                0x1fff8408                I2C_1_mstrRdBufSize
 *fill*         0x1fff8409        0x3 
 COMMON         0x1fff840c      0x100 .\CortexM3\ARM_GCC_493\Debug\FC_Impresion.a(RS232.o)
                0x1fff840c                RS232_rxBuffer
 COMMON         0x1fff850c       0xff .\CortexM3\ARM_GCC_493\Debug\FC_Impresion.a(Surtidor.o)
                0x1fff850c                Surtidor_rxBuffer
 *fill*         0x1fff860b        0x1 
 COMMON         0x1fff860c       0x18 .\CortexM3\ARM_GCC_493\Debug\FC_Impresion.a(USBUART_cdc.o)
                0x1fff860c                USBUART_linesChanged
                0x1fff8610                USBUART_cdcDataInEp
                0x1fff8614                USBUART_cdcCommInInterruptEp
                0x1fff8618                USBUART_cdcDataOutEp
                0x1fff861c                USBUART_serialStateBitmap
                0x1fff8620                USBUART_linesControlBitmap
 COMMON         0x1fff8624       0x9a .\CortexM3\ARM_GCC_493\Debug\FC_Impresion.a(USBUART_drv.o)
                0x1fff8624                USBUART_lastPacketSize
                0x1fff8625                USBUART_device
                0x1fff8626                USBUART_transferByteCount
                0x1fff8628                USBUART_transferState
                0x1fff862c                USBUART_interfaceSettingLast
                0x1fff8630                USBUART_currentTD
                0x1fff863c                USBUART_interfaceNumber
                0x1fff8640                USBUART_interfaceClass
                0x1fff8644                USBUART_configurationChanged
                0x1fff8645                USBUART_ep0Mode
                0x1fff8646                USBUART_deviceAddress
                0x1fff8647                USBUART_configuration
                0x1fff8648                USBUART_ep0Count
                0x1fff8649                USBUART_deviceStatus
                0x1fff864c                USBUART_EP
                0x1fff86b8                USBUART_interfaceSetting
                0x1fff86ba                USBUART_ep0Toggle
                0x1fff86bc                USBUART_interfaceStatus
 *fill*         0x1fff86be        0x2 
 COMMON         0x1fff86c0        0x2 .\CortexM3\ARM_GCC_493\Debug\FC_Impresion.a(CyFlash.o)
                0x1fff86c0                dieTemperature
 *fill*         0x1fff86c2        0x2 
 COMMON         0x1fff86c4       0x22 .\CortexM3\ARM_GCC_493\Debug\FC_Impresion.a(USBUART_descr.o)
                0x1fff86c4                USBUART_idSerialNumberStringDescriptor
                0x1fff86e8                . = ALIGN (0x8)
 *fill*         0x1fff86e6        0x2 
 *(.ram.b)
                0x1fff86e8                _end = .
                0x1fff86e8                __end = .
                0x1fff86e8                PROVIDE (end, .)
                0x1fff86e8                PROVIDE (__bss_end__, .)
                0x00004048                __cy_region_init_ram = LOADADDR (.data)
                0x00000030                __cy_region_init_size_ram = (_edata - ADDR (.data))
                0x000005b0                __cy_region_zero_size_ram = (_end - _edata)

.heap           0x1fff86e8       0x80 load address 0x00004078
                0x1fff86e8                . = _end
                0x1fff8768                . = (. + 0x80)
 *fill*         0x1fff86e8       0x80 
                0x1fff8768                __cy_heap_limit = .

.stack          0x20007800      0x800
                0x20007800                __cy_stack_limit = .
                0x20008000                . = (. + 0x800)
 *fill*         0x20007800      0x800 
                0x00000001                ASSERT ((__cy_stack_limit >= __cy_heap_limit), region RAM overflowed with stack)
                0x00000000                cy_checksum_exclude_size = (CY_APPL_LOADABLE == 0x1)?SIZEOF (.cy_checksum_exclude):0x0
                0x00000001                ASSERT ((cy_checksum_exclude_size <= CY_CHECKSUM_EXCLUDE_SIZE), CY_BOOT: Section .cy_checksum_exclude size exceedes specified limit.)

.cyloadermeta
 *(.cyloadermeta)

.cyloadablemeta
 *(.cyloadablemeta)

.cyconfigecc    0x80000000     0x107c
 *(.cyconfigecc)
 .cyconfigecc   0x80000000     0x107c .\CortexM3\ARM_GCC_493\Debug\cymetadata.o
                0x80000000                cy_meta_configecc

.cycustnvl      0x90000000        0x4
 *(.cycustnvl)
 .cycustnvl     0x90000000        0x4 .\CortexM3\ARM_GCC_493\Debug\cymetadata.o
                0x90000000                cy_meta_custnvl

.cywolatch      0x90100000        0x4
 *(.cywolatch)
 .cywolatch     0x90100000        0x4 .\CortexM3\ARM_GCC_493\Debug\cymetadata.o
                0x90100000                cy_meta_wonvl

.cyeeprom       0x90200000        0x0
 *(.cyeeprom)
                0x00000001                ASSERT ((. <= ((0x90200000 + ee_offset) + ee_size)), .cyeeprom data will not fit in EEPROM)

.cyflashprotect
                0x90400000      0x100
 *(.cyflashprotect)
 .cyflashprotect
                0x90400000      0x100 .\CortexM3\ARM_GCC_493\Debug\cymetadata.o
                0x90400000                cy_meta_flashprotect

.cymeta         0x90500000        0xc
 *(.cymeta)
 .cymeta        0x90500000        0xc .\CortexM3\ARM_GCC_493\Debug\cymetadata.o
                0x90500000                cy_metadata

.rel.dyn        0x00004078        0x0 load address 0x9050000c
 .rel.iplt      0x00000000        0x0 c:/program files (x86)/cypress/psoc creator/3.3/psoc creator/import/gnu/arm/4.9.3/bin/../lib/gcc/arm-none-eabi/4.9.3/armv7-m/crtbegin.o

.stab
 *(.stab)

.stabstr
 *(.stabstr)

.debug
 *(.debug)

.line
 *(.line)

.debug_srcinfo
 *(.debug_srcinfo)

.debug_sfnames
 *(.debug_sfnames)

.debug_aranges  0x00000000      0xf28
 *(.debug_aranges)
 .debug_aranges
                0x00000000       0x48 .\CortexM3\ARM_GCC_493\Debug\main.o
 .debug_aranges
                0x00000048       0x38 .\CortexM3\ARM_GCC_493\Debug\Protocolo.o
 .debug_aranges
                0x00000080       0x20 .\CortexM3\ARM_GCC_493\Debug\Print.o
 .debug_aranges
                0x000000a0       0x38 .\CortexM3\ARM_GCC_493\Debug\i2c.o
 .debug_aranges
                0x000000d8       0x18 .\CortexM3\ARM_GCC_493\Debug\cymetadata.o
 .debug_aranges
                0x000000f0       0x48 .\CortexM3\ARM_GCC_493\Debug\Cm3Start.o
 .debug_aranges
                0x00000138       0x58 .\CortexM3\ARM_GCC_493\Debug\FC_Impresion.a(cyfitter_cfg.o)
 .debug_aranges
                0x00000190       0x20 .\CortexM3\ARM_GCC_493\Debug\FC_Impresion.a(CyBootAsmGnu.o)
 .debug_aranges
                0x000001b0      0x298 .\CortexM3\ARM_GCC_493\Debug\FC_Impresion.a(CyLib.o)
 .debug_aranges
                0x00000448       0x98 .\CortexM3\ARM_GCC_493\Debug\FC_Impresion.a(cyPm.o)
 .debug_aranges
                0x000004e0       0x38 .\CortexM3\ARM_GCC_493\Debug\FC_Impresion.a(I2C_1.o)
 .debug_aranges
                0x00000518       0x20 .\CortexM3\ARM_GCC_493\Debug\FC_Impresion.a(I2C_1_INT.o)
 .debug_aranges
                0x00000538       0x38 .\CortexM3\ARM_GCC_493\Debug\FC_Impresion.a(I2C_1_PM.o)
 .debug_aranges
                0x00000570       0x80 .\CortexM3\ARM_GCC_493\Debug\FC_Impresion.a(I2C_1_MASTER.o)
 .debug_aranges
                0x000005f0       0xf0 .\CortexM3\ARM_GCC_493\Debug\FC_Impresion.a(RS232.o)
 .debug_aranges
                0x000006e0       0x20 .\CortexM3\ARM_GCC_493\Debug\FC_Impresion.a(RS232_INT.o)
 .debug_aranges
                0x00000700       0xf0 .\CortexM3\ARM_GCC_493\Debug\FC_Impresion.a(Surtidor.o)
 .debug_aranges
                0x000007f0       0x20 .\CortexM3\ARM_GCC_493\Debug\FC_Impresion.a(Surtidor_INT.o)
 .debug_aranges
                0x00000810       0x70 .\CortexM3\ARM_GCC_493\Debug\FC_Impresion.a(RS232_IntClock.o)
 .debug_aranges
                0x00000880       0x70 .\CortexM3\ARM_GCC_493\Debug\FC_Impresion.a(Surtidor_IntClock.o)
 .debug_aranges
                0x000008f0       0x38 .\CortexM3\ARM_GCC_493\Debug\FC_Impresion.a(Select1_RS232.o)
 .debug_aranges
                0x00000928       0x38 .\CortexM3\ARM_GCC_493\Debug\FC_Impresion.a(Select0_RS232.o)
 .debug_aranges
                0x00000960       0x38 .\CortexM3\ARM_GCC_493\Debug\FC_Impresion.a(Botones.o)
 .debug_aranges
                0x00000998       0x78 .\CortexM3\ARM_GCC_493\Debug\FC_Impresion.a(EEPROM.o)
 .debug_aranges
                0x00000a10       0x38 .\CortexM3\ARM_GCC_493\Debug\FC_Impresion.a(Led.o)
 .debug_aranges
                0x00000a48       0xc8 .\CortexM3\ARM_GCC_493\Debug\FC_Impresion.a(USBUART.o)
 .debug_aranges
                0x00000b10       0xe8 .\CortexM3\ARM_GCC_493\Debug\FC_Impresion.a(USBUART_cdc.o)
 .debug_aranges
                0x00000bf8       0x98 .\CortexM3\ARM_GCC_493\Debug\FC_Impresion.a(USBUART_drv.o)
 .debug_aranges
                0x00000c90       0x40 .\CortexM3\ARM_GCC_493\Debug\FC_Impresion.a(USBUART_episr.o)
 .debug_aranges
                0x00000cd0       0x40 .\CortexM3\ARM_GCC_493\Debug\FC_Impresion.a(USBUART_pm.o)
 .debug_aranges
                0x00000d10       0x80 .\CortexM3\ARM_GCC_493\Debug\FC_Impresion.a(USBUART_std.o)
 .debug_aranges
                0x00000d90       0x20 .\CortexM3\ARM_GCC_493\Debug\FC_Impresion.a(USBUART_vnd.o)
 .debug_aranges
                0x00000db0       0x48 .\CortexM3\ARM_GCC_493\Debug\FC_Impresion.a(USBUART_Dp.o)
 .debug_aranges
                0x00000df8       0x80 .\CortexM3\ARM_GCC_493\Debug\FC_Impresion.a(CyFlash.o)
 .debug_aranges
                0x00000e78       0x78 .\CortexM3\ARM_GCC_493\Debug\FC_Impresion.a(CySpc.o)
 .debug_aranges
                0x00000ef0       0x20 .\CortexM3\ARM_GCC_493\Debug\FC_Impresion.a(USBUART_cls.o)
 .debug_aranges
                0x00000f10       0x18 .\CortexM3\ARM_GCC_493\Debug\FC_Impresion.a(USBUART_descr.o)

.debug_pubnames
 *(.debug_pubnames)

.debug_info     0x00000000     0xbfd2
 *(.debug_info .gnu.linkonce.wi.*)
 .debug_info    0x00000000     0x131c .\CortexM3\ARM_GCC_493\Debug\main.o
 .debug_info    0x0000131c      0x7ab .\CortexM3\ARM_GCC_493\Debug\Protocolo.o
 .debug_info    0x00001ac7      0xa43 .\CortexM3\ARM_GCC_493\Debug\Print.o
 .debug_info    0x0000250a      0x795 .\CortexM3\ARM_GCC_493\Debug\i2c.o
 .debug_info    0x00002c9f      0x13f .\CortexM3\ARM_GCC_493\Debug\cymetadata.o
 .debug_info    0x00002dde      0x39f .\CortexM3\ARM_GCC_493\Debug\Cm3Start.o
 .debug_info    0x0000317d      0x60d .\CortexM3\ARM_GCC_493\Debug\FC_Impresion.a(cyfitter_cfg.o)
 .debug_info    0x0000378a       0xc8 .\CortexM3\ARM_GCC_493\Debug\FC_Impresion.a(CyBootAsmGnu.o)
 .debug_info    0x00003852     0x136f .\CortexM3\ARM_GCC_493\Debug\FC_Impresion.a(CyLib.o)
 .debug_info    0x00004bc1      0xa57 .\CortexM3\ARM_GCC_493\Debug\FC_Impresion.a(cyPm.o)
 .debug_info    0x00005618      0x2d9 .\CortexM3\ARM_GCC_493\Debug\FC_Impresion.a(I2C_1.o)
 .debug_info    0x000058f1      0x17f .\CortexM3\ARM_GCC_493\Debug\FC_Impresion.a(I2C_1_INT.o)
 .debug_info    0x00005a70      0x1fe .\CortexM3\ARM_GCC_493\Debug\FC_Impresion.a(I2C_1_PM.o)
 .debug_info    0x00005c6e      0x400 .\CortexM3\ARM_GCC_493\Debug\FC_Impresion.a(I2C_1_MASTER.o)
 .debug_info    0x0000606e      0x756 .\CortexM3\ARM_GCC_493\Debug\FC_Impresion.a(RS232.o)
 .debug_info    0x000067c4      0x156 .\CortexM3\ARM_GCC_493\Debug\FC_Impresion.a(RS232_INT.o)
 .debug_info    0x0000691a      0x751 .\CortexM3\ARM_GCC_493\Debug\FC_Impresion.a(Surtidor.o)
 .debug_info    0x0000706b      0x145 .\CortexM3\ARM_GCC_493\Debug\FC_Impresion.a(Surtidor_INT.o)
 .debug_info    0x000071b0      0x283 .\CortexM3\ARM_GCC_493\Debug\FC_Impresion.a(RS232_IntClock.o)
 .debug_info    0x00007433      0x283 .\CortexM3\ARM_GCC_493\Debug\FC_Impresion.a(Surtidor_IntClock.o)
 .debug_info    0x000076b6      0x11f .\CortexM3\ARM_GCC_493\Debug\FC_Impresion.a(Select1_RS232.o)
 .debug_info    0x000077d5      0x121 .\CortexM3\ARM_GCC_493\Debug\FC_Impresion.a(Select0_RS232.o)
 .debug_info    0x000078f6      0x11f .\CortexM3\ARM_GCC_493\Debug\FC_Impresion.a(Botones.o)
 .debug_info    0x00007a15      0x668 .\CortexM3\ARM_GCC_493\Debug\FC_Impresion.a(EEPROM.o)
 .debug_info    0x0000807d      0x11f .\CortexM3\ARM_GCC_493\Debug\FC_Impresion.a(Led.o)
 .debug_info    0x0000819c      0x9aa .\CortexM3\ARM_GCC_493\Debug\FC_Impresion.a(USBUART.o)
 .debug_info    0x00008b46      0xb16 .\CortexM3\ARM_GCC_493\Debug\FC_Impresion.a(USBUART_cdc.o)
 .debug_info    0x0000965c      0x649 .\CortexM3\ARM_GCC_493\Debug\FC_Impresion.a(USBUART_drv.o)
 .debug_info    0x00009ca5      0x244 .\CortexM3\ARM_GCC_493\Debug\FC_Impresion.a(USBUART_episr.o)
 .debug_info    0x00009ee9      0x2ef .\CortexM3\ARM_GCC_493\Debug\FC_Impresion.a(USBUART_pm.o)
 .debug_info    0x0000a1d8      0xb45 .\CortexM3\ARM_GCC_493\Debug\FC_Impresion.a(USBUART_std.o)
 .debug_info    0x0000ad1d      0x1b2 .\CortexM3\ARM_GCC_493\Debug\FC_Impresion.a(USBUART_vnd.o)
 .debug_info    0x0000aecf      0x174 .\CortexM3\ARM_GCC_493\Debug\FC_Impresion.a(USBUART_Dp.o)
 .debug_info    0x0000b043      0x608 .\CortexM3\ARM_GCC_493\Debug\FC_Impresion.a(CyFlash.o)
 .debug_info    0x0000b64b      0x4ea .\CortexM3\ARM_GCC_493\Debug\FC_Impresion.a(CySpc.o)
 .debug_info    0x0000bb35      0x1d2 .\CortexM3\ARM_GCC_493\Debug\FC_Impresion.a(USBUART_cls.o)
 .debug_info    0x0000bd07      0x2cb .\CortexM3\ARM_GCC_493\Debug\FC_Impresion.a(USBUART_descr.o)

.debug_abbrev   0x00000000     0x3175
 *(.debug_abbrev)
 .debug_abbrev  0x00000000      0x282 .\CortexM3\ARM_GCC_493\Debug\main.o
 .debug_abbrev  0x00000282      0x182 .\CortexM3\ARM_GCC_493\Debug\Protocolo.o
 .debug_abbrev  0x00000404      0x195 .\CortexM3\ARM_GCC_493\Debug\Print.o
 .debug_abbrev  0x00000599      0x199 .\CortexM3\ARM_GCC_493\Debug\i2c.o
 .debug_abbrev  0x00000732       0x77 .\CortexM3\ARM_GCC_493\Debug\cymetadata.o
 .debug_abbrev  0x000007a9      0x200 .\CortexM3\ARM_GCC_493\Debug\Cm3Start.o
 .debug_abbrev  0x000009a9      0x212 .\CortexM3\ARM_GCC_493\Debug\FC_Impresion.a(cyfitter_cfg.o)
 .debug_abbrev  0x00000bbb       0x14 .\CortexM3\ARM_GCC_493\Debug\FC_Impresion.a(CyBootAsmGnu.o)
 .debug_abbrev  0x00000bcf      0x296 .\CortexM3\ARM_GCC_493\Debug\FC_Impresion.a(CyLib.o)
 .debug_abbrev  0x00000e65      0x1ed .\CortexM3\ARM_GCC_493\Debug\FC_Impresion.a(cyPm.o)
 .debug_abbrev  0x00001052      0x15c .\CortexM3\ARM_GCC_493\Debug\FC_Impresion.a(I2C_1.o)
 .debug_abbrev  0x000011ae       0xbd .\CortexM3\ARM_GCC_493\Debug\FC_Impresion.a(I2C_1_INT.o)
 .debug_abbrev  0x0000126b      0x12b .\CortexM3\ARM_GCC_493\Debug\FC_Impresion.a(I2C_1_PM.o)
 .debug_abbrev  0x00001396      0x13c .\CortexM3\ARM_GCC_493\Debug\FC_Impresion.a(I2C_1_MASTER.o)
 .debug_abbrev  0x000014d2      0x1b8 .\CortexM3\ARM_GCC_493\Debug\FC_Impresion.a(RS232.o)
 .debug_abbrev  0x0000168a       0x8a .\CortexM3\ARM_GCC_493\Debug\FC_Impresion.a(RS232_INT.o)
 .debug_abbrev  0x00001714      0x1b8 .\CortexM3\ARM_GCC_493\Debug\FC_Impresion.a(Surtidor.o)
 .debug_abbrev  0x000018cc       0x8a .\CortexM3\ARM_GCC_493\Debug\FC_Impresion.a(Surtidor_INT.o)
 .debug_abbrev  0x00001956      0x139 .\CortexM3\ARM_GCC_493\Debug\FC_Impresion.a(RS232_IntClock.o)
 .debug_abbrev  0x00001a8f      0x139 .\CortexM3\ARM_GCC_493\Debug\FC_Impresion.a(Surtidor_IntClock.o)
 .debug_abbrev  0x00001bc8       0x90 .\CortexM3\ARM_GCC_493\Debug\FC_Impresion.a(Select1_RS232.o)
 .debug_abbrev  0x00001c58       0x90 .\CortexM3\ARM_GCC_493\Debug\FC_Impresion.a(Select0_RS232.o)
 .debug_abbrev  0x00001ce8       0x90 .\CortexM3\ARM_GCC_493\Debug\FC_Impresion.a(Botones.o)
 .debug_abbrev  0x00001d78      0x1a3 .\CortexM3\ARM_GCC_493\Debug\FC_Impresion.a(EEPROM.o)
 .debug_abbrev  0x00001f1b       0x90 .\CortexM3\ARM_GCC_493\Debug\FC_Impresion.a(Led.o)
 .debug_abbrev  0x00001fab      0x25e .\CortexM3\ARM_GCC_493\Debug\FC_Impresion.a(USBUART.o)
 .debug_abbrev  0x00002209      0x28b .\CortexM3\ARM_GCC_493\Debug\FC_Impresion.a(USBUART_cdc.o)
 .debug_abbrev  0x00002494      0x18b .\CortexM3\ARM_GCC_493\Debug\FC_Impresion.a(USBUART_drv.o)
 .debug_abbrev  0x0000261f      0x11b .\CortexM3\ARM_GCC_493\Debug\FC_Impresion.a(USBUART_episr.o)
 .debug_abbrev  0x0000273a      0x146 .\CortexM3\ARM_GCC_493\Debug\FC_Impresion.a(USBUART_pm.o)
 .debug_abbrev  0x00002880      0x23d .\CortexM3\ARM_GCC_493\Debug\FC_Impresion.a(USBUART_std.o)
 .debug_abbrev  0x00002abd       0xe3 .\CortexM3\ARM_GCC_493\Debug\FC_Impresion.a(USBUART_vnd.o)
 .debug_abbrev  0x00002ba0       0x90 .\CortexM3\ARM_GCC_493\Debug\FC_Impresion.a(USBUART_Dp.o)
 .debug_abbrev  0x00002c30      0x1ed .\CortexM3\ARM_GCC_493\Debug\FC_Impresion.a(CyFlash.o)
 .debug_abbrev  0x00002e1d      0x1c1 .\CortexM3\ARM_GCC_493\Debug\FC_Impresion.a(CySpc.o)
 .debug_abbrev  0x00002fde       0xe3 .\CortexM3\ARM_GCC_493\Debug\FC_Impresion.a(USBUART_cls.o)
 .debug_abbrev  0x000030c1       0xb4 .\CortexM3\ARM_GCC_493\Debug\FC_Impresion.a(USBUART_descr.o)

.debug_line     0x00000000     0x462b
 *(.debug_line)
 .debug_line    0x00000000      0x51e .\CortexM3\ARM_GCC_493\Debug\main.o
 .debug_line    0x0000051e      0x371 .\CortexM3\ARM_GCC_493\Debug\Protocolo.o
 .debug_line    0x0000088f      0x2e6 .\CortexM3\ARM_GCC_493\Debug\Print.o
 .debug_line    0x00000b75      0x246 .\CortexM3\ARM_GCC_493\Debug\i2c.o
 .debug_line    0x00000dbb       0x53 .\CortexM3\ARM_GCC_493\Debug\cymetadata.o
 .debug_line    0x00000e0e      0x249 .\CortexM3\ARM_GCC_493\Debug\Cm3Start.o
 .debug_line    0x00001057      0x206 .\CortexM3\ARM_GCC_493\Debug\FC_Impresion.a(cyfitter_cfg.o)
 .debug_line    0x0000125d       0x68 .\CortexM3\ARM_GCC_493\Debug\FC_Impresion.a(CyBootAsmGnu.o)
 .debug_line    0x000012c5      0x806 .\CortexM3\ARM_GCC_493\Debug\FC_Impresion.a(CyLib.o)
 .debug_line    0x00001acb      0x366 .\CortexM3\ARM_GCC_493\Debug\FC_Impresion.a(cyPm.o)
 .debug_line    0x00001e31       0xe1 .\CortexM3\ARM_GCC_493\Debug\FC_Impresion.a(I2C_1.o)
 .debug_line    0x00001f12      0x11a .\CortexM3\ARM_GCC_493\Debug\FC_Impresion.a(I2C_1_INT.o)
 .debug_line    0x0000202c       0xc1 .\CortexM3\ARM_GCC_493\Debug\FC_Impresion.a(I2C_1_PM.o)
 .debug_line    0x000020ed      0x203 .\CortexM3\ARM_GCC_493\Debug\FC_Impresion.a(I2C_1_MASTER.o)
 .debug_line    0x000022f0      0x306 .\CortexM3\ARM_GCC_493\Debug\FC_Impresion.a(RS232.o)
 .debug_line    0x000025f6       0x85 .\CortexM3\ARM_GCC_493\Debug\FC_Impresion.a(RS232_INT.o)
 .debug_line    0x0000267b      0x30c .\CortexM3\ARM_GCC_493\Debug\FC_Impresion.a(Surtidor.o)
 .debug_line    0x00002987       0x8a .\CortexM3\ARM_GCC_493\Debug\FC_Impresion.a(Surtidor_INT.o)
 .debug_line    0x00002a11      0x196 .\CortexM3\ARM_GCC_493\Debug\FC_Impresion.a(RS232_IntClock.o)
 .debug_line    0x00002ba7      0x199 .\CortexM3\ARM_GCC_493\Debug\FC_Impresion.a(Surtidor_IntClock.o)
 .debug_line    0x00002d40       0x9c .\CortexM3\ARM_GCC_493\Debug\FC_Impresion.a(Select1_RS232.o)
 .debug_line    0x00002ddc       0x9c .\CortexM3\ARM_GCC_493\Debug\FC_Impresion.a(Select0_RS232.o)
 .debug_line    0x00002e78       0x97 .\CortexM3\ARM_GCC_493\Debug\FC_Impresion.a(Botones.o)
 .debug_line    0x00002f0f      0x266 .\CortexM3\ARM_GCC_493\Debug\FC_Impresion.a(EEPROM.o)
 .debug_line    0x00003175       0x92 .\CortexM3\ARM_GCC_493\Debug\FC_Impresion.a(Led.o)
 .debug_line    0x00003207      0x2ca .\CortexM3\ARM_GCC_493\Debug\FC_Impresion.a(USBUART.o)
 .debug_line    0x000034d1      0x2f4 .\CortexM3\ARM_GCC_493\Debug\FC_Impresion.a(USBUART_cdc.o)
 .debug_line    0x000037c5      0x223 .\CortexM3\ARM_GCC_493\Debug\FC_Impresion.a(USBUART_drv.o)
 .debug_line    0x000039e8       0xe8 .\CortexM3\ARM_GCC_493\Debug\FC_Impresion.a(USBUART_episr.o)
 .debug_line    0x00003ad0      0x110 .\CortexM3\ARM_GCC_493\Debug\FC_Impresion.a(USBUART_pm.o)
 .debug_line    0x00003be0      0x3e0 .\CortexM3\ARM_GCC_493\Debug\FC_Impresion.a(USBUART_std.o)
 .debug_line    0x00003fc0       0x8d .\CortexM3\ARM_GCC_493\Debug\FC_Impresion.a(USBUART_vnd.o)
 .debug_line    0x0000404d       0xbd .\CortexM3\ARM_GCC_493\Debug\FC_Impresion.a(USBUART_Dp.o)
 .debug_line    0x0000410a      0x1ec .\CortexM3\ARM_GCC_493\Debug\FC_Impresion.a(CyFlash.o)
 .debug_line    0x000042f6      0x23e .\CortexM3\ARM_GCC_493\Debug\FC_Impresion.a(CySpc.o)
 .debug_line    0x00004534       0x94 .\CortexM3\ARM_GCC_493\Debug\FC_Impresion.a(USBUART_cls.o)
 .debug_line    0x000045c8       0x63 .\CortexM3\ARM_GCC_493\Debug\FC_Impresion.a(USBUART_descr.o)

.debug_frame    0x00000000     0x2b48
 *(.debug_frame)
 .debug_frame   0x00000000       0xdc .\CortexM3\ARM_GCC_493\Debug\main.o
 .debug_frame   0x000000dc       0x88 .\CortexM3\ARM_GCC_493\Debug\Protocolo.o
 .debug_frame   0x00000164       0x3c .\CortexM3\ARM_GCC_493\Debug\Print.o
 .debug_frame   0x000001a0       0x90 .\CortexM3\ARM_GCC_493\Debug\i2c.o
 .debug_frame   0x00000230       0xac .\CortexM3\ARM_GCC_493\Debug\Cm3Start.o
 .debug_frame   0x000002dc       0xe0 .\CortexM3\ARM_GCC_493\Debug\FC_Impresion.a(cyfitter_cfg.o)
 .debug_frame   0x000003bc      0x728 .\CortexM3\ARM_GCC_493\Debug\FC_Impresion.a(CyLib.o)
 .debug_frame   0x00000ae4      0x1f8 .\CortexM3\ARM_GCC_493\Debug\FC_Impresion.a(cyPm.o)
 .debug_frame   0x00000cdc       0x90 .\CortexM3\ARM_GCC_493\Debug\FC_Impresion.a(I2C_1.o)
 .debug_frame   0x00000d6c       0x30 .\CortexM3\ARM_GCC_493\Debug\FC_Impresion.a(I2C_1_INT.o)
 .debug_frame   0x00000d9c       0x74 .\CortexM3\ARM_GCC_493\Debug\FC_Impresion.a(I2C_1_PM.o)
 .debug_frame   0x00000e10      0x138 .\CortexM3\ARM_GCC_493\Debug\FC_Impresion.a(I2C_1_MASTER.o)
 .debug_frame   0x00000f48      0x25c .\CortexM3\ARM_GCC_493\Debug\FC_Impresion.a(RS232.o)
 .debug_frame   0x000011a4       0x20 .\CortexM3\ARM_GCC_493\Debug\FC_Impresion.a(RS232_INT.o)
 .debug_frame   0x000011c4      0x25c .\CortexM3\ARM_GCC_493\Debug\FC_Impresion.a(Surtidor.o)
 .debug_frame   0x00001420       0x20 .\CortexM3\ARM_GCC_493\Debug\FC_Impresion.a(Surtidor_INT.o)
 .debug_frame   0x00001440       0xe0 .\CortexM3\ARM_GCC_493\Debug\FC_Impresion.a(RS232_IntClock.o)
 .debug_frame   0x00001520       0xe0 .\CortexM3\ARM_GCC_493\Debug\FC_Impresion.a(Surtidor_IntClock.o)
 .debug_frame   0x00001600       0x50 .\CortexM3\ARM_GCC_493\Debug\FC_Impresion.a(Select1_RS232.o)
 .debug_frame   0x00001650       0x50 .\CortexM3\ARM_GCC_493\Debug\FC_Impresion.a(Select0_RS232.o)
 .debug_frame   0x000016a0       0x50 .\CortexM3\ARM_GCC_493\Debug\FC_Impresion.a(Botones.o)
 .debug_frame   0x000016f0      0x17c .\CortexM3\ARM_GCC_493\Debug\FC_Impresion.a(EEPROM.o)
 .debug_frame   0x0000186c       0x50 .\CortexM3\ARM_GCC_493\Debug\FC_Impresion.a(Led.o)
 .debug_frame   0x000018bc      0x1dc .\CortexM3\ARM_GCC_493\Debug\FC_Impresion.a(USBUART.o)
 .debug_frame   0x00001a98      0x278 .\CortexM3\ARM_GCC_493\Debug\FC_Impresion.a(USBUART_cdc.o)
 .debug_frame   0x00001d10      0x194 .\CortexM3\ARM_GCC_493\Debug\FC_Impresion.a(USBUART_drv.o)
 .debug_frame   0x00001ea4       0x6c .\CortexM3\ARM_GCC_493\Debug\FC_Impresion.a(USBUART_episr.o)
 .debug_frame   0x00001f10       0xa0 .\CortexM3\ARM_GCC_493\Debug\FC_Impresion.a(USBUART_pm.o)
 .debug_frame   0x00001fb0      0x17c .\CortexM3\ARM_GCC_493\Debug\FC_Impresion.a(USBUART_std.o)
 .debug_frame   0x0000212c       0x2c .\CortexM3\ARM_GCC_493\Debug\FC_Impresion.a(USBUART_vnd.o)
 .debug_frame   0x00002158       0x70 .\CortexM3\ARM_GCC_493\Debug\FC_Impresion.a(USBUART_Dp.o)
 .debug_frame   0x000021c8      0x174 .\CortexM3\ARM_GCC_493\Debug\FC_Impresion.a(CyFlash.o)
 .debug_frame   0x0000233c      0x160 .\CortexM3\ARM_GCC_493\Debug\FC_Impresion.a(CySpc.o)
 .debug_frame   0x0000249c       0x2c .\CortexM3\ARM_GCC_493\Debug\FC_Impresion.a(USBUART_cls.o)
 .debug_frame   0x000024c8       0x20 c:/program files (x86)/cypress/psoc creator/3.3/psoc creator/import/gnu/arm/4.9.3/bin/../lib/gcc/arm-none-eabi/4.9.3/../../../../arm-none-eabi/lib/armv7-m\libg_nano.a(lib_a-errno.o)
 .debug_frame   0x000024e8       0x28 c:/program files (x86)/cypress/psoc creator/3.3/psoc creator/import/gnu/arm/4.9.3/bin/../lib/gcc/arm-none-eabi/4.9.3/../../../../arm-none-eabi/lib/armv7-m\libg_nano.a(lib_a-exit.o)
 .debug_frame   0x00002510       0x2c c:/program files (x86)/cypress/psoc creator/3.3/psoc creator/import/gnu/arm/4.9.3/bin/../lib/gcc/arm-none-eabi/4.9.3/../../../../arm-none-eabi/lib/armv7-m\libg_nano.a(lib_a-init.o)
 .debug_frame   0x0000253c       0x28 c:/program files (x86)/cypress/psoc creator/3.3/psoc creator/import/gnu/arm/4.9.3/bin/../lib/gcc/arm-none-eabi/4.9.3/../../../../arm-none-eabi/lib/armv7-m\libg_nano.a(lib_a-memcpy.o)
 .debug_frame   0x00002564       0x20 c:/program files (x86)/cypress/psoc creator/3.3/psoc creator/import/gnu/arm/4.9.3/bin/../lib/gcc/arm-none-eabi/4.9.3/../../../../arm-none-eabi/lib/armv7-m\libg_nano.a(lib_a-memset.o)
 .debug_frame   0x00002584       0x8c c:/program files (x86)/cypress/psoc creator/3.3/psoc creator/import/gnu/arm/4.9.3/bin/../lib/gcc/arm-none-eabi/4.9.3/../../../../arm-none-eabi/lib/armv7-m\libg_nano.a(lib_a-nano-vfprintf_float.o)
 .debug_frame   0x00002610       0x58 c:/program files (x86)/cypress/psoc creator/3.3/psoc creator/import/gnu/arm/4.9.3/bin/../lib/gcc/arm-none-eabi/4.9.3/../../../../arm-none-eabi/lib/armv7-m\libg_nano.a(lib_a-nano-vfprintf_i.o)
 .debug_frame   0x00002668       0x28 c:/program files (x86)/cypress/psoc creator/3.3/psoc creator/import/gnu/arm/4.9.3/bin/../lib/gcc/arm-none-eabi/4.9.3/../../../../arm-none-eabi/lib/armv7-m\libg_nano.a(lib_a-s_fpclassify.o)
 .debug_frame   0x00002690       0x20 c:/program files (x86)/cypress/psoc creator/3.3/psoc creator/import/gnu/arm/4.9.3/bin/../lib/gcc/arm-none-eabi/4.9.3/../../../../arm-none-eabi/lib/armv7-m\libg_nano.a(lib_a-strlen.o)
 .debug_frame   0x000026b0       0x6c c:/program files (x86)/cypress/psoc creator/3.3/psoc creator/import/gnu/arm/4.9.3/bin/../lib/gcc/arm-none-eabi/4.9.3/../../../../arm-none-eabi/lib/armv7-m\libg_nano.a(lib_a-dtoa.o)
 .debug_frame   0x0000271c       0x98 c:/program files (x86)/cypress/psoc creator/3.3/psoc creator/import/gnu/arm/4.9.3/bin/../lib/gcc/arm-none-eabi/4.9.3/../../../../arm-none-eabi/lib/armv7-m\libg_nano.a(lib_a-locale.o)
 .debug_frame   0x000027b4       0x30 c:/program files (x86)/cypress/psoc creator/3.3/psoc creator/import/gnu/arm/4.9.3/bin/../lib/gcc/arm-none-eabi/4.9.3/../../../../arm-none-eabi/lib/armv7-m\libg_nano.a(lib_a-malloc.o)
 .debug_frame   0x000027e4       0x28 c:/program files (x86)/cypress/psoc creator/3.3/psoc creator/import/gnu/arm/4.9.3/bin/../lib/gcc/arm-none-eabi/4.9.3/../../../../arm-none-eabi/lib/armv7-m\libg_nano.a(lib_a-memchr.o)
 .debug_frame   0x0000280c      0x230 c:/program files (x86)/cypress/psoc creator/3.3/psoc creator/import/gnu/arm/4.9.3/bin/../lib/gcc/arm-none-eabi/4.9.3/../../../../arm-none-eabi/lib/armv7-m\libg_nano.a(lib_a-mprec.o)
 .debug_frame   0x00002a3c       0x2c c:/program files (x86)/cypress/psoc creator/3.3/psoc creator/import/gnu/arm/4.9.3/bin/../lib/gcc/arm-none-eabi/4.9.3/../../../../arm-none-eabi/lib/armv7-m\libg_nano.a(lib_a-nano-callocr.o)
 .debug_frame   0x00002a68       0x2c c:/program files (x86)/cypress/psoc creator/3.3/psoc creator/import/gnu/arm/4.9.3/bin/../lib/gcc/arm-none-eabi/4.9.3/../../../../arm-none-eabi/lib/armv7-m\libg_nano.a(lib_a-nano-freer.o)
 .debug_frame   0x00002a94       0x2c c:/program files (x86)/cypress/psoc creator/3.3/psoc creator/import/gnu/arm/4.9.3/bin/../lib/gcc/arm-none-eabi/4.9.3/../../../../arm-none-eabi/lib/armv7-m\libg_nano.a(lib_a-nano-mallocr.o)
 .debug_frame   0x00002ac0       0x2c c:/program files (x86)/cypress/psoc creator/3.3/psoc creator/import/gnu/arm/4.9.3/bin/../lib/gcc/arm-none-eabi/4.9.3/../../../../arm-none-eabi/lib/armv7-m\libg_nano.a(lib_a-sbrkr.o)
 .debug_frame   0x00002aec       0x5c c:/program files (x86)/cypress/psoc creator/3.3/psoc creator/import/gnu/arm/4.9.3/bin/../lib/gcc/arm-none-eabi/4.9.3/../../../../arm-none-eabi/lib/armv7-m\libg_nano.a(lib_a-reent.o)

.debug_str      0x00000000     0x36eb
 *(.debug_str)
 .debug_str     0x00000000      0x4fb .\CortexM3\ARM_GCC_493\Debug\main.o
                                0x570 (size before relaxing)
 .debug_str     0x000004fb       0x85 .\CortexM3\ARM_GCC_493\Debug\Protocolo.o
                                0x3cf (size before relaxing)
 .debug_str     0x00000580       0x2b .\CortexM3\ARM_GCC_493\Debug\Print.o
                                0x34f (size before relaxing)
 .debug_str     0x000005ab       0x7b .\CortexM3\ARM_GCC_493\Debug\i2c.o
                                0x3bd (size before relaxing)
 .debug_str     0x00000626       0x77 .\CortexM3\ARM_GCC_493\Debug\cymetadata.o
                                0x222 (size before relaxing)
 .debug_str     0x0000069d      0x154 .\CortexM3\ARM_GCC_493\Debug\Cm3Start.o
                                0x336 (size before relaxing)
 .debug_str     0x000007f1      0x18b .\CortexM3\ARM_GCC_493\Debug\FC_Impresion.a(cyfitter_cfg.o)
                                0x370 (size before relaxing)
 .debug_str     0x0000097c      0x821 .\CortexM3\ARM_GCC_493\Debug\FC_Impresion.a(CyLib.o)
                                0xa5b (size before relaxing)
 .debug_str     0x0000119d      0x35b .\CortexM3\ARM_GCC_493\Debug\FC_Impresion.a(cyPm.o)
                                0x753 (size before relaxing)
 .debug_str     0x000014f8       0xf1 .\CortexM3\ARM_GCC_493\Debug\FC_Impresion.a(I2C_1.o)
                                0x332 (size before relaxing)
 .debug_str     0x000015e9       0x96 .\CortexM3\ARM_GCC_493\Debug\FC_Impresion.a(I2C_1_INT.o)
                                0x2a1 (size before relaxing)
 .debug_str     0x0000167f       0x62 .\CortexM3\ARM_GCC_493\Debug\FC_Impresion.a(I2C_1_PM.o)
                                0x2bb (size before relaxing)
 .debug_str     0x000016e1      0x120 .\CortexM3\ARM_GCC_493\Debug\FC_Impresion.a(I2C_1_MASTER.o)
                                0x3fe (size before relaxing)
 .debug_str     0x00001801      0x340 .\CortexM3\ARM_GCC_493\Debug\FC_Impresion.a(RS232.o)
                                0x5a2 (size before relaxing)
 .debug_str     0x00001b41       0x57 .\CortexM3\ARM_GCC_493\Debug\FC_Impresion.a(RS232_INT.o)
                                0x286 (size before relaxing)
 .debug_str     0x00001b98      0x2b9 .\CortexM3\ARM_GCC_493\Debug\FC_Impresion.a(Surtidor.o)
                                0x611 (size before relaxing)
 .debug_str     0x00001e51       0x37 .\CortexM3\ARM_GCC_493\Debug\FC_Impresion.a(Surtidor_INT.o)
                                0x297 (size before relaxing)
 .debug_str     0x00001e88      0x18f .\CortexM3\ARM_GCC_493\Debug\FC_Impresion.a(RS232_IntClock.o)
                                0x37a (size before relaxing)
 .debug_str     0x00002017      0x162 .\CortexM3\ARM_GCC_493\Debug\FC_Impresion.a(Surtidor_IntClock.o)
                                0x39e (size before relaxing)
 .debug_str     0x00002179       0x7c .\CortexM3\ARM_GCC_493\Debug\FC_Impresion.a(Select1_RS232.o)
                                0x242 (size before relaxing)
 .debug_str     0x000021f5       0x71 .\CortexM3\ARM_GCC_493\Debug\FC_Impresion.a(Select0_RS232.o)
                                0x242 (size before relaxing)
 .debug_str     0x00002266       0x5a .\CortexM3\ARM_GCC_493\Debug\FC_Impresion.a(Botones.o)
                                0x224 (size before relaxing)
 .debug_str     0x000022c0      0x1a9 .\CortexM3\ARM_GCC_493\Debug\FC_Impresion.a(EEPROM.o)
                                0x3ee (size before relaxing)
 .debug_str     0x00002469       0x49 .\CortexM3\ARM_GCC_493\Debug\FC_Impresion.a(Led.o)
                                0x210 (size before relaxing)
 .debug_str     0x000024b2      0x3d5 .\CortexM3\ARM_GCC_493\Debug\FC_Impresion.a(USBUART.o)
                                0x689 (size before relaxing)
 .debug_str     0x00002887      0x484 .\CortexM3\ARM_GCC_493\Debug\FC_Impresion.a(USBUART_cdc.o)
                                0x7fd (size before relaxing)
 .debug_str     0x00002d0b      0x293 .\CortexM3\ARM_GCC_493\Debug\FC_Impresion.a(USBUART_drv.o)
                                0x674 (size before relaxing)
 .debug_str     0x00002f9e       0x82 .\CortexM3\ARM_GCC_493\Debug\FC_Impresion.a(USBUART_episr.o)
                                0x30b (size before relaxing)
 .debug_str     0x00003020       0xe2 .\CortexM3\ARM_GCC_493\Debug\FC_Impresion.a(USBUART_pm.o)
                                0x323 (size before relaxing)
 .debug_str     0x00003102      0x273 .\CortexM3\ARM_GCC_493\Debug\FC_Impresion.a(USBUART_std.o)
                                0x7fb (size before relaxing)
 .debug_str     0x00003375       0x48 .\CortexM3\ARM_GCC_493\Debug\FC_Impresion.a(USBUART_vnd.o)
                                0x2bb (size before relaxing)
 .debug_str     0x000033bd       0x9b .\CortexM3\ARM_GCC_493\Debug\FC_Impresion.a(USBUART_Dp.o)
                                0x279 (size before relaxing)
 .debug_str     0x00003458       0xf6 .\CortexM3\ARM_GCC_493\Debug\FC_Impresion.a(CyFlash.o)
                                0x3cd (size before relaxing)
 .debug_str     0x0000354e       0x70 .\CortexM3\ARM_GCC_493\Debug\FC_Impresion.a(CySpc.o)
                                0x356 (size before relaxing)
 .debug_str     0x000035be       0x27 .\CortexM3\ARM_GCC_493\Debug\FC_Impresion.a(USBUART_cls.o)
                                0x2d8 (size before relaxing)
 .debug_str     0x000035e5      0x106 .\CortexM3\ARM_GCC_493\Debug\FC_Impresion.a(USBUART_descr.o)
                                0x3be (size before relaxing)

.debug_loc      0x00000000     0x4e7b
 *(.debug_loc)
 .debug_loc     0x00000000      0x48f .\CortexM3\ARM_GCC_493\Debug\main.o
 .debug_loc     0x0000048f      0x28d .\CortexM3\ARM_GCC_493\Debug\Protocolo.o
 .debug_loc     0x0000071c      0x2f2 .\CortexM3\ARM_GCC_493\Debug\Print.o
 .debug_loc     0x00000a0e      0x1a2 .\CortexM3\ARM_GCC_493\Debug\i2c.o
 .debug_loc     0x00000bb0      0x144 .\CortexM3\ARM_GCC_493\Debug\Cm3Start.o
 .debug_loc     0x00000cf4      0x259 .\CortexM3\ARM_GCC_493\Debug\FC_Impresion.a(cyfitter_cfg.o)
 .debug_loc     0x00000f4d      0xa11 .\CortexM3\ARM_GCC_493\Debug\FC_Impresion.a(CyLib.o)
 .debug_loc     0x0000195e      0x1e4 .\CortexM3\ARM_GCC_493\Debug\FC_Impresion.a(cyPm.o)
 .debug_loc     0x00001b42       0x39 .\CortexM3\ARM_GCC_493\Debug\FC_Impresion.a(I2C_1.o)
 .debug_loc     0x00001b7b       0x29 .\CortexM3\ARM_GCC_493\Debug\FC_Impresion.a(I2C_1_INT.o)
 .debug_loc     0x00001ba4       0x13 .\CortexM3\ARM_GCC_493\Debug\FC_Impresion.a(I2C_1_PM.o)
 .debug_loc     0x00001bb7      0x52f .\CortexM3\ARM_GCC_493\Debug\FC_Impresion.a(I2C_1_MASTER.o)
 .debug_loc     0x000020e6      0x34e .\CortexM3\ARM_GCC_493\Debug\FC_Impresion.a(RS232.o)
 .debug_loc     0x00002434       0x45 .\CortexM3\ARM_GCC_493\Debug\FC_Impresion.a(RS232_INT.o)
 .debug_loc     0x00002479      0x34e .\CortexM3\ARM_GCC_493\Debug\FC_Impresion.a(Surtidor.o)
 .debug_loc     0x000027c7       0x45 .\CortexM3\ARM_GCC_493\Debug\FC_Impresion.a(Surtidor_INT.o)
 .debug_loc     0x0000280c      0x128 .\CortexM3\ARM_GCC_493\Debug\FC_Impresion.a(RS232_IntClock.o)
 .debug_loc     0x00002934      0x128 .\CortexM3\ARM_GCC_493\Debug\FC_Impresion.a(Surtidor_IntClock.o)
 .debug_loc     0x00002a5c       0x42 .\CortexM3\ARM_GCC_493\Debug\FC_Impresion.a(Select1_RS232.o)
 .debug_loc     0x00002a9e       0x55 .\CortexM3\ARM_GCC_493\Debug\FC_Impresion.a(Select0_RS232.o)
 .debug_loc     0x00002af3       0x42 .\CortexM3\ARM_GCC_493\Debug\FC_Impresion.a(Botones.o)
 .debug_loc     0x00002b35      0x49f .\CortexM3\ARM_GCC_493\Debug\FC_Impresion.a(EEPROM.o)
 .debug_loc     0x00002fd4       0x42 .\CortexM3\ARM_GCC_493\Debug\FC_Impresion.a(Led.o)
 .debug_loc     0x00003016      0x3e1 .\CortexM3\ARM_GCC_493\Debug\FC_Impresion.a(USBUART.o)
 .debug_loc     0x000033f7      0x56b .\CortexM3\ARM_GCC_493\Debug\FC_Impresion.a(USBUART_cdc.o)
 .debug_loc     0x00003962      0x171 .\CortexM3\ARM_GCC_493\Debug\FC_Impresion.a(USBUART_drv.o)
 .debug_loc     0x00003ad3       0x26 .\CortexM3\ARM_GCC_493\Debug\FC_Impresion.a(USBUART_pm.o)
 .debug_loc     0x00003af9      0x934 .\CortexM3\ARM_GCC_493\Debug\FC_Impresion.a(USBUART_std.o)
 .debug_loc     0x0000442d       0x36 .\CortexM3\ARM_GCC_493\Debug\FC_Impresion.a(USBUART_vnd.o)
 .debug_loc     0x00004463       0x84 .\CortexM3\ARM_GCC_493\Debug\FC_Impresion.a(USBUART_Dp.o)
 .debug_loc     0x000044e7      0x300 .\CortexM3\ARM_GCC_493\Debug\FC_Impresion.a(CyFlash.o)
 .debug_loc     0x000047e7      0x64d .\CortexM3\ARM_GCC_493\Debug\FC_Impresion.a(CySpc.o)
 .debug_loc     0x00004e34       0x47 .\CortexM3\ARM_GCC_493\Debug\FC_Impresion.a(USBUART_cls.o)

.debug_macinfo
 *(.debug_macinfo)

.debug_ranges   0x00000000      0xcd0
 *(.debug_ranges)
 .debug_ranges  0x00000000       0x38 .\CortexM3\ARM_GCC_493\Debug\main.o
 .debug_ranges  0x00000038       0x28 .\CortexM3\ARM_GCC_493\Debug\Protocolo.o
 .debug_ranges  0x00000060       0x10 .\CortexM3\ARM_GCC_493\Debug\Print.o
 .debug_ranges  0x00000070       0x28 .\CortexM3\ARM_GCC_493\Debug\i2c.o
 .debug_ranges  0x00000098       0x38 .\CortexM3\ARM_GCC_493\Debug\Cm3Start.o
 .debug_ranges  0x000000d0       0x48 .\CortexM3\ARM_GCC_493\Debug\FC_Impresion.a(cyfitter_cfg.o)
 .debug_ranges  0x00000118      0x288 .\CortexM3\ARM_GCC_493\Debug\FC_Impresion.a(CyLib.o)
 .debug_ranges  0x000003a0       0x88 .\CortexM3\ARM_GCC_493\Debug\FC_Impresion.a(cyPm.o)
 .debug_ranges  0x00000428       0x28 .\CortexM3\ARM_GCC_493\Debug\FC_Impresion.a(I2C_1.o)
 .debug_ranges  0x00000450       0x10 .\CortexM3\ARM_GCC_493\Debug\FC_Impresion.a(I2C_1_INT.o)
 .debug_ranges  0x00000460       0x28 .\CortexM3\ARM_GCC_493\Debug\FC_Impresion.a(I2C_1_PM.o)
 .debug_ranges  0x00000488       0x70 .\CortexM3\ARM_GCC_493\Debug\FC_Impresion.a(I2C_1_MASTER.o)
 .debug_ranges  0x000004f8       0xe0 .\CortexM3\ARM_GCC_493\Debug\FC_Impresion.a(RS232.o)
 .debug_ranges  0x000005d8       0x10 .\CortexM3\ARM_GCC_493\Debug\FC_Impresion.a(RS232_INT.o)
 .debug_ranges  0x000005e8       0xe0 .\CortexM3\ARM_GCC_493\Debug\FC_Impresion.a(Surtidor.o)
 .debug_ranges  0x000006c8       0x10 .\CortexM3\ARM_GCC_493\Debug\FC_Impresion.a(Surtidor_INT.o)
 .debug_ranges  0x000006d8       0x60 .\CortexM3\ARM_GCC_493\Debug\FC_Impresion.a(RS232_IntClock.o)
 .debug_ranges  0x00000738       0x60 .\CortexM3\ARM_GCC_493\Debug\FC_Impresion.a(Surtidor_IntClock.o)
 .debug_ranges  0x00000798       0x28 .\CortexM3\ARM_GCC_493\Debug\FC_Impresion.a(Select1_RS232.o)
 .debug_ranges  0x000007c0       0x28 .\CortexM3\ARM_GCC_493\Debug\FC_Impresion.a(Select0_RS232.o)
 .debug_ranges  0x000007e8       0x28 .\CortexM3\ARM_GCC_493\Debug\FC_Impresion.a(Botones.o)
 .debug_ranges  0x00000810       0x68 .\CortexM3\ARM_GCC_493\Debug\FC_Impresion.a(EEPROM.o)
 .debug_ranges  0x00000878       0x28 .\CortexM3\ARM_GCC_493\Debug\FC_Impresion.a(Led.o)
 .debug_ranges  0x000008a0       0xd0 .\CortexM3\ARM_GCC_493\Debug\FC_Impresion.a(USBUART.o)
 .debug_ranges  0x00000970       0xd8 .\CortexM3\ARM_GCC_493\Debug\FC_Impresion.a(USBUART_cdc.o)
 .debug_ranges  0x00000a48       0x88 .\CortexM3\ARM_GCC_493\Debug\FC_Impresion.a(USBUART_drv.o)
 .debug_ranges  0x00000ad0       0x30 .\CortexM3\ARM_GCC_493\Debug\FC_Impresion.a(USBUART_episr.o)
 .debug_ranges  0x00000b00       0x30 .\CortexM3\ARM_GCC_493\Debug\FC_Impresion.a(USBUART_pm.o)
 .debug_ranges  0x00000b30       0x70 .\CortexM3\ARM_GCC_493\Debug\FC_Impresion.a(USBUART_std.o)
 .debug_ranges  0x00000ba0       0x10 .\CortexM3\ARM_GCC_493\Debug\FC_Impresion.a(USBUART_vnd.o)
 .debug_ranges  0x00000bb0       0x38 .\CortexM3\ARM_GCC_493\Debug\FC_Impresion.a(USBUART_Dp.o)
 .debug_ranges  0x00000be8       0x70 .\CortexM3\ARM_GCC_493\Debug\FC_Impresion.a(CyFlash.o)
 .debug_ranges  0x00000c58       0x68 .\CortexM3\ARM_GCC_493\Debug\FC_Impresion.a(CySpc.o)
 .debug_ranges  0x00000cc0       0x10 .\CortexM3\ARM_GCC_493\Debug\FC_Impresion.a(USBUART_cls.o)

.comment        0x00000000       0x70
 .comment       0x00000000       0x70 .\CortexM3\ARM_GCC_493\Debug\main.o
                                 0x71 (size before relaxing)
 .comment       0x00000000       0x71 .\CortexM3\ARM_GCC_493\Debug\Protocolo.o
 .comment       0x00000000       0x71 .\CortexM3\ARM_GCC_493\Debug\Print.o
 .comment       0x00000000       0x71 .\CortexM3\ARM_GCC_493\Debug\i2c.o
 .comment       0x00000000       0x71 .\CortexM3\ARM_GCC_493\Debug\cymetadata.o
 .comment       0x00000000       0x71 .\CortexM3\ARM_GCC_493\Debug\Cm3Start.o
 .comment       0x00000000       0x71 .\CortexM3\ARM_GCC_493\Debug\FC_Impresion.a(cyfitter_cfg.o)
 .comment       0x00000000       0x71 .\CortexM3\ARM_GCC_493\Debug\FC_Impresion.a(CyLib.o)
 .comment       0x00000000       0x71 .\CortexM3\ARM_GCC_493\Debug\FC_Impresion.a(cyPm.o)
 .comment       0x00000000       0x71 .\CortexM3\ARM_GCC_493\Debug\FC_Impresion.a(I2C_1.o)
 .comment       0x00000000       0x71 .\CortexM3\ARM_GCC_493\Debug\FC_Impresion.a(I2C_1_INT.o)
 .comment       0x00000000       0x71 .\CortexM3\ARM_GCC_493\Debug\FC_Impresion.a(I2C_1_PM.o)
 .comment       0x00000000       0x71 .\CortexM3\ARM_GCC_493\Debug\FC_Impresion.a(I2C_1_MASTER.o)
 .comment       0x00000000       0x71 .\CortexM3\ARM_GCC_493\Debug\FC_Impresion.a(RS232.o)
 .comment       0x00000000       0x71 .\CortexM3\ARM_GCC_493\Debug\FC_Impresion.a(RS232_INT.o)
 .comment       0x00000000       0x71 .\CortexM3\ARM_GCC_493\Debug\FC_Impresion.a(Surtidor.o)
 .comment       0x00000000       0x71 .\CortexM3\ARM_GCC_493\Debug\FC_Impresion.a(Surtidor_INT.o)
 .comment       0x00000000       0x71 .\CortexM3\ARM_GCC_493\Debug\FC_Impresion.a(RS232_IntClock.o)
 .comment       0x00000000       0x71 .\CortexM3\ARM_GCC_493\Debug\FC_Impresion.a(Surtidor_IntClock.o)
 .comment       0x00000000       0x71 .\CortexM3\ARM_GCC_493\Debug\FC_Impresion.a(Select1_RS232.o)
 .comment       0x00000000       0x71 .\CortexM3\ARM_GCC_493\Debug\FC_Impresion.a(Select0_RS232.o)
 .comment       0x00000000       0x71 .\CortexM3\ARM_GCC_493\Debug\FC_Impresion.a(Botones.o)
 .comment       0x00000000       0x71 .\CortexM3\ARM_GCC_493\Debug\FC_Impresion.a(EEPROM.o)
 .comment       0x00000000       0x71 .\CortexM3\ARM_GCC_493\Debug\FC_Impresion.a(Led.o)
 .comment       0x00000000       0x71 .\CortexM3\ARM_GCC_493\Debug\FC_Impresion.a(USBUART.o)
 .comment       0x00000000       0x71 .\CortexM3\ARM_GCC_493\Debug\FC_Impresion.a(USBUART_cdc.o)
 .comment       0x00000000       0x71 .\CortexM3\ARM_GCC_493\Debug\FC_Impresion.a(USBUART_drv.o)
 .comment       0x00000000       0x71 .\CortexM3\ARM_GCC_493\Debug\FC_Impresion.a(USBUART_episr.o)
 .comment       0x00000000       0x71 .\CortexM3\ARM_GCC_493\Debug\FC_Impresion.a(USBUART_pm.o)
 .comment       0x00000000       0x71 .\CortexM3\ARM_GCC_493\Debug\FC_Impresion.a(USBUART_std.o)
 .comment       0x00000000       0x71 .\CortexM3\ARM_GCC_493\Debug\FC_Impresion.a(USBUART_vnd.o)
 .comment       0x00000000       0x71 .\CortexM3\ARM_GCC_493\Debug\FC_Impresion.a(USBUART_Dp.o)
 .comment       0x00000000       0x71 .\CortexM3\ARM_GCC_493\Debug\FC_Impresion.a(CyFlash.o)
 .comment       0x00000000       0x71 .\CortexM3\ARM_GCC_493\Debug\FC_Impresion.a(CySpc.o)
 .comment       0x00000000       0x71 .\CortexM3\ARM_GCC_493\Debug\FC_Impresion.a(USBUART_cls.o)
 .comment       0x00000000       0x71 .\CortexM3\ARM_GCC_493\Debug\FC_Impresion.a(USBUART_descr.o)

.debug_weaknames
 *(.debug_weaknames)

.debug_funcnames
 *(.debug_funcnames)

.debug_typenames
 *(.debug_typenames)

.debug_varnames
 *(.debug_varnames)

.note.gnu.arm.ident
 *(.note.gnu.arm.ident)

.ARM.attributes
                0x00000000       0x29
 *(.ARM.attributes)
 .ARM.attributes
                0x00000000       0x1d c:/program files (x86)/cypress/psoc creator/3.3/psoc creator/import/gnu/arm/4.9.3/bin/../lib/gcc/arm-none-eabi/4.9.3/armv7-m/crti.o
 .ARM.attributes
                0x0000001d       0x2d c:/program files (x86)/cypress/psoc creator/3.3/psoc creator/import/gnu/arm/4.9.3/bin/../lib/gcc/arm-none-eabi/4.9.3/armv7-m/crtbegin.o
 .ARM.attributes
                0x0000004a       0x1b c:/program files (x86)/cypress/psoc creator/3.3/psoc creator/import/gnu/arm/4.9.3/bin/../lib/gcc/arm-none-eabi/4.9.3/../../../../arm-none-eabi/lib/armv7-m/crt0.o
 .ARM.attributes
                0x00000065       0x33 .\CortexM3\ARM_GCC_493\Debug\main.o
 .ARM.attributes
                0x00000098       0x33 .\CortexM3\ARM_GCC_493\Debug\Protocolo.o
 .ARM.attributes
                0x000000cb       0x33 .\CortexM3\ARM_GCC_493\Debug\Print.o
 .ARM.attributes
                0x000000fe       0x33 .\CortexM3\ARM_GCC_493\Debug\i2c.o
 .ARM.attributes
                0x00000131       0x33 .\CortexM3\ARM_GCC_493\Debug\cymetadata.o
 .ARM.attributes
                0x00000164       0x33 .\CortexM3\ARM_GCC_493\Debug\Cm3Start.o
 .ARM.attributes
                0x00000197       0x33 .\CortexM3\ARM_GCC_493\Debug\FC_Impresion.a(cyfitter_cfg.o)
 .ARM.attributes
                0x000001ca       0x21 .\CortexM3\ARM_GCC_493\Debug\FC_Impresion.a(CyBootAsmGnu.o)
 .ARM.attributes
                0x000001eb       0x33 .\CortexM3\ARM_GCC_493\Debug\FC_Impresion.a(CyLib.o)
 .ARM.attributes
                0x0000021e       0x33 .\CortexM3\ARM_GCC_493\Debug\FC_Impresion.a(cyPm.o)
 .ARM.attributes
                0x00000251       0x33 .\CortexM3\ARM_GCC_493\Debug\FC_Impresion.a(I2C_1.o)
 .ARM.attributes
                0x00000284       0x33 .\CortexM3\ARM_GCC_493\Debug\FC_Impresion.a(I2C_1_INT.o)
 .ARM.attributes
                0x000002b7       0x33 .\CortexM3\ARM_GCC_493\Debug\FC_Impresion.a(I2C_1_PM.o)
 .ARM.attributes
                0x000002ea       0x33 .\CortexM3\ARM_GCC_493\Debug\FC_Impresion.a(I2C_1_MASTER.o)
 .ARM.attributes
                0x0000031d       0x33 .\CortexM3\ARM_GCC_493\Debug\FC_Impresion.a(RS232.o)
 .ARM.attributes
                0x00000350       0x33 .\CortexM3\ARM_GCC_493\Debug\FC_Impresion.a(RS232_INT.o)
 .ARM.attributes
                0x00000383       0x33 .\CortexM3\ARM_GCC_493\Debug\FC_Impresion.a(Surtidor.o)
 .ARM.attributes
                0x000003b6       0x33 .\CortexM3\ARM_GCC_493\Debug\FC_Impresion.a(Surtidor_INT.o)
 .ARM.attributes
                0x000003e9       0x33 .\CortexM3\ARM_GCC_493\Debug\FC_Impresion.a(RS232_IntClock.o)
 .ARM.attributes
                0x0000041c       0x33 .\CortexM3\ARM_GCC_493\Debug\FC_Impresion.a(Surtidor_IntClock.o)
 .ARM.attributes
                0x0000044f       0x33 .\CortexM3\ARM_GCC_493\Debug\FC_Impresion.a(Select1_RS232.o)
 .ARM.attributes
                0x00000482       0x33 .\CortexM3\ARM_GCC_493\Debug\FC_Impresion.a(Select0_RS232.o)
 .ARM.attributes
                0x000004b5       0x33 .\CortexM3\ARM_GCC_493\Debug\FC_Impresion.a(Botones.o)
 .ARM.attributes
                0x000004e8       0x33 .\CortexM3\ARM_GCC_493\Debug\FC_Impresion.a(EEPROM.o)
 .ARM.attributes
                0x0000051b       0x33 .\CortexM3\ARM_GCC_493\Debug\FC_Impresion.a(Led.o)
 .ARM.attributes
                0x0000054e       0x33 .\CortexM3\ARM_GCC_493\Debug\FC_Impresion.a(USBUART.o)
 .ARM.attributes
                0x00000581       0x33 .\CortexM3\ARM_GCC_493\Debug\FC_Impresion.a(USBUART_cdc.o)
 .ARM.attributes
                0x000005b4       0x33 .\CortexM3\ARM_GCC_493\Debug\FC_Impresion.a(USBUART_drv.o)
 .ARM.attributes
                0x000005e7       0x33 .\CortexM3\ARM_GCC_493\Debug\FC_Impresion.a(USBUART_episr.o)
 .ARM.attributes
                0x0000061a       0x33 .\CortexM3\ARM_GCC_493\Debug\FC_Impresion.a(USBUART_pm.o)
 .ARM.attributes
                0x0000064d       0x33 .\CortexM3\ARM_GCC_493\Debug\FC_Impresion.a(USBUART_std.o)
 .ARM.attributes
                0x00000680       0x33 .\CortexM3\ARM_GCC_493\Debug\FC_Impresion.a(USBUART_vnd.o)
 .ARM.attributes
                0x000006b3       0x33 .\CortexM3\ARM_GCC_493\Debug\FC_Impresion.a(USBUART_Dp.o)
 .ARM.attributes
                0x000006e6       0x33 .\CortexM3\ARM_GCC_493\Debug\FC_Impresion.a(CyFlash.o)
 .ARM.attributes
                0x00000719       0x33 .\CortexM3\ARM_GCC_493\Debug\FC_Impresion.a(CySpc.o)
 .ARM.attributes
                0x0000074c       0x33 .\CortexM3\ARM_GCC_493\Debug\FC_Impresion.a(USBUART_cls.o)
 .ARM.attributes
                0x0000077f       0x33 .\CortexM3\ARM_GCC_493\Debug\FC_Impresion.a(USBUART_descr.o)
 .ARM.attributes
                0x000007b2       0x2d c:/program files (x86)/cypress/psoc creator/3.3/psoc creator/import/gnu/arm/4.9.3/bin/../lib/gcc/arm-none-eabi/4.9.3/../../../../arm-none-eabi/lib/armv7-m\libg_nano.a(lib_a-errno.o)
 .ARM.attributes
                0x000007df       0x2d c:/program files (x86)/cypress/psoc creator/3.3/psoc creator/import/gnu/arm/4.9.3/bin/../lib/gcc/arm-none-eabi/4.9.3/../../../../arm-none-eabi/lib/armv7-m\libg_nano.a(lib_a-exit.o)
 .ARM.attributes
                0x0000080c       0x2d c:/program files (x86)/cypress/psoc creator/3.3/psoc creator/import/gnu/arm/4.9.3/bin/../lib/gcc/arm-none-eabi/4.9.3/../../../../arm-none-eabi/lib/armv7-m\libg_nano.a(lib_a-impure.o)
 .ARM.attributes
                0x00000839       0x2d c:/program files (x86)/cypress/psoc creator/3.3/psoc creator/import/gnu/arm/4.9.3/bin/../lib/gcc/arm-none-eabi/4.9.3/../../../../arm-none-eabi/lib/armv7-m\libg_nano.a(lib_a-init.o)
 .ARM.attributes
                0x00000866       0x2d c:/program files (x86)/cypress/psoc creator/3.3/psoc creator/import/gnu/arm/4.9.3/bin/../lib/gcc/arm-none-eabi/4.9.3/../../../../arm-none-eabi/lib/armv7-m\libg_nano.a(lib_a-memcpy.o)
 .ARM.attributes
                0x00000893       0x2d c:/program files (x86)/cypress/psoc creator/3.3/psoc creator/import/gnu/arm/4.9.3/bin/../lib/gcc/arm-none-eabi/4.9.3/../../../../arm-none-eabi/lib/armv7-m\libg_nano.a(lib_a-memset.o)
 .ARM.attributes
                0x000008c0       0x2d c:/program files (x86)/cypress/psoc creator/3.3/psoc creator/import/gnu/arm/4.9.3/bin/../lib/gcc/arm-none-eabi/4.9.3/../../../../arm-none-eabi/lib/armv7-m\libg_nano.a(lib_a-nano-vfprintf_float.o)
 .ARM.attributes
                0x000008ed       0x2d c:/program files (x86)/cypress/psoc creator/3.3/psoc creator/import/gnu/arm/4.9.3/bin/../lib/gcc/arm-none-eabi/4.9.3/../../../../arm-none-eabi/lib/armv7-m\libg_nano.a(lib_a-nano-vfprintf_i.o)
 .ARM.attributes
                0x0000091a       0x2d c:/program files (x86)/cypress/psoc creator/3.3/psoc creator/import/gnu/arm/4.9.3/bin/../lib/gcc/arm-none-eabi/4.9.3/../../../../arm-none-eabi/lib/armv7-m\libg_nano.a(lib_a-s_fpclassify.o)
 .ARM.attributes
                0x00000947       0x2d c:/program files (x86)/cypress/psoc creator/3.3/psoc creator/import/gnu/arm/4.9.3/bin/../lib/gcc/arm-none-eabi/4.9.3/../../../../arm-none-eabi/lib/armv7-m\libg_nano.a(lib_a-strlen.o)
 .ARM.attributes
                0x00000974       0x2d c:/program files (x86)/cypress/psoc creator/3.3/psoc creator/import/gnu/arm/4.9.3/bin/../lib/gcc/arm-none-eabi/4.9.3/../../../../arm-none-eabi/lib/armv7-m\libg_nano.a(lib_a-dtoa.o)
 .ARM.attributes
                0x000009a1       0x2d c:/program files (x86)/cypress/psoc creator/3.3/psoc creator/import/gnu/arm/4.9.3/bin/../lib/gcc/arm-none-eabi/4.9.3/../../../../arm-none-eabi/lib/armv7-m\libg_nano.a(lib_a-locale.o)
 .ARM.attributes
                0x000009ce       0x2d c:/program files (x86)/cypress/psoc creator/3.3/psoc creator/import/gnu/arm/4.9.3/bin/../lib/gcc/arm-none-eabi/4.9.3/../../../../arm-none-eabi/lib/armv7-m\libg_nano.a(lib_a-malloc.o)
 .ARM.attributes
                0x000009fb       0x2d c:/program files (x86)/cypress/psoc creator/3.3/psoc creator/import/gnu/arm/4.9.3/bin/../lib/gcc/arm-none-eabi/4.9.3/../../../../arm-none-eabi/lib/armv7-m\libg_nano.a(lib_a-memchr.o)
 .ARM.attributes
                0x00000a28       0x2d c:/program files (x86)/cypress/psoc creator/3.3/psoc creator/import/gnu/arm/4.9.3/bin/../lib/gcc/arm-none-eabi/4.9.3/../../../../arm-none-eabi/lib/armv7-m\libg_nano.a(lib_a-mprec.o)
 .ARM.attributes
                0x00000a55       0x2d c:/program files (x86)/cypress/psoc creator/3.3/psoc creator/import/gnu/arm/4.9.3/bin/../lib/gcc/arm-none-eabi/4.9.3/../../../../arm-none-eabi/lib/armv7-m\libg_nano.a(lib_a-nano-callocr.o)
 .ARM.attributes
                0x00000a82       0x2d c:/program files (x86)/cypress/psoc creator/3.3/psoc creator/import/gnu/arm/4.9.3/bin/../lib/gcc/arm-none-eabi/4.9.3/../../../../arm-none-eabi/lib/armv7-m\libg_nano.a(lib_a-nano-freer.o)
 .ARM.attributes
                0x00000aaf       0x2d c:/program files (x86)/cypress/psoc creator/3.3/psoc creator/import/gnu/arm/4.9.3/bin/../lib/gcc/arm-none-eabi/4.9.3/../../../../arm-none-eabi/lib/armv7-m\libg_nano.a(lib_a-nano-mallocr.o)
 .ARM.attributes
                0x00000adc       0x2d c:/program files (x86)/cypress/psoc creator/3.3/psoc creator/import/gnu/arm/4.9.3/bin/../lib/gcc/arm-none-eabi/4.9.3/../../../../arm-none-eabi/lib/armv7-m\libg_nano.a(lib_a-sbrkr.o)
 .ARM.attributes