Archive member included to satisfy reference by file (symbol)

.\CortexM3\ARM_GCC_541\Debug\FC_Impresion.a(CyLib.o)
                              .\CortexM3\ARM_GCC_541\Debug\Cm3Start.o (CyHalt)
.\CortexM3\ARM_GCC_541\Debug\FC_Impresion.a(cyPm.o)
                              .\CortexM3\ARM_GCC_541\Debug\FC_Impresion.a(CyLib.o) (CyPmReadStatus)
.\CortexM3\ARM_GCC_541\Debug\FC_Impresion.a(I2C_1.o)
                              .\CortexM3\ARM_GCC_541\Debug\main.o (I2C_1_Start)
.\CortexM3\ARM_GCC_541\Debug\FC_Impresion.a(I2C_1_INT.o)
                              .\CortexM3\ARM_GCC_541\Debug\FC_Impresion.a(I2C_1.o) (I2C_1_ISR)
.\CortexM3\ARM_GCC_541\Debug\FC_Impresion.a(I2C_1_PM.o)
                              .\CortexM3\ARM_GCC_541\Debug\FC_Impresion.a(I2C_1.o) (I2C_1_backup)
.\CortexM3\ARM_GCC_541\Debug\FC_Impresion.a(I2C_1_MASTER.o)
                              .\CortexM3\ARM_GCC_541\Debug\FC_Impresion.a(I2C_1.o) (I2C_1_mstrStatus)
.\CortexM3\ARM_GCC_541\Debug\FC_Impresion.a(RS232.o)
                              .\CortexM3\ARM_GCC_541\Debug\main.o (RS232_Start)
.\CortexM3\ARM_GCC_541\Debug\FC_Impresion.a(RS232_INT.o)
                              .\CortexM3\ARM_GCC_541\Debug\FC_Impresion.a(RS232.o) (RS232_RXISR)
.\CortexM3\ARM_GCC_541\Debug\FC_Impresion.a(Surtidor.o)
                              .\CortexM3\ARM_GCC_541\Debug\main.o (Surtidor_Start)
.\CortexM3\ARM_GCC_541\Debug\FC_Impresion.a(Surtidor_INT.o)
                              .\CortexM3\ARM_GCC_541\Debug\FC_Impresion.a(Surtidor.o) (Surtidor_RXISR)
.\CortexM3\ARM_GCC_541\Debug\FC_Impresion.a(RS232_IntClock.o)
                              .\CortexM3\ARM_GCC_541\Debug\FC_Impresion.a(RS232.o) (RS232_IntClock_Start)
.\CortexM3\ARM_GCC_541\Debug\FC_Impresion.a(Surtidor_IntClock.o)
                              .\CortexM3\ARM_GCC_541\Debug\FC_Impresion.a(Surtidor.o) (Surtidor_IntClock_Start)
.\CortexM3\ARM_GCC_541\Debug\FC_Impresion.a(Select1_RS232.o)
                              .\CortexM3\ARM_GCC_541\Debug\main.o (Select1_RS232_Write)
.\CortexM3\ARM_GCC_541\Debug\FC_Impresion.a(Select0_RS232.o)
                              .\CortexM3\ARM_GCC_541\Debug\main.o (Select0_RS232_Write)
.\CortexM3\ARM_GCC_541\Debug\FC_Impresion.a(Botones.o)
                              .\CortexM3\ARM_GCC_541\Debug\main.o (Botones_Read)
.\CortexM3\ARM_GCC_541\Debug\FC_Impresion.a(EEPROM.o)
                              .\CortexM3\ARM_GCC_541\Debug\main.o (EEPROM_Start)
.\CortexM3\ARM_GCC_541\Debug\FC_Impresion.a(Led.o)
                              .\CortexM3\ARM_GCC_541\Debug\main.o (Led_Write)
.\CortexM3\ARM_GCC_541\Debug\FC_Impresion.a(USBUART.o)
                              .\CortexM3\ARM_GCC_541\Debug\main.o (USBUART_Start)
.\CortexM3\ARM_GCC_541\Debug\FC_Impresion.a(USBUART_cdc.o)
                              .\CortexM3\ARM_GCC_541\Debug\main.o (USBUART_CDC_Init)
.\CortexM3\ARM_GCC_541\Debug\FC_Impresion.a(USBUART_drv.o)
                              .\CortexM3\ARM_GCC_541\Debug\FC_Impresion.a(USBUART.o) (USBUART_lastPacketSize)
.\CortexM3\ARM_GCC_541\Debug\FC_Impresion.a(USBUART_episr.o)
                              .\CortexM3\ARM_GCC_541\Debug\FC_Impresion.a(USBUART.o) (USBUART_EP_1_ISR)
.\CortexM3\ARM_GCC_541\Debug\FC_Impresion.a(USBUART_pm.o)
                              .\CortexM3\ARM_GCC_541\Debug\FC_Impresion.a(USBUART.o) (USBUART_DP_ISR)
.\CortexM3\ARM_GCC_541\Debug\FC_Impresion.a(USBUART_std.o)
                              .\CortexM3\ARM_GCC_541\Debug\FC_Impresion.a(USBUART_pm.o) (USBUART_ConfigReg)
.\CortexM3\ARM_GCC_541\Debug\FC_Impresion.a(USBUART_vnd.o)
                              .\CortexM3\ARM_GCC_541\Debug\FC_Impresion.a(USBUART_drv.o) (USBUART_HandleVendorRqst)
.\CortexM3\ARM_GCC_541\Debug\FC_Impresion.a(USBUART_Dp.o)
                              .\CortexM3\ARM_GCC_541\Debug\FC_Impresion.a(USBUART.o) (USBUART_Dp_ClearInterrupt)
.\CortexM3\ARM_GCC_541\Debug\FC_Impresion.a(CyBootAsmGnu.o)
                              .\CortexM3\ARM_GCC_541\Debug\cyfitter_cfg.o (CyDelayCycles)
.\CortexM3\ARM_GCC_541\Debug\FC_Impresion.a(CyFlash.o)
                              .\CortexM3\ARM_GCC_541\Debug\FC_Impresion.a(EEPROM.o) (dieTemperature)
.\CortexM3\ARM_GCC_541\Debug\FC_Impresion.a(CySpc.o)
                              .\CortexM3\ARM_GCC_541\Debug\FC_Impresion.a(EEPROM.o) (CySpcStart)
.\CortexM3\ARM_GCC_541\Debug\FC_Impresion.a(USBUART_cls.o)
                              .\CortexM3\ARM_GCC_541\Debug\FC_Impresion.a(USBUART_drv.o) (USBUART_DispatchClassRqst)
.\CortexM3\ARM_GCC_541\Debug\FC_Impresion.a(USBUART_descr.o)
                              .\CortexM3\ARM_GCC_541\Debug\FC_Impresion.a(USBUART_std.o) (USBUART_idSerialNumberStringDescriptor)
c:/program files (x86)/cypress/psoc creator/4.2/psoc creator/import/gnu/arm/5.4.1/bin/../lib/gcc/arm-none-eabi/5.4.1/../../../../arm-none-eabi/lib/armv7-m\libg_nano.a(lib_a-errno.o)
                              .\CortexM3\ARM_GCC_541\Debug\Cm3Start.o (__errno)
[...]
Memory Configuration

Name             Origin             Length             Attributes
rom              0x00000000         0x00040000         xr
ram              0x1fff8000         0x00010000         xrw
*default*        0x00000000         0xffffffff

Linker script and memory map

LOAD c:/program files (x86)/cypress/psoc creator/4.2/psoc creator/import/gnu/arm/5.4.1/bin/../lib/gcc/arm-none-eabi/5.4.1/armv7-m/crti.o
LOAD c:/program files (x86)/cypress/psoc creator/4.2/psoc creator/import/gnu/arm/5.4.1/bin/../lib/gcc/arm-none-eabi/5.4.1/armv7-m/crtbegin.o
LOAD c:/program files (x86)/cypress/psoc creator/4.2/psoc creator/import/gnu/arm/5.4.1/bin/../lib/gcc/arm-none-eabi/5.4.1/../../../../arm-none-eabi/lib/armv7-m/crt0.o
START GROUP
LOAD .\CortexM3\ARM_GCC_541\Debug\main.o
LOAD .\CortexM3\ARM_GCC_541\Debug\Protocolo.o
LOAD .\CortexM3\ARM_GCC_541\Debug\Print.o
LOAD .\CortexM3\ARM_GCC_541\Debug\i2c.o
LOAD .\CortexM3\ARM_GCC_541\Debug\cyfitter_cfg.o
LOAD .\CortexM3\ARM_GCC_541\Debug\cymetadata.o
LOAD .\CortexM3\ARM_GCC_541\Debug\Cm3Start.o
LOAD .\CortexM3\ARM_GCC_541\Debug\FC_Impresion.a
LOAD C:\Program Files (x86)\Cypress\PSoC Creator\4.2\PSoC Creator\psoc\content\cycomponentlibrary\CyComponentLibrary.cylib\CortexM3\ARM_GCC_541\Debug\CyComponentLibrary.a
END GROUP
START GROUP
LOAD c:/program files (x86)/cypress/psoc creator/4.2/psoc creator/import/gnu/arm/5.4.1/bin/../lib/gcc/arm-none-eabi/5.4.1/armv7-m\libgcc.a
LOAD c:/program files (x86)/cypress/psoc creator/4.2/psoc creator/import/gnu/arm/5.4.1/bin/../lib/gcc/arm-none-eabi/5.4.1/../../../../arm-none-eabi/lib/armv7-m\libg_nano.a
LOAD c:/program files (x86)/cypress/psoc creator/4.2/psoc creator/import/gnu/arm/5.4.1/bin/../lib/gcc/arm-none-eabi/5.4.1/../../../../arm-none-eabi/lib/armv7-m\libc_nano.a
END GROUP
START GROUP
LOAD c:/program files (x86)/cypress/psoc creator/4.2/psoc creator/import/gnu/arm/5.4.1/bin/../lib/gcc/arm-none-eabi/5.4.1/armv7-m\libgcc.a
LOAD c:/program files (x86)/cypress/psoc creator/4.2/psoc creator/import/gnu/arm/5.4.1/bin/../lib/gcc/arm-none-eabi/5.4.1/../../../../arm-none-eabi/lib/armv7-m\libc_nano.a
END GROUP
LOAD c:/program files (x86)/cypress/psoc creator/4.2/psoc creator/import/gnu/arm/5.4.1/bin/../lib/gcc/arm-none-eabi/5.4.1/armv7-m/crtend.o
LOAD c:/program files (x86)/cypress/psoc creator/4.2/psoc creator/import/gnu/arm/5.4.1/bin/../lib/gcc/arm-none-eabi/5.4.1/armv7-m/crtn.o
START GROUP
LOAD c:/program files (x86)/cypress/psoc creator/4.2/psoc creator/import/gnu/arm/5.4.1/bin/../lib/gcc/arm-none-eabi/5.4.1/armv7-m\libgcc.a
LOAD c:/program files (x86)/cypress/psoc creator/4.2/psoc creator/import/gnu/arm/5.4.1/bin/../lib/gcc/arm-none-eabi/5.4.1/../../../../arm-none-eabi/lib/armv7-m\libc.a
LOAD c:/program files (x86)/cypress/psoc creator/4.2/psoc creator/import/gnu/arm/5.4.1/bin/../lib/gcc/arm-none-eabi/5.4.1/../../../../arm-none-eabi/lib/armv7-m\libnosys.a
END GROUP
                0x00000000                CY_APPL_ORIGIN = 0x0
                0x00000100                CY_FLASH_ROW_SIZE = 0x100
                0x00000020                CY_ECC_ROW_SIZE = 0x20
                0x00000000                CY_EE_IN_BTLDR = 0x0
                0x00000000                CY_APPL_LOADABLE = 0x0
                0x00000800                CY_EE_SIZE = 0x800
                0x00000001                CY_APPL_NUM = 0x1
                0x00000001                CY_APPL_MAX = 0x1
                0x00000040                CY_METADATA_SIZE = 0x40
                0x00000000                CY_APPL_LOADABLE = 0x0
                0x00000000                CY_CHECKSUM_EXCLUDE_SIZE = ALIGN (0x0, CY_FLASH_ROW_SIZE)
                [!provide]                PROVIDE (__cy_heap_start, _end)
                0x00000001                PROVIDE (__cy_region_num, ((__cy_regions_end - __cy_regions) / 0x10))
                0x20008000                PROVIDE (__cy_stack, (ORIGIN (ram) + LENGTH (ram)))
                [!provide]                PROVIDE (__cy_heap_end, (__cy_stack - 0x800))

.cybootloader   0x00000000        0x0
 *(.cybootloader)
                0x00000000                appl1_start = CY_APPL_ORIGIN?CY_APPL_ORIGIN:ALIGN (CY_FLASH_ROW_SIZE)
                0x0001ff00                appl2_start = (appl1_start + ALIGN ((((LENGTH (rom) - appl1_start) - (0x2 * CY_FLASH_ROW_SIZE)) / 0x2), CY_FLASH_ROW_SIZE))
                0x00000000                appl_start = (CY_APPL_NUM == 0x1)?appl1_start:appl2_start
                0x00000000                ecc_offset = ((appl_start / CY_FLASH_ROW_SIZE) * CY_ECC_ROW_SIZE)
                0x00000000                ee_offset = (CY_APPL_LOADABLE && ! (CY_EE_IN_BTLDR))?((CY_EE_SIZE / CY_APPL_MAX) * (CY_APPL_NUM - 0x1)):0x0
                0x00000800                ee_size = (CY_APPL_LOADABLE && ! (CY_EE_IN_BTLDR))?(CY_EE_SIZE / CY_APPL_MAX):CY_EE_SIZE
                [!provide]                PROVIDE (CY_ECC_OFFSET, ecc_offset)

.text           0x00000000     0x2f4a
 CREATE_OBJECT_SYMBOLS
                0x00000000                PROVIDE (__cy_interrupt_vector, RomVectors)
 *(.romvectors)
 .romvectors    0x00000000       0x10 .\CortexM3\ARM_GCC_541\Debug\Cm3Start.o
                0x00000000                RomVectors
                0x00000001                ASSERT ((. != __cy_interrupt_vector), No interrupt vector)
                0x00000001                ASSERT (CY_APPL_ORIGIN?(SIZEOF (.cybootloader) <= CY_APPL_ORIGIN):0x1, Wrong image location)
                0x00000010                PROVIDE (__cy_reset, Reset)
 *(.text.Reset)
 .text.Reset    0x00000010       0x18 .\CortexM3\ARM_GCC_541\Debug\Cm3Start.o
                0x00000010                Reset
                0x00000001                ASSERT ((. != __cy_reset), No reset code)
 *(.dma_init)
                0x00000001                ASSERT ((((appl_start + .) <= 0x10000) || 0x1), DMA Init must be within the first 64k of flash)
 *(.text .text.* .gnu.linkonce.t.*)
 .text          0x00000028       0x5c c:/program files (x86)/cypress/psoc creator/4.2/psoc creator/import/gnu/arm/5.4.1/bin/../lib/gcc/arm-none-eabi/5.4.1/armv7-m/crtbegin.o
 .text.init     0x00000084      0x1e0 .\CortexM3\ARM_GCC_541\Debug\main.o
                0x00000084                init
 .text.polling_usb
                0x00000264      0x500 .\CortexM3\ARM_GCC_541\Debug\main.o
                0x00000264                polling_usb
 .text.main     0x00000764       0x14 .\CortexM3\ARM_GCC_541\Debug\main.o
                0x00000764                main
 .text.write_hora
                0x00000778       0x58 .\CortexM3\ARM_GCC_541\Debug\i2c.o
                0x00000778                write_hora
 .text.write_fecha
                0x000007d0       0x5c .\CortexM3\ARM_GCC_541\Debug\i2c.o
                0x000007d0                write_fecha
 .text.CyClockStartupError
                0x0000082c        0x4 .\CortexM3\ARM_GCC_541\Debug\cyfitter_cfg.o
 .text.cfg_write_bytes32
                0x00000830       0x34 .\CortexM3\ARM_GCC_541\Debug\cyfitter_cfg.o
 .text.AnalogSetDefault
                0x00000864       0x28 .\CortexM3\ARM_GCC_541\Debug\cyfitter_cfg.o
 .text.ClockSetup
                0x0000088c       0xfc .\CortexM3\ARM_GCC_541\Debug\cyfitter_cfg.o
 .text.CYMEMZERO
                0x00000988        0xc .\CortexM3\ARM_GCC_541\Debug\cyfitter_cfg.o
 .text.CYCONFIGCPY
                0x00000994        0x8 .\CortexM3\ARM_GCC_541\Debug\cyfitter_cfg.o
 .text.cyfitter_cfg
                0x0000099c      0x13c .\CortexM3\ARM_GCC_541\Debug\cyfitter_cfg.o
                0x0000099c                cyfitter_cfg
 .text.IntDefaultHandler
                0x00000ad8       0x10 .\CortexM3\ARM_GCC_541\Debug\Cm3Start.o
                0x00000ad8                IntDefaultHandler
 .text.Start_c  0x00000ae8       0x4c .\CortexM3\ARM_GCC_541\Debug\Cm3Start.o
                0x00000ae8                Start_c
 .text.initialize_psoc
                0x00000b34       0x68 .\CortexM3\ARM_GCC_541\Debug\Cm3Start.o
                0x00000b34                initialize_psoc
 .text.CyHalt   0x00000b9c        0x4 .\CortexM3\ARM_GCC_541\Debug\FC_Impresion.a(CyLib.o)
                0x00000b9c                CyHalt
 .text.CyDelay  0x00000ba0       0x2c .\CortexM3\ARM_GCC_541\Debug\FC_Impresion.a(CyLib.o)
                0x00000ba0                CyDelay
 .text.CyDelayUs
                0x00000bcc       0x14 .\CortexM3\ARM_GCC_541\Debug\FC_Impresion.a(CyLib.o)
                0x00000bcc                CyDelayUs
 .text.CyIntSetVector
                0x00000be0       0x28 .\CortexM3\ARM_GCC_541\Debug\FC_Impresion.a(CyLib.o)
                0x00000be0                CyIntSetVector
 .text.CyIntSetPriority
                0x00000c08       0x30 .\CortexM3\ARM_GCC_541\Debug\FC_Impresion.a(CyLib.o)
                0x00000c08                CyIntSetPriority
 .text.CyGetUniqueId
                0x00000c38       0x70 .\CortexM3\ARM_GCC_541\Debug\FC_Impresion.a(CyLib.o)
                0x00000c38                CyGetUniqueId
 .text.I2C_1_Init
                0x00000ca8       0x68 .\CortexM3\ARM_GCC_541\Debug\FC_Impresion.a(I2C_1.o)
                0x00000ca8                I2C_1_Init
 .text.I2C_1_Enable
                0x00000d10       0x24 .\CortexM3\ARM_GCC_541\Debug\FC_Impresion.a(I2C_1.o)
                0x00000d10                I2C_1_Enable
 .text.I2C_1_Start
                0x00000d34       0x28 .\CortexM3\ARM_GCC_541\Debug\FC_Impresion.a(I2C_1.o)
                0x00000d34                I2C_1_Start
 .text.I2C_1_ISR
                0x00000d5c      0x2d0 .\CortexM3\ARM_GCC_541\Debug\FC_Impresion.a(I2C_1_INT.o)
                0x00000d5c                I2C_1_ISR
 .text.I2C_1_MasterSendStart
                0x0000102c       0x80 .\CortexM3\ARM_GCC_541\Debug\FC_Impresion.a(I2C_1_MASTER.o)
                0x0000102c                I2C_1_MasterSendStart
 .text.I2C_1_MasterSendStop
                0x000010ac       0x38 .\CortexM3\ARM_GCC_541\Debug\FC_Impresion.a(I2C_1_MASTER.o)
                0x000010ac                I2C_1_MasterSendStop
 .text.I2C_1_MasterWriteByte
                0x000010e4       0x58 .\CortexM3\ARM_GCC_541\Debug\FC_Impresion.a(I2C_1_MASTER.o)
                0x000010e4                I2C_1_MasterWriteByte
 .text.I2C_1_MasterClearStatus
                0x0000113c       0x24 .\CortexM3\ARM_GCC_541\Debug\FC_Impresion.a(I2C_1_MASTER.o)
                0x0000113c                I2C_1_MasterClearStatus
 .text.RS232_Init
                0x00001160       0x44 .\CortexM3\ARM_GCC_541\Debug\FC_Impresion.a(RS232.o)
                0x00001160                RS232_Init
 .text.RS232_Enable
                0x000011a4       0x48 .\CortexM3\ARM_GCC_541\Debug\FC_Impresion.a(RS232.o)
                0x000011a4                RS232_Enable
 .text.RS232_Start
                0x000011ec       0x1c .\CortexM3\ARM_GCC_541\Debug\FC_Impresion.a(RS232.o)
                0x000011ec                RS232_Start
 .text.RS232_RXISR
                0x00001208       0x9c .\CortexM3\ARM_GCC_541\Debug\FC_Impresion.a(RS232_INT.o)
                0x00001208                RS232_RXISR
 .text.Surtidor_Init
                0x000012a4       0x44 .\CortexM3\ARM_GCC_541\Debug\FC_Impresion.a(Surtidor.o)
                0x000012a4                Surtidor_Init
 .text.Surtidor_Enable
                0x000012e8       0x44 .\CortexM3\ARM_GCC_541\Debug\FC_Impresion.a(Surtidor.o)
                0x000012e8                Surtidor_Enable
 .text.Surtidor_Start
                0x0000132c       0x1c .\CortexM3\ARM_GCC_541\Debug\FC_Impresion.a(Surtidor.o)
                0x0000132c                Surtidor_Start
 .text.Surtidor_RXISR
                0x00001348       0x98 .\CortexM3\ARM_GCC_541\Debug\FC_Impresion.a(Surtidor_INT.o)
                0x00001348                Surtidor_RXISR
 .text.RS232_IntClock_Start
                0x000013e0       0x1c .\CortexM3\ARM_GCC_541\Debug\FC_Impresion.a(RS232_IntClock.o)
                0x000013e0                RS232_IntClock_Start
 .text.Surtidor_IntClock_Start
                0x000013fc       0x1c .\CortexM3\ARM_GCC_541\Debug\FC_Impresion.a(Surtidor_IntClock.o)
                0x000013fc                Surtidor_IntClock_Start
 .text.EEPROM_Enable
                0x00001418        0xc .\CortexM3\ARM_GCC_541\Debug\FC_Impresion.a(EEPROM.o)
                0x00001418                EEPROM_Enable
 .text.EEPROM_Start
                0x00001424        0x8 .\CortexM3\ARM_GCC_541\Debug\FC_Impresion.a(EEPROM.o)
                0x00001424                EEPROM_Start
 .text.EEPROM_WriteByte
                0x0000142c       0xd0 .\CortexM3\ARM_GCC_541\Debug\FC_Impresion.a(EEPROM.o)
                0x0000142c                EEPROM_WriteByte
 .text.EEPROM_ReadByte
                0x000014fc       0x28 .\CortexM3\ARM_GCC_541\Debug\FC_Impresion.a(EEPROM.o)
                0x000014fc                EEPROM_ReadByte
 .text.Led_Write
                0x00001524       0x18 .\CortexM3\ARM_GCC_541\Debug\FC_Impresion.a(Led.o)
                0x00001524                Led_Write
 .text.USBUART_Init
                0x0000153c      0x140 .\CortexM3\ARM_GCC_541\Debug\FC_Impresion.a(USBUART.o)
                0x0000153c                USBUART_Init
 .text.USBUART_InitComponent
                0x0000167c       0xb8 .\CortexM3\ARM_GCC_541\Debug\FC_Impresion.a(USBUART.o)
                0x0000167c                USBUART_InitComponent
 .text.USBUART_Start
                0x00001734       0x24 .\CortexM3\ARM_GCC_541\Debug\FC_Impresion.a(USBUART.o)
                0x00001734                USBUART_Start
 .text.USBUART_ReInitComponent
                0x00001758       0x4c .\CortexM3\ARM_GCC_541\Debug\FC_Impresion.a(USBUART.o)
                0x00001758                USBUART_ReInitComponent
 .text.USBUART_GetConfiguration
                0x000017a4        0xc .\CortexM3\ARM_GCC_541\Debug\FC_Impresion.a(USBUART.o)
                0x000017a4                USBUART_GetConfiguration
 .text.USBUART_IsConfigurationChanged
                0x000017b0       0x20 .\CortexM3\ARM_GCC_541\Debug\FC_Impresion.a(USBUART.o)
                0x000017b0                USBUART_IsConfigurationChanged
 .text.USBUART_GetEPState
                0x000017d0       0x14 .\CortexM3\ARM_GCC_541\Debug\FC_Impresion.a(USBUART.o)
                0x000017d0                USBUART_GetEPState
 .text.USBUART_GetEPCount
                0x000017e4       0x28 .\CortexM3\ARM_GCC_541\Debug\FC_Impresion.a(USBUART.o)
                0x000017e4                USBUART_GetEPCount
 .text.USBUART_LoadInEP
                0x0000180c       0x94 .\CortexM3\ARM_GCC_541\Debug\FC_Impresion.a(USBUART.o)
                0x0000180c                USBUART_LoadInEP
 .text.USBUART_EnableOutEP
                0x000018a0       0x2c .\CortexM3\ARM_GCC_541\Debug\FC_Impresion.a(USBUART.o)
                0x000018a0                USBUART_EnableOutEP
 .text.USBUART_ReadOutEP
                0x000018cc       0x50 .\CortexM3\ARM_GCC_541\Debug\FC_Impresion.a(USBUART.o)
                0x000018cc                USBUART_ReadOutEP
 .text.USBUART_StrLen
                0x0000191c       0x14 .\CortexM3\ARM_GCC_541\Debug\FC_Impresion.a(USBUART_cdc.o)
 .text.USBUART_GetInterfaceComPort
                0x00001930       0x38 .\CortexM3\ARM_GCC_541\Debug\FC_Impresion.a(USBUART_cdc.o)
                0x00001930                USBUART_GetInterfaceComPort
 .text.USBUART_DispatchCDCClassRqst
                0x00001968       0x98 .\CortexM3\ARM_GCC_541\Debug\FC_Impresion.a(USBUART_cdc.o)
                0x00001968                USBUART_DispatchCDCClassRqst
 .text.USBUART_CDC_Init
                0x00001a00       0x98 .\CortexM3\ARM_GCC_541\Debug\FC_Impresion.a(USBUART_cdc.o)
                0x00001a00                USBUART_CDC_Init
 .text.USBUART_PutData
                0x00001a98       0x50 .\CortexM3\ARM_GCC_541\Debug\FC_Impresion.a(USBUART_cdc.o)
                0x00001a98                USBUART_PutData
 .text.USBUART_PutString
                0x00001ae8       0xa0 .\CortexM3\ARM_GCC_541\Debug\FC_Impresion.a(USBUART_cdc.o)
                0x00001ae8                USBUART_PutString
 .text.USBUART_PutChar
                0x00001b88       0x28 .\CortexM3\ARM_GCC_541\Debug\FC_Impresion.a(USBUART_cdc.o)
                0x00001b88                USBUART_PutChar
 .text.USBUART_DataIsReady
                0x00001bb0       0x18 .\CortexM3\ARM_GCC_541\Debug\FC_Impresion.a(USBUART_cdc.o)
                0x00001bb0                USBUART_DataIsReady
 .text.USBUART_CDCIsReady
                0x00001bc8       0x18 .\CortexM3\ARM_GCC_541\Debug\FC_Impresion.a(USBUART_cdc.o)
                0x00001bc8                USBUART_CDCIsReady
 .text.USBUART_GetAll
                0x00001be0       0x30 .\CortexM3\ARM_GCC_541\Debug\FC_Impresion.a(USBUART_cdc.o)
                0x00001be0                USBUART_GetAll
 .text.USBUART_Cdc_EpInit
                0x00001c10       0x50 .\CortexM3\ARM_GCC_541\Debug\FC_Impresion.a(USBUART_cdc.o)
                0x00001c10                USBUART_Cdc_EpInit
 .text.USBUART_LoadEP0
                0x00001c60       0x98 .\CortexM3\ARM_GCC_541\Debug\FC_Impresion.a(USBUART_drv.o)
                0x00001c60                USBUART_LoadEP0
 .text.USBUART_InitZeroLengthControlTransfer
                0x00001cf8       0x34 .\CortexM3\ARM_GCC_541\Debug\FC_Impresion.a(USBUART_drv.o)
                0x00001cf8                USBUART_InitZeroLengthControlTransfer
 .text.USBUART_ControlReadDataStage
                0x00001d2c        0x8 .\CortexM3\ARM_GCC_541\Debug\FC_Impresion.a(USBUART_drv.o)
                0x00001d2c                USBUART_ControlReadDataStage
 .text.USBUART_ControlWriteDataStage
                0x00001d34       0x84 .\CortexM3\ARM_GCC_541\Debug\FC_Impresion.a(USBUART_drv.o)
                0x00001d34                USBUART_ControlWriteDataStage
 .text.USBUART_InitNoDataControlTransfer
                0x00001db8       0x2c .\CortexM3\ARM_GCC_541\Debug\FC_Impresion.a(USBUART_drv.o)
                0x00001db8                USBUART_InitNoDataControlTransfer
 .text.USBUART_UpdateStatusBlock
                0x00001de4       0x24 .\CortexM3\ARM_GCC_541\Debug\FC_Impresion.a(USBUART_drv.o)
                0x00001de4                USBUART_UpdateStatusBlock
 .text.USBUART_HandleSetup
                0x00001e08       0x5c .\CortexM3\ARM_GCC_541\Debug\FC_Impresion.a(USBUART_drv.o)
                0x00001e08                USBUART_HandleSetup
 .text.USBUART_ControlReadStatusStage
                0x00001e64       0x38 .\CortexM3\ARM_GCC_541\Debug\FC_Impresion.a(USBUART_drv.o)
                0x00001e64                USBUART_ControlReadStatusStage
 .text.USBUART_HandleOUT
                0x00001e9c       0x38 .\CortexM3\ARM_GCC_541\Debug\FC_Impresion.a(USBUART_drv.o)
                0x00001e9c                USBUART_HandleOUT
 .text.USBUART_ControlWriteStatusStage
                0x00001ed4       0x20 .\CortexM3\ARM_GCC_541\Debug\FC_Impresion.a(USBUART_drv.o)
                0x00001ed4                USBUART_ControlWriteStatusStage
 .text.USBUART_NoDataControlStatusStage
                0x00001ef4       0x40 .\CortexM3\ARM_GCC_541\Debug\FC_Impresion.a(USBUART_drv.o)
                0x00001ef4                USBUART_NoDataControlStatusStage
 .text.USBUART_HandleIN
                0x00001f34       0x2c .\CortexM3\ARM_GCC_541\Debug\FC_Impresion.a(USBUART_drv.o)
                0x00001f34                USBUART_HandleIN
 .text.USBUART_EP_0_ISR
                0x00001f60       0xb8 .\CortexM3\ARM_GCC_541\Debug\FC_Impresion.a(USBUART_drv.o)
                0x00001f60                USBUART_EP_0_ISR
 .text.USBUART_InitializeStatusBlock
                0x00002018       0x24 .\CortexM3\ARM_GCC_541\Debug\FC_Impresion.a(USBUART_drv.o)
                0x00002018                USBUART_InitializeStatusBlock
 .text.USBUART_InitControlRead
                0x0000203c       0x50 .\CortexM3\ARM_GCC_541\Debug\FC_Impresion.a(USBUART_drv.o)
                0x0000203c                USBUART_InitControlRead
 .text.USBUART_InitControlWrite
                0x0000208c       0x48 .\CortexM3\ARM_GCC_541\Debug\FC_Impresion.a(USBUART_drv.o)
                0x0000208c                USBUART_InitControlWrite
 .text.USBUART_EP_1_ISR
                0x000020d4       0x30 .\CortexM3\ARM_GCC_541\Debug\FC_Impresion.a(USBUART_episr.o)
                0x000020d4                USBUART_EP_1_ISR
 .text.USBUART_EP_2_ISR
                0x00002104       0x34 .\CortexM3\ARM_GCC_541\Debug\FC_Impresion.a(USBUART_episr.o)
                0x00002104                USBUART_EP_2_ISR
 .text.USBUART_EP_3_ISR
                0x00002138       0x3c .\CortexM3\ARM_GCC_541\Debug\FC_Impresion.a(USBUART_episr.o)
                0x00002138                USBUART_EP_3_ISR
 .text.USBUART_SOF_ISR
                0x00002174        0x4 .\CortexM3\ARM_GCC_541\Debug\FC_Impresion.a(USBUART_episr.o)
                0x00002174                USBUART_SOF_ISR
 .text.USBUART_BUS_RESET_ISR
                0x00002178        0x8 .\CortexM3\ARM_GCC_541\Debug\FC_Impresion.a(USBUART_episr.o)
                0x00002178                USBUART_BUS_RESET_ISR
 .text.USBUART_DP_ISR
                0x00002180        0x8 .\CortexM3\ARM_GCC_541\Debug\FC_Impresion.a(USBUART_pm.o)
                0x00002180                USBUART_DP_ISR
 .text.USBUART_ReadDieID
                0x00002188       0x6c .\CortexM3\ARM_GCC_541\Debug\FC_Impresion.a(USBUART_std.o)
                0x00002188                USBUART_ReadDieID
 .text.USBUART_ConfigReg
                0x000021f4       0xa4 .\CortexM3\ARM_GCC_541\Debug\FC_Impresion.a(USBUART_std.o)
                0x000021f4                USBUART_ConfigReg
 .text.USBUART_GetConfigTablePtr
                0x00002298       0x28 .\CortexM3\ARM_GCC_541\Debug\FC_Impresion.a(USBUART_std.o)
                0x00002298                USBUART_GetConfigTablePtr
 .text.USBUART_ConfigAltChanged
                0x000022c0      0x11c .\CortexM3\ARM_GCC_541\Debug\FC_Impresion.a(USBUART_std.o)
                0x000022c0                USBUART_ConfigAltChanged
 .text.USBUART_GetDeviceTablePtr
                0x000023dc       0x18 .\CortexM3\ARM_GCC_541\Debug\FC_Impresion.a(USBUART_std.o)
                0x000023dc                USBUART_GetDeviceTablePtr
 .text.USBUART_GetInterfaceClassTablePtr
                0x000023f4       0x28 .\CortexM3\ARM_GCC_541\Debug\FC_Impresion.a(USBUART_std.o)
                0x000023f4                USBUART_GetInterfaceClassTablePtr
 .text.USBUART_Config
                0x0000241c      0x1e4 .\CortexM3\ARM_GCC_541\Debug\FC_Impresion.a(USBUART_std.o)
                0x0000241c                USBUART_Config
 .text.USBUART_SetEndpointHalt
                0x00002600       0x64 .\CortexM3\ARM_GCC_541\Debug\FC_Impresion.a(USBUART_std.o)
                0x00002600                USBUART_SetEndpointHalt
 .text.USBUART_ClearEndpointHalt
                0x00002664       0xac .\CortexM3\ARM_GCC_541\Debug\FC_Impresion.a(USBUART_std.o)
                0x00002664                USBUART_ClearEndpointHalt
 .text.USBUART_ValidateAlternateSetting
                0x00002710       0x4c .\CortexM3\ARM_GCC_541\Debug\FC_Impresion.a(USBUART_std.o)
                0x00002710                USBUART_ValidateAlternateSetting
 .text.USBUART_HandleStandardRqst
                0x0000275c      0x35c .\CortexM3\ARM_GCC_541\Debug\FC_Impresion.a(USBUART_std.o)
                0x0000275c                USBUART_HandleStandardRqst
 .text.USBUART_HandleVendorRqst
                0x00002ab8       0x3c .\CortexM3\ARM_GCC_541\Debug\FC_Impresion.a(USBUART_vnd.o)
                0x00002ab8                USBUART_HandleVendorRqst
 .text.USBUART_Dp_ClearInterrupt
                0x00002af4       0x10 .\CortexM3\ARM_GCC_541\Debug\FC_Impresion.a(USBUART_Dp.o)
                0x00002af4                USBUART_Dp_ClearInterrupt
 *fill*         0x00002b04        0x4 
 .text          0x00002b08       0x20 .\CortexM3\ARM_GCC_541\Debug\FC_Impresion.a(CyBootAsmGnu.o)
                0x00002b08                CyDelayCycles
                0x00002b18                CyEnterCriticalSection
                0x00002b20                CyExitCriticalSection
 .text.CySetTempInt
                0x00002b28       0x60 .\CortexM3\ARM_GCC_541\Debug\FC_Impresion.a(CyFlash.o)
 .text.CyFlashGetSpcAlgorithm
                0x00002b88       0x4c .\CortexM3\ARM_GCC_541\Debug\FC_Impresion.a(CyFlash.o)
                0x00002b88                CyFlashGetSpcAlgorithm
 .text.CySetTemp
                0x00002bd4       0x14 .\CortexM3\ARM_GCC_541\Debug\FC_Impresion.a(CyFlash.o)
                0x00002bd4                CySetTemp
 .text.CyEEPROM_Start
                0x00002be8       0x54 .\CortexM3\ARM_GCC_541\Debug\FC_Impresion.a(CyFlash.o)
                0x00002be8                CyEEPROM_Start
 .text.CyEEPROM_ReadReserve
                0x00002c3c       0x1c .\CortexM3\ARM_GCC_541\Debug\FC_Impresion.a(CyFlash.o)
                0x00002c3c                CyEEPROM_ReadReserve
 .text.CyEEPROM_ReadRelease
                0x00002c58       0x10 .\CortexM3\ARM_GCC_541\Debug\FC_Impresion.a(CyFlash.o)
                0x00002c58                CyEEPROM_ReadRelease
 .text.CySpcStart
                0x00002c68       0x24 .\CortexM3\ARM_GCC_541\Debug\FC_Impresion.a(CySpc.o)
                0x00002c68                CySpcStart
 .text.CySpcReadData
                0x00002c8c       0x34 .\CortexM3\ARM_GCC_541\Debug\FC_Impresion.a(CySpc.o)
                0x00002c8c                CySpcReadData
 .text.CySpcLoadMultiByte
                0x00002cc0       0x78 .\CortexM3\ARM_GCC_541\Debug\FC_Impresion.a(CySpc.o)
                0x00002cc0                CySpcLoadMultiByte
 .text.CySpcWriteRow
                0x00002d38       0x4c .\CortexM3\ARM_GCC_541\Debug\FC_Impresion.a(CySpc.o)
                0x00002d38                CySpcWriteRow
 .text.CySpcGetTemp
                0x00002d84       0x3c .\CortexM3\ARM_GCC_541\Debug\FC_Impresion.a(CySpc.o)
                0x00002d84                CySpcGetTemp
 .text.CySpcLock
                0x00002dc0       0x4c .\CortexM3\ARM_GCC_541\Debug\FC_Impresion.a(CySpc.o)
                0x00002dc0                CySpcLock
 .text.CySpcUnlock
                0x00002e0c       0x38 .\CortexM3\ARM_GCC_541\Debug\FC_Impresion.a(CySpc.o)
                0x00002e0c                CySpcUnlock
 .text.CySpcGetAlgorithm
                0x00002e44       0x28 .\CortexM3\ARM_GCC_541\Debug\FC_Impresion.a(CySpc.o)
                0x00002e44                CySpcGetAlgorithm
 .text.USBUART_DispatchClassRqst
                0x00002e6c       0x60 .\CortexM3\ARM_GCC_541\Debug\FC_Impresion.a(USBUART_cls.o)
                0x00002e6c                USBUART_DispatchClassRqst
 .text.__errno  0x00002ecc        0xc c:/program files (x86)/cypress/psoc creator/4.2/psoc creator/import/gnu/arm/5.4.1/bin/../lib/gcc/arm-none-eabi/5.4.1/../../../../arm-none-eabi/lib/armv7-m\libg_nano.a(lib_a-errno.o)
                0x00002ecc                __errno
 .text.__libc_init_array
                0x00002ed8       0x4c c:/program files (x86)/cypress/psoc creator/4.2/psoc creator/import/gnu/arm/5.4.1/bin/../lib/gcc/arm-none-eabi/5.4.1/../../../../arm-none-eabi/lib/armv7-m\libg_nano.a(lib_a-init.o)
                0x00002ed8                __libc_init_array
 .text.memcpy   0x00002f24       0x16 c:/program files (x86)/cypress/psoc creator/4.2/psoc creator/import/gnu/arm/5.4.1/bin/../lib/gcc/arm-none-eabi/5.4.1/../../../../arm-none-eabi/lib/armv7-m\libg_nano.a(lib_a-memcpy-stub.o)
                0x00002f24                memcpy
 .text.memset   0x00002f3a       0x10 c:/program files (x86)/cypress/psoc creator/4.2/psoc creator/import/gnu/arm/5.4.1/bin/../lib/gcc/arm-none-eabi/5.4.1/../../../../arm-none-eabi/lib/armv7-m\libg_nano.a(lib_a-memset.o)
                0x00002f3a                memset
 *(.plt)
 *(.gnu.warning)
 *(.glue_7t)
 .glue_7t       0x00002f4a        0x0 linker stubs
 *(.glue_7)
 .glue_7        0x00002f4a        0x0 linker stubs
 *(.vfp11_veneer)
 .vfp11_veneer  0x00002f4a        0x0 linker stubs
 *(.bootloader)
 *(.ARM.extab* .gnu.linkonce.armextab.*)
 *(.gcc_except_table)

.v4_bx          0x00002f4c        0x0
 .v4_bx         0x00002f4c        0x0 linker stubs

.iplt           0x00002f4c        0x0
 .iplt          0x00002f4c        0x0 c:/program files (x86)/cypress/psoc creator/4.2/psoc creator/import/gnu/arm/5.4.1/bin/../lib/gcc/arm-none-eabi/5.4.1/armv7-m/crtbegin.o

.eh_frame_hdr
 *(.eh_frame_hdr)

.eh_frame       0x00002f4c        0x4
 *(.eh_frame)
 .eh_frame      0x00002f4c        0x0 c:/program files (x86)/cypress/psoc creator/4.2/psoc creator/import/gnu/arm/5.4.1/bin/../lib/gcc/arm-none-eabi/5.4.1/armv7-m/crtbegin.o
 .eh_frame      0x00002f4c        0x4 c:/program files (x86)/cypress/psoc creator/4.2/psoc creator/import/gnu/arm/5.4.1/bin/../lib/gcc/arm-none-eabi/5.4.1/armv7-m/crtend.o
                [!provide]                PROVIDE (__exidx_start, .)

.ARM.exidx
 *(.ARM.exidx* .gnu.linkonce.armexidx.*)
                0x00002f50                __exidx_end = .

.rodata         0x00002f50      0x2f8
 *(.rodata .rodata.* .gnu.linkonce.r.*)
 .rodata.str1.4
                0x00002f50       0xba .\CortexM3\ARM_GCC_541\Debug\main.o
 *fill*         0x0000300a        0x2 
 .rodata        0x0000300c       0x56 .\CortexM3\ARM_GCC_541\Debug\cyfitter_cfg.o
 *fill*         0x00003062        0x2 
 .rodata.str1.4
                0x00003064       0x14 .\CortexM3\ARM_GCC_541\Debug\FC_Impresion.a(USBUART_std.o)
                                 0x11 (size before relaxing)
 .rodata        0x00003078      0x19a .\CortexM3\ARM_GCC_541\Debug\FC_Impresion.a(USBUART_descr.o)
                0x00003078                USBUART_MSOS_CONFIGURATION_DESCR
                0x000030a0                USBUART_MSOS_DESCRIPTOR
                0x000030b4                USBUART_TABLE
                0x000030bc                USBUART_DEVICE0_TABLE
                0x000030d4                USBUART_DEVICE0_CONFIGURATION0_TABLE
                0x000030fc                USBUART_DEVICE0_CONFIGURATION0_INTERFACE_CLASS
                0x00003100                USBUART_DEVICE0_CONFIGURATION0_EP_SETTINGS_TABLE
                0x00003118                USBUART_SN_STRING_DESCRIPTOR
                0x0000311c                USBUART_STRING_DESCRIPTORS
                0x000031bc                USBUART_DEVICE0_CONFIGURATION0_DESCR
                0x00003200                USBUART_DEVICE0_DESCR
 .rodata.str1.1
                0x00003212        0x2 c:/program files (x86)/cypress/psoc creator/4.2/psoc creator/import/gnu/arm/5.4.1/bin/../lib/gcc/arm-none-eabi/5.4.1/../../../../arm-none-eabi/lib/armv7-m\libg_nano.a(lib_a-impure.o)
                0x00003214                . = ALIGN (0x4)
 *(.init)
 .init          0x00003214        0x4 c:/program files (x86)/cypress/psoc creator/4.2/psoc creator/import/gnu/arm/5.4.1/bin/../lib/gcc/arm-none-eabi/5.4.1/armv7-m/crti.o
                0x00003214                _init
 .init          0x00003218        0x8 c:/program files (x86)/cypress/psoc creator/4.2/psoc creator/import/gnu/arm/5.4.1/bin/../lib/gcc/arm-none-eabi/5.4.1/armv7-m/crtn.o
                0x00003220                . = ALIGN (0x4)
                0x00003220                __preinit_array_start = .
 *(.preinit_array)
                0x00003220                __preinit_array_end = .
                0x00003220                . = ALIGN (0x4)
                0x00003220                __init_array_start = .
 *(SORT(.init_array.*))
 *(.init_array)
 .init_array    0x00003220        0x4 c:/program files (x86)/cypress/psoc creator/4.2/psoc creator/import/gnu/arm/5.4.1/bin/../lib/gcc/arm-none-eabi/5.4.1/armv7-m/crtbegin.o
 .init_array    0x00003224        0x4 .\CortexM3\ARM_GCC_541\Debug\Cm3Start.o
                0x00003228                __init_array_end = .
                0x00003228                . = ALIGN (0x4)
 *(.fini)
 .fini          0x00003228        0x4 c:/program files (x86)/cypress/psoc creator/4.2/psoc creator/import/gnu/arm/5.4.1/bin/../lib/gcc/arm-none-eabi/5.4.1/armv7-m/crti.o
                0x00003228                _fini
 .fini          0x0000322c        0x8 c:/program files (x86)/cypress/psoc creator/4.2/psoc creator/import/gnu/arm/5.4.1/bin/../lib/gcc/arm-none-eabi/5.4.1/armv7-m/crtn.o
                0x00003234                . = ALIGN (0x4)
                0x00003234                __fini_array_start = .
 *(.fini_array)
 .fini_array    0x00003234        0x4 c:/program files (x86)/cypress/psoc creator/4.2/psoc creator/import/gnu/arm/5.4.1/bin/../lib/gcc/arm-none-eabi/5.4.1/armv7-m/crtbegin.o
 *(SORT(.fini_array.*))
                0x00003238                __fini_array_end = .
                0x00003238                . = ALIGN (0x4)
 *crtbegin.o(.ctors)
 *(EXCLUDE_FILE(*crtend.o) .ctors)
 *(SORT(.ctors.*))
 *crtend.o(.ctors)
                0x00003238                . = ALIGN (0x4)
 *crtbegin.o(.dtors)
 *(EXCLUDE_FILE(*crtend.o) .dtors)
 *(SORT(.dtors.*))
 *crtend.o(.dtors)
                0x00003238                . = ALIGN (0x4)
                0x00003238                __cy_regions = .
                0x00003238        0x4 LONG 0x3248 __cy_region_init_ram
                0x0000323c        0x4 LONG 0x1fff80c8 __cy_region_start_data
                0x00003240        0x4 LONG 0x98 __cy_region_init_size_ram
                0x00003244        0x4 LONG 0x5b0 __cy_region_zero_size_ram
                0x00003248                __cy_regions_end = .
                0x00003248                . = ALIGN (0x8)
                0x00003248                _etext = .

.cy_checksum_exclude
                0x00003248        0x0
 *(.cy_checksum_exclude)

.ramvectors     0x1fff8000       0xc0
                0x1fff8000                __cy_region_start_ram = .
 *(.ramvectors)
 .ramvectors    0x1fff8000       0xc0 .\CortexM3\ARM_GCC_541\Debug\Cm3Start.o
                0x1fff8000                CyRamVectors

.noinit         0x1fff80c0        0x1
 *(.noinit)
 .noinit        0x1fff80c0        0x1 .\CortexM3\ARM_GCC_541\Debug\FC_Impresion.a(CyLib.o)
                0x1fff80c0                CyResetStatus

.data           0x1fff80c8       0x98 load address 0x00003248
                0x1fff80c8                __cy_region_start_data = .
 *(.jcr)
 .jcr           0x1fff80c8        0x0 c:/program files (x86)/cypress/psoc creator/4.2/psoc creator/import/gnu/arm/5.4.1/bin/../lib/gcc/arm-none-eabi/5.4.1/armv7-m/crtbegin.o
 .jcr           0x1fff80c8        0x4 c:/program files (x86)/cypress/psoc creator/4.2/psoc creator/import/gnu/arm/5.4.1/bin/../lib/gcc/arm-none-eabi/5.4.1/armv7-m/crtend.o
 *(.got.plt)
 *(.got)
 *(.shdata)
 *(.data .data.* .gnu.linkonce.d.*)
 .data          0x1fff80cc       0x10 .\CortexM3\ARM_GCC_541\Debug\FC_Impresion.a(CyLib.o)
                0x1fff80cc                cydelay_32k_ms
                0x1fff80d0                cydelay_freq_khz
                0x1fff80d4                cydelay_freq_mhz
                0x1fff80d8                cydelay_freq_hz
 .data          0x1fff80dc       0x1a .\CortexM3\ARM_GCC_541\Debug\FC_Impresion.a(USBUART_cdc.o)
                0x1fff80dc                USBUART_linesCoding
 *fill*         0x1fff80f6        0x2 
 .data.impure_data
                0x1fff80f8       0x60 c:/program files (x86)/cypress/psoc creator/4.2/psoc creator/import/gnu/arm/5.4.1/bin/../lib/gcc/arm-none-eabi/5.4.1/../../../../arm-none-eabi/lib/armv7-m\libg_nano.a(lib_a-impure.o)
 .data._impure_ptr
                0x1fff8158        0x4 c:/program files (x86)/cypress/psoc creator/4.2/psoc creator/import/gnu/arm/5.4.1/bin/../lib/gcc/arm-none-eabi/5.4.1/../../../../arm-none-eabi/lib/armv7-m\libg_nano.a(lib_a-impure.o)
                0x1fff8158                _impure_ptr
                0x1fff8160                . = ALIGN (0x8)
 *fill*         0x1fff815c        0x4 
 *(.ram)
                0x1fff8160                _edata = .

.igot.plt       0x1fff8160        0x0 load address 0x000032e0
 .igot.plt      0x1fff8160        0x0 c:/program files (x86)/cypress/psoc creator/4.2/psoc creator/import/gnu/arm/5.4.1/bin/../lib/gcc/arm-none-eabi/5.4.1/armv7-m/crtbegin.o

.bss            0x1fff8160      0x5b0 load address 0x000032e0
                0x1fff8160                PROVIDE (__bss_start__, .)
 *(.shbss)
 *(.bss .bss.* .gnu.linkonce.b.*)
 .bss           0x1fff8160       0x1c c:/program files (x86)/cypress/psoc creator/4.2/psoc creator/import/gnu/arm/5.4.1/bin/../lib/gcc/arm-none-eabi/5.4.1/armv7-m/crtbegin.o
 .bss           0x1fff817c        0x1 .\CortexM3\ARM_GCC_541\Debug\FC_Impresion.a(I2C_1.o)
                0x1fff817c                I2C_1_initVar
 *fill*         0x1fff817d        0x1 
 .bss           0x1fff817e        0x9 .\CortexM3\ARM_GCC_541\Debug\FC_Impresion.a(RS232.o)
                0x1fff817e                RS232_errorStatus
                0x1fff817f                RS232_initVar
                0x1fff8180                RS232_rxBufferRead
                0x1fff8182                RS232_rxBufferWrite
                0x1fff8184                RS232_rxBufferLoopDetect
                0x1fff8185                RS232_rxBufferOverflow
 .bss           0x1fff8187        0x7 .\CortexM3\ARM_GCC_541\Debug\FC_Impresion.a(Surtidor.o)
                0x1fff8187                Surtidor_errorStatus
                0x1fff8188                Surtidor_initVar
                0x1fff8189                Surtidor_rxBufferRead
                0x1fff818a                Surtidor_rxBufferWrite
                0x1fff818b                Surtidor_rxBufferLoopDetect
                0x1fff818c                Surtidor_rxBufferOverflow
 .bss           0x1fff818e        0x1 .\CortexM3\ARM_GCC_541\Debug\FC_Impresion.a(USBUART.o)
                0x1fff818e                USBUART_initVar
 .bss           0x1fff818f        0x1 .\CortexM3\ARM_GCC_541\Debug\FC_Impresion.a(USBUART_cdc.o)
 .bss           0x1fff8190        0x2 .\CortexM3\ARM_GCC_541\Debug\FC_Impresion.a(USBUART_std.o)
 *fill*         0x1fff8192        0x2 
 .bss           0x1fff8194        0x8 .\CortexM3\ARM_GCC_541\Debug\FC_Impresion.a(CySpc.o)
                0x1fff8194                SpcLockState
 *(COMMON)
 COMMON         0x1fff819c      0x27f .\CortexM3\ARM_GCC_541\Debug\main.o
                0x1fff819c                lado2
                0x1fff81f8                km
                0x1fff81fc                hora
                0x1fff8200                nit
                0x1fff820f                version
                0x1fff8210                direccion
                0x1fff8234                lema2
                0x1fff8254                nombre_pro2
                0x1fff8268                id_logo
                0x1fff826a                ppux10
                0x1fff826c                nombre_pro1
                0x1fff8280                rventa2
                0x1fff82e4                telefono
                0x1fff82f8                print1
                0x1fff82fc                nombre_pro3
                0x1fff8310                fecha
                0x1fff8314                nombre
                0x1fff8338                print2
                0x1fff833c                lado1
                0x1fff8398                lema1
                0x1fff83b8                rventa1
 COMMON         0x1fff841b        0x1 .\CortexM3\ARM_GCC_541\Debug\FC_Impresion.a(I2C_1.o)
                0x1fff841b                I2C_1_state
 COMMON         0x1fff841c       0x11 .\CortexM3\ARM_GCC_541\Debug\FC_Impresion.a(I2C_1_MASTER.o)
                0x1fff841c                I2C_1_mstrWrBufIndex
                0x1fff841d                I2C_1_mstrControl
                0x1fff841e                I2C_1_mstrStatus
                0x1fff841f                I2C_1_mstrWrBufSize
                0x1fff8420                I2C_1_mstrRdBufIndex
                0x1fff8424                I2C_1_mstrWrBufPtr
                0x1fff8428                I2C_1_mstrRdBufPtr
                0x1fff842c                I2C_1_mstrRdBufSize
 *fill*         0x1fff842d        0x3 
 COMMON         0x1fff8430      0x100 .\CortexM3\ARM_GCC_541\Debug\FC_Impresion.a(RS232.o)
                0x1fff8430                RS232_rxBuffer
 COMMON         0x1fff8530       0xff .\CortexM3\ARM_GCC_541\Debug\FC_Impresion.a(Surtidor.o)
                0x1fff8530                Surtidor_rxBuffer
 *fill*         0x1fff862f        0x1 
 COMMON         0x1fff8630       0x18 .\CortexM3\ARM_GCC_541\Debug\FC_Impresion.a(USBUART_cdc.o)
                0x1fff8630                USBUART_linesChanged
                0x1fff8634                USBUART_cdcDataInEp
                0x1fff8638                USBUART_cdcCommInInterruptEp
                0x1fff863c                USBUART_cdcDataOutEp
                0x1fff8640                USBUART_serialStateBitmap
                0x1fff8644                USBUART_linesControlBitmap
 COMMON         0x1fff8648       0x9a .\CortexM3\ARM_GCC_541\Debug\FC_Impresion.a(USBUART_drv.o)
                0x1fff8648                USBUART_lastPacketSize
                0x1fff8649                USBUART_device
                0x1fff864a                USBUART_transferByteCount
                0x1fff864c                USBUART_transferState
                0x1fff8650                USBUART_interfaceSettingLast
                0x1fff8654                USBUART_currentTD
                0x1fff8660                USBUART_interfaceNumber
                0x1fff8664                USBUART_interfaceClass
                0x1fff8668                USBUART_configurationChanged
                0x1fff8669                USBUART_ep0Mode
                0x1fff866a                USBUART_deviceAddress
                0x1fff866b                USBUART_configuration
                0x1fff866c                USBUART_ep0Count
                0x1fff866d                USBUART_deviceStatus
                0x1fff8670                USBUART_EP
                0x1fff86dc                USBUART_interfaceSetting
                0x1fff86de                USBUART_ep0Toggle
                0x1fff86e0                USBUART_interfaceStatus
 *fill*         0x1fff86e2        0x2 
 COMMON         0x1fff86e4        0x2 .\CortexM3\ARM_GCC_541\Debug\FC_Impresion.a(CyFlash.o)
                0x1fff86e4                dieTemperature
 *fill*         0x1fff86e6        0x2 
 COMMON         0x1fff86e8       0x22 .\CortexM3\ARM_GCC_541\Debug\FC_Impresion.a(USBUART_descr.o)
                0x1fff86e8                USBUART_idSerialNumberStringDescriptor
                0x1fff8710                . = ALIGN (0x8)
 *fill*         0x1fff870a        0x6 
 *(.ram.b)
                0x1fff8710                _end = .
                0x1fff8710                __end = .
                0x1fff8710                PROVIDE (end, .)
                0x1fff8710                PROVIDE (__bss_end__, .)
                0x00003248                __cy_region_init_ram = LOADADDR (.data)
                0x00000098                __cy_region_init_size_ram = (_edata - ADDR (.data))
                0x000005b0                __cy_region_zero_size_ram = (_end - _edata)

.heap           0x1fff8710       0x80 load address 0x000032e0
                0x1fff8710                . = _end
                0x1fff8790                . = (. + 0x80)
 *fill*         0x1fff8710       0x80 
                0x1fff8790                __cy_heap_limit = .

.stack          0x20007800      0x800
                0x20007800                __cy_stack_limit = .
                0x20008000                . = (. + 0x800)
 *fill*         0x20007800      0x800 
                0x00000001                ASSERT ((__cy_stack_limit >= __cy_heap_limit), region RAM overflowed with stack)
                0x00000000                cy_checksum_exclude_size = (CY_APPL_LOADABLE == 0x1)?SIZEOF (.cy_checksum_exclude):0x0
                0x00000001                ASSERT ((cy_checksum_exclude_size <= CY_CHECKSUM_EXCLUDE_SIZE), CY_BOOT: Section .cy_checksum_exclude size exceedes specified limit.)

.cyloadermeta
 *(.cyloadermeta)

.cyloadablemeta
 *(.cyloadablemeta)

.cyconfigecc    0x80000000     0x102c
 *(.cyconfigecc)
 .cyconfigecc   0x80000000     0x102c .\CortexM3\ARM_GCC_541\Debug\cymetadata.o
                0x80000000                cy_meta_configecc

.cycustnvl      0x90000000        0x4
 *(.cycustnvl)
 .cycustnvl     0x90000000        0x4 .\CortexM3\ARM_GCC_541\Debug\cymetadata.o
                0x90000000                cy_meta_custnvl

.cywolatch      0x90100000        0x4
 *(.cywolatch)
 .cywolatch     0x90100000        0x4 .\CortexM3\ARM_GCC_541\Debug\cymetadata.o
                0x90100000                cy_meta_wonvl

.cyeeprom       0x90200000        0x0
 *(.cyeeprom)
                0x00000001                ASSERT ((. <= ((0x90200000 + ee_offset) + ee_size)), .cyeeprom data will not fit in EEPROM)

.cyflashprotect
                0x90400000      0x100
 *(.cyflashprotect)
 .cyflashprotect
                0x90400000      0x100 .\CortexM3\ARM_GCC_541\Debug\cymetadata.o
                0x90400000                cy_meta_flashprotect

.cymeta         0x90500000        0xc
 *(.cymeta)
 .cymeta        0x90500000        0xc .\CortexM3\ARM_GCC_541\Debug\cymetadata.o
                0x90500000                cy_metadata

.rel.dyn        0x000032e0        0x0 load address 0x9050000c
 .rel.iplt      0x000032e0        0x0 c:/program files (x86)/cypress/psoc creator/4.2/psoc creator/import/gnu/arm/5.4.1/bin/../lib/gcc/arm-none-eabi/5.4.1/armv7-m/crtbegin.o

.stab
 *(.stab)

.stabstr
 *(.stabstr)

.debug
 *(.debug)

.line
 *(.line)

.debug_srcinfo
 *(.debug_srcinfo)

.debug_sfnames
 *(.debug_sfnames)

.debug_aranges  0x00000000      0xf40
 *(.debug_aranges)
 .debug_aranges
                0x00000000       0x48 .\CortexM3\ARM_GCC_541\Debug\main.o
 .debug_aranges
                0x00000048       0x38 .\CortexM3\ARM_GCC_541\Debug\Protocolo.o
 .debug_aranges
                0x00000080       0x20 .\CortexM3\ARM_GCC_541\Debug\Print.o
 .debug_aranges
                0x000000a0       0x38 .\CortexM3\ARM_GCC_541\Debug\i2c.o
 .debug_aranges
                0x000000d8       0x58 .\CortexM3\ARM_GCC_541\Debug\cyfitter_cfg.o
 .debug_aranges
                0x00000130       0x18 .\CortexM3\ARM_GCC_541\Debug\cymetadata.o
 .debug_aranges
                0x00000148       0x48 .\CortexM3\ARM_GCC_541\Debug\Cm3Start.o
 .debug_aranges
                0x00000190      0x2a0 .\CortexM3\ARM_GCC_541\Debug\FC_Impresion.a(CyLib.o)
 .debug_aranges
                0x00000430       0x98 .\CortexM3\ARM_GCC_541\Debug\FC_Impresion.a(cyPm.o)
 .debug_aranges
                0x000004c8       0x38 .\CortexM3\ARM_GCC_541\Debug\FC_Impresion.a(I2C_1.o)
 .debug_aranges
                0x00000500       0x20 .\CortexM3\ARM_GCC_541\Debug\FC_Impresion.a(I2C_1_INT.o)
 .debug_aranges
                0x00000520       0x38 .\CortexM3\ARM_GCC_541\Debug\FC_Impresion.a(I2C_1_PM.o)
 .debug_aranges
                0x00000558       0x80 .\CortexM3\ARM_GCC_541\Debug\FC_Impresion.a(I2C_1_MASTER.o)
 .debug_aranges
                0x000005d8       0xf0 .\CortexM3\ARM_GCC_541\Debug\FC_Impresion.a(RS232.o)
 .debug_aranges
                0x000006c8       0x20 .\CortexM3\ARM_GCC_541\Debug\FC_Impresion.a(RS232_INT.o)
 .debug_aranges
                0x000006e8       0xf0 .\CortexM3\ARM_GCC_541\Debug\FC_Impresion.a(Surtidor.o)
 .debug_aranges
                0x000007d8       0x20 .\CortexM3\ARM_GCC_541\Debug\FC_Impresion.a(Surtidor_INT.o)
 .debug_aranges
                0x000007f8       0x70 .\CortexM3\ARM_GCC_541\Debug\FC_Impresion.a(RS232_IntClock.o)
 .debug_aranges
                0x00000868       0x70 .\CortexM3\ARM_GCC_541\Debug\FC_Impresion.a(Surtidor_IntClock.o)
 .debug_aranges
                0x000008d8       0x38 .\CortexM3\ARM_GCC_541\Debug\FC_Impresion.a(Select1_RS232.o)
 .debug_aranges
                0x00000910       0x38 .\CortexM3\ARM_GCC_541\Debug\FC_Impresion.a(Select0_RS232.o)
 .debug_aranges
                0x00000948       0x38 .\CortexM3\ARM_GCC_541\Debug\FC_Impresion.a(Botones.o)
 .debug_aranges
                0x00000980       0x78 .\CortexM3\ARM_GCC_541\Debug\FC_Impresion.a(EEPROM.o)
 .debug_aranges
                0x000009f8       0x38 .\CortexM3\ARM_GCC_541\Debug\FC_Impresion.a(Led.o)
 .debug_aranges
                0x00000a30       0xc8 .\CortexM3\ARM_GCC_541\Debug\FC_Impresion.a(USBUART.o)
 .debug_aranges
                0x00000af8       0xe8 .\CortexM3\ARM_GCC_541\Debug\FC_Impresion.a(USBUART_cdc.o)
 .debug_aranges
                0x00000be0       0x98 .\CortexM3\ARM_GCC_541\Debug\FC_Impresion.a(USBUART_drv.o)
 .debug_aranges
                0x00000c78       0x40 .\CortexM3\ARM_GCC_541\Debug\FC_Impresion.a(USBUART_episr.o)
 .debug_aranges
                0x00000cb8       0x40 .\CortexM3\ARM_GCC_541\Debug\FC_Impresion.a(USBUART_pm.o)
 .debug_aranges
                0x00000cf8       0x80 .\CortexM3\ARM_GCC_541\Debug\FC_Impresion.a(USBUART_std.o)
 .debug_aranges
                0x00000d78       0x20 .\CortexM3\ARM_GCC_541\Debug\FC_Impresion.a(USBUART_vnd.o)
 .debug_aranges
                0x00000d98       0x48 .\CortexM3\ARM_GCC_541\Debug\FC_Impresion.a(USBUART_Dp.o)
 .debug_aranges
                0x00000de0       0x20 .\CortexM3\ARM_GCC_541\Debug\FC_Impresion.a(CyBootAsmGnu.o)
 .debug_aranges
                0x00000e00       0x88 .\CortexM3\ARM_GCC_541\Debug\FC_Impresion.a(CyFlash.o)
 .debug_aranges
                0x00000e88       0x80 .\CortexM3\ARM_GCC_541\Debug\FC_Impresion.a(CySpc.o)
 .debug_aranges
                0x00000f08       0x20 .\CortexM3\ARM_GCC_541\Debug\FC_Impresion.a(USBUART_cls.o)
 .debug_aranges
                0x00000f28       0x18 .\CortexM3\ARM_GCC_541\Debug\FC_Impresion.a(USBUART_descr.o)

.debug_pubnames
 *(.debug_pubnames)

.debug_info     0x00000000     0xbe72
 *(.debug_info .gnu.linkonce.wi.*)
 .debug_info    0x00000000     0x11ea .\CortexM3\ARM_GCC_541\Debug\main.o
 .debug_info    0x000011ea      0x7ae .\CortexM3\ARM_GCC_541\Debug\Protocolo.o
 .debug_info    0x00001998      0xa36 .\CortexM3\ARM_GCC_541\Debug\Print.o
 .debug_info    0x000023ce      0x77b .\CortexM3\ARM_GCC_541\Debug\i2c.o
 .debug_info    0x00002b49      0x617 .\CortexM3\ARM_GCC_541\Debug\cyfitter_cfg.o
 .debug_info    0x00003160      0x139 .\CortexM3\ARM_GCC_541\Debug\cymetadata.o
 .debug_info    0x00003299      0x3bb .\CortexM3\ARM_GCC_541\Debug\Cm3Start.o
 .debug_info    0x00003654     0x1374 .\CortexM3\ARM_GCC_541\Debug\FC_Impresion.a(CyLib.o)
 .debug_info    0x000049c8      0xa2a .\CortexM3\ARM_GCC_541\Debug\FC_Impresion.a(cyPm.o)
 .debug_info    0x000053f2      0x2ab .\CortexM3\ARM_GCC_541\Debug\FC_Impresion.a(I2C_1.o)
 .debug_info    0x0000569d      0x184 .\CortexM3\ARM_GCC_541\Debug\FC_Impresion.a(I2C_1_INT.o)
 .debug_info    0x00005821      0x207 .\CortexM3\ARM_GCC_541\Debug\FC_Impresion.a(I2C_1_PM.o)
 .debug_info    0x00005a28      0x407 .\CortexM3\ARM_GCC_541\Debug\FC_Impresion.a(I2C_1_MASTER.o)
 .debug_info    0x00005e2f      0x732 .\CortexM3\ARM_GCC_541\Debug\FC_Impresion.a(RS232.o)
 .debug_info    0x00006561      0x15d .\CortexM3\ARM_GCC_541\Debug\FC_Impresion.a(RS232_INT.o)
 .debug_info    0x000066be      0x72d .\CortexM3\ARM_GCC_541\Debug\FC_Impresion.a(Surtidor.o)
 .debug_info    0x00006deb      0x14c .\CortexM3\ARM_GCC_541\Debug\FC_Impresion.a(Surtidor_INT.o)
 .debug_info    0x00006f37      0x283 .\CortexM3\ARM_GCC_541\Debug\FC_Impresion.a(RS232_IntClock.o)
 .debug_info    0x000071ba      0x283 .\CortexM3\ARM_GCC_541\Debug\FC_Impresion.a(Surtidor_IntClock.o)
 .debug_info    0x0000743d      0x11f .\CortexM3\ARM_GCC_541\Debug\FC_Impresion.a(Select1_RS232.o)
 .debug_info    0x0000755c      0x11f .\CortexM3\ARM_GCC_541\Debug\FC_Impresion.a(Select0_RS232.o)
 .debug_info    0x0000767b      0x11f .\CortexM3\ARM_GCC_541\Debug\FC_Impresion.a(Botones.o)
 .debug_info    0x0000779a      0x630 .\CortexM3\ARM_GCC_541\Debug\FC_Impresion.a(EEPROM.o)
 .debug_info    0x00007dca      0x11f .\CortexM3\ARM_GCC_541\Debug\FC_Impresion.a(Led.o)
 .debug_info    0x00007ee9      0x98f .\CortexM3\ARM_GCC_541\Debug\FC_Impresion.a(USBUART.o)
 .debug_info    0x00008878      0xaf7 .\CortexM3\ARM_GCC_541\Debug\FC_Impresion.a(USBUART_cdc.o)
 .debug_info    0x0000936f      0x655 .\CortexM3\ARM_GCC_541\Debug\FC_Impresion.a(USBUART_drv.o)
 .debug_info    0x000099c4      0x254 .\CortexM3\ARM_GCC_541\Debug\FC_Impresion.a(USBUART_episr.o)
 .debug_info    0x00009c18      0x2e4 .\CortexM3\ARM_GCC_541\Debug\FC_Impresion.a(USBUART_pm.o)
 .debug_info    0x00009efc      0xb36 .\CortexM3\ARM_GCC_541\Debug\FC_Impresion.a(USBUART_std.o)
 .debug_info    0x0000aa32      0x1be .\CortexM3\ARM_GCC_541\Debug\FC_Impresion.a(USBUART_vnd.o)
 .debug_info    0x0000abf0      0x174 .\CortexM3\ARM_GCC_541\Debug\FC_Impresion.a(USBUART_Dp.o)
 .debug_info    0x0000ad64       0xb2 .\CortexM3\ARM_GCC_541\Debug\FC_Impresion.a(CyBootAsmGnu.o)
 .debug_info    0x0000ae16      0x64d .\CortexM3\ARM_GCC_541\Debug\FC_Impresion.a(CyFlash.o)
 .debug_info    0x0000b463      0x550 .\CortexM3\ARM_GCC_541\Debug\FC_Impresion.a(CySpc.o)
 .debug_info    0x0000b9b3      0x1de .\CortexM3\ARM_GCC_541\Debug\FC_Impresion.a(USBUART_cls.o)
 .debug_info    0x0000bb91      0x2e1 .\CortexM3\ARM_GCC_541\Debug\FC_Impresion.a(USBUART_descr.o)

.debug_abbrev   0x00000000     0x2ce9
 *(.debug_abbrev)
 .debug_abbrev  0x00000000      0x227 .\CortexM3\ARM_GCC_541\Debug\main.o
 .debug_abbrev  0x00000227      0x155 .\CortexM3\ARM_GCC_541\Debug\Protocolo.o
 .debug_abbrev  0x0000037c      0x15c .\CortexM3\ARM_GCC_541\Debug\Print.o
 .debug_abbrev  0x000004d8      0x155 .\CortexM3\ARM_GCC_541\Debug\i2c.o
 .debug_abbrev  0x0000062d      0x20d .\CortexM3\ARM_GCC_541\Debug\cyfitter_cfg.o
 .debug_abbrev  0x0000083a       0x77 .\CortexM3\ARM_GCC_541\Debug\cymetadata.o
 .debug_abbrev  0x000008b1      0x1e8 .\CortexM3\ARM_GCC_541\Debug\Cm3Start.o
 .debug_abbrev  0x00000a99      0x254 .\CortexM3\ARM_GCC_541\Debug\FC_Impresion.a(CyLib.o)
 .debug_abbrev  0x00000ced      0x1ab .\CortexM3\ARM_GCC_541\Debug\FC_Impresion.a(cyPm.o)
 .debug_abbrev  0x00000e98      0x10a .\CortexM3\ARM_GCC_541\Debug\FC_Impresion.a(I2C_1.o)
 .debug_abbrev  0x00000fa2       0xb6 .\CortexM3\ARM_GCC_541\Debug\FC_Impresion.a(I2C_1_INT.o)
 .debug_abbrev  0x00001058       0xfe .\CortexM3\ARM_GCC_541\Debug\FC_Impresion.a(I2C_1_PM.o)
 .debug_abbrev  0x00001156      0x13c .\CortexM3\ARM_GCC_541\Debug\FC_Impresion.a(I2C_1_MASTER.o)
 .debug_abbrev  0x00001292      0x16f .\CortexM3\ARM_GCC_541\Debug\FC_Impresion.a(RS232.o)
 .debug_abbrev  0x00001401       0x8a .\CortexM3\ARM_GCC_541\Debug\FC_Impresion.a(RS232_INT.o)
 .debug_abbrev  0x0000148b      0x16f .\CortexM3\ARM_GCC_541\Debug\FC_Impresion.a(Surtidor.o)
 .debug_abbrev  0x000015fa       0x8a .\CortexM3\ARM_GCC_541\Debug\FC_Impresion.a(Surtidor_INT.o)
 .debug_abbrev  0x00001684      0x139 .\CortexM3\ARM_GCC_541\Debug\FC_Impresion.a(RS232_IntClock.o)
 .debug_abbrev  0x000017bd      0x139 .\CortexM3\ARM_GCC_541\Debug\FC_Impresion.a(Surtidor_IntClock.o)
 .debug_abbrev  0x000018f6       0x90 .\CortexM3\ARM_GCC_541\Debug\FC_Impresion.a(Select1_RS232.o)
 .debug_abbrev  0x00001986       0x90 .\CortexM3\ARM_GCC_541\Debug\FC_Impresion.a(Select0_RS232.o)
 .debug_abbrev  0x00001a16       0x90 .\CortexM3\ARM_GCC_541\Debug\FC_Impresion.a(Botones.o)
 .debug_abbrev  0x00001aa6      0x14e .\CortexM3\ARM_GCC_541\Debug\FC_Impresion.a(EEPROM.o)
 .debug_abbrev  0x00001bf4       0x90 .\CortexM3\ARM_GCC_541\Debug\FC_Impresion.a(Led.o)
 .debug_abbrev  0x00001c84      0x215 .\CortexM3\ARM_GCC_541\Debug\FC_Impresion.a(USBUART.o)
 .debug_abbrev  0x00001e99      0x245 .\CortexM3\ARM_GCC_541\Debug\FC_Impresion.a(USBUART_cdc.o)
 .debug_abbrev  0x000020de      0x189 .\CortexM3\ARM_GCC_541\Debug\FC_Impresion.a(USBUART_drv.o)
 .debug_abbrev  0x00002267      0x11b .\CortexM3\ARM_GCC_541\Debug\FC_Impresion.a(USBUART_episr.o)
 .debug_abbrev  0x00002382      0x108 .\CortexM3\ARM_GCC_541\Debug\FC_Impresion.a(USBUART_pm.o)
 .debug_abbrev  0x0000248a      0x20a .\CortexM3\ARM_GCC_541\Debug\FC_Impresion.a(USBUART_std.o)
 .debug_abbrev  0x00002694       0xe1 .\CortexM3\ARM_GCC_541\Debug\FC_Impresion.a(USBUART_vnd.o)
 .debug_abbrev  0x00002775       0x90 .\CortexM3\ARM_GCC_541\Debug\FC_Impresion.a(USBUART_Dp.o)
 .debug_abbrev  0x00002805       0x14 .\CortexM3\ARM_GCC_541\Debug\FC_Impresion.a(CyBootAsmGnu.o)
 .debug_abbrev  0x00002819      0x1a7 .\CortexM3\ARM_GCC_541\Debug\FC_Impresion.a(CyFlash.o)
 .debug_abbrev  0x000029c0      0x194 .\CortexM3\ARM_GCC_541\Debug\FC_Impresion.a(CySpc.o)
 .debug_abbrev  0x00002b54       0xe1 .\CortexM3\ARM_GCC_541\Debug\FC_Impresion.a(USBUART_cls.o)
 .debug_abbrev  0x00002c35       0xb4 .\CortexM3\ARM_GCC_541\Debug\FC_Impresion.a(USBUART_descr.o)

.debug_line     0x00000000     0x46ef
 *(.debug_line)
 .debug_line    0x00000000      0x4fa .\CortexM3\ARM_GCC_541\Debug\main.o
 .debug_line    0x000004fa      0x372 .\CortexM3\ARM_GCC_541\Debug\Protocolo.o
 .debug_line    0x0000086c      0x2e5 .\CortexM3\ARM_GCC_541\Debug\Print.o
 .debug_line    0x00000b51      0x247 .\CortexM3\ARM_GCC_541\Debug\i2c.o
 .debug_line    0x00000d98      0x1ff .\CortexM3\ARM_GCC_541\Debug\cyfitter_cfg.o
 .debug_line    0x00000f97      0x141 .\CortexM3\ARM_GCC_541\Debug\cymetadata.o
 .debug_line    0x000010d8      0x234 .\CortexM3\ARM_GCC_541\Debug\Cm3Start.o
 .debug_line    0x0000130c      0x816 .\CortexM3\ARM_GCC_541\Debug\FC_Impresion.a(CyLib.o)
 .debug_line    0x00001b22      0x367 .\CortexM3\ARM_GCC_541\Debug\FC_Impresion.a(cyPm.o)
 .debug_line    0x00001e89       0xdf .\CortexM3\ARM_GCC_541\Debug\FC_Impresion.a(I2C_1.o)
 .debug_line    0x00001f68      0x118 .\CortexM3\ARM_GCC_541\Debug\FC_Impresion.a(I2C_1_INT.o)
 .debug_line    0x00002080       0xbf .\CortexM3\ARM_GCC_541\Debug\FC_Impresion.a(I2C_1_PM.o)
 .debug_line    0x0000213f      0x201 .\CortexM3\ARM_GCC_541\Debug\FC_Impresion.a(I2C_1_MASTER.o)
 .debug_line    0x00002340      0x304 .\CortexM3\ARM_GCC_541\Debug\FC_Impresion.a(RS232.o)
 .debug_line    0x00002644       0x83 .\CortexM3\ARM_GCC_541\Debug\FC_Impresion.a(RS232_INT.o)
 .debug_line    0x000026c7      0x30a .\CortexM3\ARM_GCC_541\Debug\FC_Impresion.a(Surtidor.o)
 .debug_line    0x000029d1       0x89 .\CortexM3\ARM_GCC_541\Debug\FC_Impresion.a(Surtidor_INT.o)
 .debug_line    0x00002a5a      0x17d .\CortexM3\ARM_GCC_541\Debug\FC_Impresion.a(RS232_IntClock.o)
 .debug_line    0x00002bd7      0x180 .\CortexM3\ARM_GCC_541\Debug\FC_Impresion.a(Surtidor_IntClock.o)
 .debug_line    0x00002d57       0x9a .\CortexM3\ARM_GCC_541\Debug\FC_Impresion.a(Select1_RS232.o)
 .debug_line    0x00002df1       0x9a .\CortexM3\ARM_GCC_541\Debug\FC_Impresion.a(Select0_RS232.o)
 .debug_line    0x00002e8b       0x95 .\CortexM3\ARM_GCC_541\Debug\FC_Impresion.a(Botones.o)
 .debug_line    0x00002f20      0x264 .\CortexM3\ARM_GCC_541\Debug\FC_Impresion.a(EEPROM.o)
 .debug_line    0x00003184       0x90 .\CortexM3\ARM_GCC_541\Debug\FC_Impresion.a(Led.o)
 .debug_line    0x00003214      0x2dc .\CortexM3\ARM_GCC_541\Debug\FC_Impresion.a(USBUART.o)
 .debug_line    0x000034f0      0x2f2 .\CortexM3\ARM_GCC_541\Debug\FC_Impresion.a(USBUART_cdc.o)
 .debug_line    0x000037e2      0x221 .\CortexM3\ARM_GCC_541\Debug\FC_Impresion.a(USBUART_drv.o)
 .debug_line    0x00003a03       0xe6 .\CortexM3\ARM_GCC_541\Debug\FC_Impresion.a(USBUART_episr.o)
 .debug_line    0x00003ae9      0x10e .\CortexM3\ARM_GCC_541\Debug\FC_Impresion.a(USBUART_pm.o)
 .debug_line    0x00003bf7      0x3dc .\CortexM3\ARM_GCC_541\Debug\FC_Impresion.a(USBUART_std.o)
 .debug_line    0x00003fd3       0x8b .\CortexM3\ARM_GCC_541\Debug\FC_Impresion.a(USBUART_vnd.o)
 .debug_line    0x0000405e       0xbb .\CortexM3\ARM_GCC_541\Debug\FC_Impresion.a(USBUART_Dp.o)
 .debug_line    0x00004119       0x66 .\CortexM3\ARM_GCC_541\Debug\FC_Impresion.a(CyBootAsmGnu.o)
 .debug_line    0x0000417f      0x21a .\CortexM3\ARM_GCC_541\Debug\FC_Impresion.a(CyFlash.o)
 .debug_line    0x00004399      0x260 .\CortexM3\ARM_GCC_541\Debug\FC_Impresion.a(CySpc.o)
 .debug_line    0x000045f9       0x95 .\CortexM3\ARM_GCC_541\Debug\FC_Impresion.a(USBUART_cls.o)
 .debug_line    0x0000468e       0x61 .\CortexM3\ARM_GCC_541\Debug\FC_Impresion.a(USBUART_descr.o)

.debug_frame    0x00000000     0x2bc8
 *(.debug_frame)
 .debug_frame   0x00000000       0xd8 .\CortexM3\ARM_GCC_541\Debug\main.o
 .debug_frame   0x000000d8       0x88 .\CortexM3\ARM_GCC_541\Debug\Protocolo.o
 .debug_frame   0x00000160       0x3c .\CortexM3\ARM_GCC_541\Debug\Print.o
 .debug_frame   0x0000019c       0x90 .\CortexM3\ARM_GCC_541\Debug\i2c.o
 .debug_frame   0x0000022c       0xe4 .\CortexM3\ARM_GCC_541\Debug\cyfitter_cfg.o
 .debug_frame   0x00000310       0xb8 .\CortexM3\ARM_GCC_541\Debug\Cm3Start.o
 .debug_frame   0x000003c8      0x738 .\CortexM3\ARM_GCC_541\Debug\FC_Impresion.a(CyLib.o)
 .debug_frame   0x00000b00      0x1f8 .\CortexM3\ARM_GCC_541\Debug\FC_Impresion.a(cyPm.o)
 .debug_frame   0x00000cf8       0x90 .\CortexM3\ARM_GCC_541\Debug\FC_Impresion.a(I2C_1.o)
 .debug_frame   0x00000d88       0x30 .\CortexM3\ARM_GCC_541\Debug\FC_Impresion.a(I2C_1_INT.o)
 .debug_frame   0x00000db8       0x74 .\CortexM3\ARM_GCC_541\Debug\FC_Impresion.a(I2C_1_PM.o)
 .debug_frame   0x00000e2c      0x138 .\CortexM3\ARM_GCC_541\Debug\FC_Impresion.a(I2C_1_MASTER.o)
 .debug_frame   0x00000f64      0x25c .\CortexM3\ARM_GCC_541\Debug\FC_Impresion.a(RS232.o)
 .debug_frame   0x000011c0       0x20 .\CortexM3\ARM_GCC_541\Debug\FC_Impresion.a(RS232_INT.o)
 .debug_frame   0x000011e0      0x25c .\CortexM3\ARM_GCC_541\Debug\FC_Impresion.a(Surtidor.o)
 .debug_frame   0x0000143c       0x20 .\CortexM3\ARM_GCC_541\Debug\FC_Impresion.a(Surtidor_INT.o)
 .debug_frame   0x0000145c       0xe0 .\CortexM3\ARM_GCC_541\Debug\FC_Impresion.a(RS232_IntClock.o)
 .debug_frame   0x0000153c       0xe0 .\CortexM3\ARM_GCC_541\Debug\FC_Impresion.a(Surtidor_IntClock.o)
 .debug_frame   0x0000161c       0x50 .\CortexM3\ARM_GCC_541\Debug\FC_Impresion.a(Select1_RS232.o)
 .debug_frame   0x0000166c       0x50 .\CortexM3\ARM_GCC_541\Debug\FC_Impresion.a(Select0_RS232.o)
 .debug_frame   0x000016bc       0x50 .\CortexM3\ARM_GCC_541\Debug\FC_Impresion.a(Botones.o)
 .debug_frame   0x0000170c      0x17c .\CortexM3\ARM_GCC_541\Debug\FC_Impresion.a(EEPROM.o)
 .debug_frame   0x00001888       0x50 .\CortexM3\ARM_GCC_541\Debug\FC_Impresion.a(Led.o)
 .debug_frame   0x000018d8      0x1dc .\CortexM3\ARM_GCC_541\Debug\FC_Impresion.a(USBUART.o)
 .debug_frame   0x00001ab4      0x27c .\CortexM3\ARM_GCC_541\Debug\FC_Impresion.a(USBUART_cdc.o)
 .debug_frame   0x00001d30      0x194 .\CortexM3\ARM_GCC_541\Debug\FC_Impresion.a(USBUART_drv.o)
 .debug_frame   0x00001ec4       0x6c .\CortexM3\ARM_GCC_541\Debug\FC_Impresion.a(USBUART_episr.o)
 .debug_frame   0x00001f30       0xa0 .\CortexM3\ARM_GCC_541\Debug\FC_Impresion.a(USBUART_pm.o)
 .debug_frame   0x00001fd0      0x17c .\CortexM3\ARM_GCC_541\Debug\FC_Impresion.a(USBUART_std.o)
 .debug_frame   0x0000214c       0x2c .\CortexM3\ARM_GCC_541\Debug\FC_Impresion.a(USBUART_vnd.o)
 .debug_frame   0x00002178       0x70 .\CortexM3\ARM_GCC_541\Debug\FC_Impresion.a(USBUART_Dp.o)
 .debug_frame   0x000021e8      0x194 .\CortexM3\ARM_GCC_541\Debug\FC_Impresion.a(CyFlash.o)
 .debug_frame   0x0000237c      0x180 .\CortexM3\ARM_GCC_541\Debug\FC_Impresion.a(CySpc.o)
 .debug_frame   0x000024fc       0x2c .\CortexM3\ARM_GCC_541\Debug\FC_Impresion.a(USBUART_cls.o)
 .debug_frame   0x00002528       0x20 c:/program files (x86)/cypress/psoc creator/4.2/psoc creator/import/gnu/arm/5.4.1/bin/../lib/gcc/arm-none-eabi/5.4.1/../../../../arm-none-eabi/lib/armv7-m\libg_nano.a(lib_a-errno.o)
 .debug_frame   0x00002548       0x28 c:/program files (x86)/cypress/psoc creator/4.2/psoc creator/import/gnu/arm/5.4.1/bin/../lib/gcc/arm-none-eabi/5.4.1/../../../../arm-none-eabi/lib/armv7-m\libg_nano.a(lib_a-exit.o)
 .debug_frame   0x00002570       0x2c c:/program files (x86)/cypress/psoc creator/4.2/psoc creator/import/gnu/arm/5.4.1/bin/../lib/gcc/arm-none-eabi/5.4.1/../../../../arm-none-eabi/lib/armv7-m\libg_nano.a(lib_a-init.o)
 .debug_frame   0x0000259c       0x28 c:/program files (x86)/cypress/psoc creator/4.2/psoc creator/import/gnu/arm/5.4.1/bin/../lib/gcc/arm-none-eabi/5.4.1/../../../../arm-none-eabi/lib/armv7-m\libg_nano.a(lib_a-memcpy-stub.o)
 .debug_frame   0x000025c4       0x20 c:/program files (x86)/cypress/psoc creator/4.2/psoc creator/import/gnu/arm/5.4.1/bin/../lib/gcc/arm-none-eabi/5.4.1/../../../../arm-none-eabi/lib/armv7-m\libg_nano.a(lib_a-memset.o)
 .debug_frame   0x000025e4       0x8c c:/program files (x86)/cypress/psoc creator/4.2/psoc creator/import/gnu/arm/5.4.1/bin/../lib/gcc/arm-none-eabi/5.4.1/../../../../arm-none-eabi/lib/armv7-m\libg_nano.a(lib_a-nano-vfprintf_float.o)
 .debug_frame   0x00002670       0x60 c:/program files (x86)/cypress/psoc creator/4.2/psoc creator/import/gnu/arm/5.4.1/bin/../lib/gcc/arm-none-eabi/5.4.1/../../../../arm-none-eabi/lib/armv7-m\libg_nano.a(lib_a-nano-vfprintf_i.o)
 .debug_frame   0x000026d0       0x6c c:/program files (x86)/cypress/psoc creator/4.2/psoc creator/import/gnu/arm/5.4.1/bin/../lib/gcc/arm-none-eabi/5.4.1/../../../../arm-none-eabi/lib/armv7-m\libg_nano.a(lib_a-dtoa.o)
 .debug_frame   0x0000273c       0x98 c:/program files (x86)/cypress/psoc creator/4.2/psoc creator/import/gnu/arm/5.4.1/bin/../lib/gcc/arm-none-eabi/5.4.1/../../../../arm-none-eabi/lib/armv7-m\libg_nano.a(lib_a-locale.o)
 .debug_frame   0x000027d4       0x30 c:/program files (x86)/cypress/psoc creator/4.2/psoc creator/import/gnu/arm/5.4.1/bin/../lib/gcc/arm-none-eabi/5.4.1/../../../../arm-none-eabi/lib/armv7-m\libg_nano.a(lib_a-malloc.o)
 .debug_frame   0x00002804       0x28 c:/program files (x86)/cypress/psoc creator/4.2/psoc creator/import/gnu/arm/5.4.1/bin/../lib/gcc/arm-none-eabi/5.4.1/../../../../arm-none-eabi/lib/armv7-m\libg_nano.a(lib_a-memchr-stub.o)
 .debug_frame   0x0000282c      0x234 c:/program files (x86)/cypress/psoc creator/4.2/psoc creator/import/gnu/arm/5.4.1/bin/../lib/gcc/arm-none-eabi/5.4.1/../../../../arm-none-eabi/lib/armv7-m\libg_nano.a(lib_a-mprec.o)
 .debug_frame   0x00002a60       0x2c c:/program files (x86)/cypress/psoc creator/4.2/psoc creator/import/gnu/arm/5.4.1/bin/../lib/gcc/arm-none-eabi/5.4.1/../../../../arm-none-eabi/lib/armv7-m\libg_nano.a(lib_a-nano-callocr.o)
 .debug_frame   0x00002a8c       0x38 c:/program files (x86)/cypress/psoc creator/4.2/psoc creator/import/gnu/arm/5.4.1/bin/../lib/gcc/arm-none-eabi/5.4.1/../../../../arm-none-eabi/lib/armv7-m\libg_nano.a(lib_a-nano-freer.o)
 .debug_frame   0x00002ac4       0x2c c:/program files (x86)/cypress/psoc creator/4.2/psoc creator/import/gnu/arm/5.4.1/bin/../lib/gcc/arm-none-eabi/5.4.1/../../../../arm-none-eabi/lib/armv7-m\libg_nano.a(lib_a-nano-mallocr.o)
 .debug_frame   0x00002af0       0x2c c:/program files (x86)/cypress/psoc creator/4.2/psoc creator/import/gnu/arm/5.4.1/bin/../lib/gcc/arm-none-eabi/5.4.1/../../../../arm-none-eabi/lib/armv7-m\libg_nano.a(lib_a-sbrkr.o)
 .debug_frame   0x00002b1c       0x20 c:/program files (x86)/cypress/psoc creator/4.2/psoc creator/import/gnu/arm/5.4.1/bin/../lib/gcc/arm-none-eabi/5.4.1/../../../../arm-none-eabi/lib/armv7-m\libg_nano.a(lib_a-strcmp.o)
 .debug_frame   0x00002b3c       0x30 c:/program files (x86)/cypress/psoc creator/4.2/psoc creator/import/gnu/arm/5.4.1/bin/../lib/gcc/arm-none-eabi/5.4.1/../../../../arm-none-eabi/lib/armv7-m\libg_nano.a(lib_a-mlock.o)
 .debug_frame   0x00002b6c       0x5c c:/program files (x86)/cypress/psoc creator/4.2/psoc creator/import/gnu/arm/5.4.1/bin/../lib/gcc/arm-none-eabi/5.4.1/../../../../arm-none-eabi/lib/armv7-m\libg_nano.a(lib_a-reent.o)

.debug_str      0x00000000     0x36d1
 *(.debug_str)
 .debug_str     0x00000000      0x4d1 .\CortexM3\ARM_GCC_541\Debug\main.o
                                0x54d (size before relaxing)
 .debug_str     0x000004d1       0x83 .\CortexM3\ARM_GCC_541\Debug\Protocolo.o
                                0x3be (size before relaxing)
 .debug_str     0x00000554       0x29 .\CortexM3\ARM_GCC_541\Debug\Print.o
                                0x33f (size before relaxing)
 .debug_str     0x0000057d       0x79 .\CortexM3\ARM_GCC_541\Debug\i2c.o
                                0x3ac (size before relaxing)
 .debug_str     0x000005f6      0x1a2 .\CortexM3\ARM_GCC_541\Debug\cyfitter_cfg.o
                                0x366 (size before relaxing)
 .debug_str     0x00000798       0x7f .\CortexM3\ARM_GCC_541\Debug\cymetadata.o
                                0x206 (size before relaxing)
 .debug_str     0x00000817      0x139 .\CortexM3\ARM_GCC_541\Debug\Cm3Start.o
                                0x32c (size before relaxing)
 .debug_str     0x00000950      0x840 .\CortexM3\ARM_GCC_541\Debug\FC_Impresion.a(CyLib.o)
                                0xa69 (size before relaxing)
 .debug_str     0x00001190      0x365 .\CortexM3\ARM_GCC_541\Debug\FC_Impresion.a(cyPm.o)
                                0x755 (size before relaxing)
 .debug_str     0x000014f5       0xef .\CortexM3\ARM_GCC_541\Debug\FC_Impresion.a(I2C_1.o)
                                0x31b (size before relaxing)
 .debug_str     0x000015e4       0x94 .\CortexM3\ARM_GCC_541\Debug\FC_Impresion.a(I2C_1_INT.o)
                                0x297 (size before relaxing)
 .debug_str     0x00001678       0x60 .\CortexM3\ARM_GCC_541\Debug\FC_Impresion.a(I2C_1_PM.o)
                                0x2b1 (size before relaxing)
 .debug_str     0x000016d8      0x11e .\CortexM3\ARM_GCC_541\Debug\FC_Impresion.a(I2C_1_MASTER.o)
                                0x3f4 (size before relaxing)
 .debug_str     0x000017f6      0x33e .\CortexM3\ARM_GCC_541\Debug\FC_Impresion.a(RS232.o)
                                0x58b (size before relaxing)
 .debug_str     0x00001b34       0x55 .\CortexM3\ARM_GCC_541\Debug\FC_Impresion.a(RS232_INT.o)
                                0x27c (size before relaxing)
 .debug_str     0x00001b89      0x2b7 .\CortexM3\ARM_GCC_541\Debug\FC_Impresion.a(Surtidor.o)
                                0x5fa (size before relaxing)
 .debug_str     0x00001e40       0x35 .\CortexM3\ARM_GCC_541\Debug\FC_Impresion.a(Surtidor_INT.o)
                                0x28d (size before relaxing)
 .debug_str     0x00001e75      0x18d .\CortexM3\ARM_GCC_541\Debug\FC_Impresion.a(RS232_IntClock.o)
                                0x364 (size before relaxing)
 .debug_str     0x00002002      0x160 .\CortexM3\ARM_GCC_541\Debug\FC_Impresion.a(Surtidor_IntClock.o)
                                0x388 (size before relaxing)
 .debug_str     0x00002162       0x7a .\CortexM3\ARM_GCC_541\Debug\FC_Impresion.a(Select1_RS232.o)
                                0x22c (size before relaxing)
 .debug_str     0x000021dc       0x6f .\CortexM3\ARM_GCC_541\Debug\FC_Impresion.a(Select0_RS232.o)
                                0x22c (size before relaxing)
 .debug_str     0x0000224b       0x58 .\CortexM3\ARM_GCC_541\Debug\FC_Impresion.a(Botones.o)
                                0x20e (size before relaxing)
 .debug_str     0x000022a3      0x1a7 .\CortexM3\ARM_GCC_541\Debug\FC_Impresion.a(EEPROM.o)
                                0x3e4 (size before relaxing)
 .debug_str     0x0000244a       0x47 .\CortexM3\ARM_GCC_541\Debug\FC_Impresion.a(Led.o)
                                0x1fa (size before relaxing)
 .debug_str     0x00002491      0x3ed .\CortexM3\ARM_GCC_541\Debug\FC_Impresion.a(USBUART.o)
                                0x68c (size before relaxing)
 .debug_str     0x0000287e      0x482 .\CortexM3\ARM_GCC_541\Debug\FC_Impresion.a(USBUART_cdc.o)
                                0x7f3 (size before relaxing)
 .debug_str     0x00002d00      0x291 .\CortexM3\ARM_GCC_541\Debug\FC_Impresion.a(USBUART_drv.o)
                                0x66a (size before relaxing)
 .debug_str     0x00002f91       0x80 .\CortexM3\ARM_GCC_541\Debug\FC_Impresion.a(USBUART_episr.o)
                                0x301 (size before relaxing)
 .debug_str     0x00003011       0xc6 .\CortexM3\ARM_GCC_541\Debug\FC_Impresion.a(USBUART_pm.o)
                                0x312 (size before relaxing)
 .debug_str     0x000030d7      0x271 .\CortexM3\ARM_GCC_541\Debug\FC_Impresion.a(USBUART_std.o)
                                0x7f1 (size before relaxing)
 .debug_str     0x00003348       0x46 .\CortexM3\ARM_GCC_541\Debug\FC_Impresion.a(USBUART_vnd.o)
                                0x2b1 (size before relaxing)
 .debug_str     0x0000338e       0x99 .\CortexM3\ARM_GCC_541\Debug\FC_Impresion.a(USBUART_Dp.o)
                                0x263 (size before relaxing)
 .debug_str     0x00003427      0x113 .\CortexM3\ARM_GCC_541\Debug\FC_Impresion.a(CyFlash.o)
                                0x3e2 (size before relaxing)
 .debug_str     0x0000353a       0x6e .\CortexM3\ARM_GCC_541\Debug\FC_Impresion.a(CySpc.o)
                                0x35a (size before relaxing)
 .debug_str     0x000035a8       0x25 .\CortexM3\ARM_GCC_541\Debug\FC_Impresion.a(USBUART_cls.o)
                                0x2ce (size before relaxing)
 .debug_str     0x000035cd      0x104 .\CortexM3\ARM_GCC_541\Debug\FC_Impresion.a(USBUART_descr.o)
                                0x3b4 (size before relaxing)

.debug_loc      0x00000000     0x4fad
 *(.debug_loc)
 .debug_loc     0x00000000      0x425 .\CortexM3\ARM_GCC_541\Debug\main.o
 .debug_loc     0x00000425      0x28d .\CortexM3\ARM_GCC_541\Debug\Protocolo.o
 .debug_loc     0x000006b2      0x2f2 .\CortexM3\ARM_GCC_541\Debug\Print.o
 .debug_loc     0x000009a4      0x1a2 .\CortexM3\ARM_GCC_541\Debug\i2c.o
 .debug_loc     0x00000b46      0x289 .\CortexM3\ARM_GCC_541\Debug\cyfitter_cfg.o
 .debug_loc     0x00000dcf      0x144 .\CortexM3\ARM_GCC_541\Debug\Cm3Start.o
 .debug_loc     0x00000f13      0xa11 .\CortexM3\ARM_GCC_541\Debug\FC_Impresion.a(CyLib.o)
 .debug_loc     0x00001924      0x1e4 .\CortexM3\ARM_GCC_541\Debug\FC_Impresion.a(cyPm.o)
 .debug_loc     0x00001b08       0x39 .\CortexM3\ARM_GCC_541\Debug\FC_Impresion.a(I2C_1.o)
 .debug_loc     0x00001b41       0x29 .\CortexM3\ARM_GCC_541\Debug\FC_Impresion.a(I2C_1_INT.o)
 .debug_loc     0x00001b6a       0x13 .\CortexM3\ARM_GCC_541\Debug\FC_Impresion.a(I2C_1_PM.o)
 .debug_loc     0x00001b7d      0x52f .\CortexM3\ARM_GCC_541\Debug\FC_Impresion.a(I2C_1_MASTER.o)
 .debug_loc     0x000020ac      0x34e .\CortexM3\ARM_GCC_541\Debug\FC_Impresion.a(RS232.o)
 .debug_loc     0x000023fa       0x45 .\CortexM3\ARM_GCC_541\Debug\FC_Impresion.a(RS232_INT.o)
 .debug_loc     0x0000243f      0x34e .\CortexM3\ARM_GCC_541\Debug\FC_Impresion.a(Surtidor.o)
 .debug_loc     0x0000278d       0x45 .\CortexM3\ARM_GCC_541\Debug\FC_Impresion.a(Surtidor_INT.o)
 .debug_loc     0x000027d2      0x128 .\CortexM3\ARM_GCC_541\Debug\FC_Impresion.a(RS232_IntClock.o)
 .debug_loc     0x000028fa      0x128 .\CortexM3\ARM_GCC_541\Debug\FC_Impresion.a(Surtidor_IntClock.o)
 .debug_loc     0x00002a22       0x42 .\CortexM3\ARM_GCC_541\Debug\FC_Impresion.a(Select1_RS232.o)
 .debug_loc     0x00002a64       0x42 .\CortexM3\ARM_GCC_541\Debug\FC_Impresion.a(Select0_RS232.o)
 .debug_loc     0x00002aa6       0x42 .\CortexM3\ARM_GCC_541\Debug\FC_Impresion.a(Botones.o)
 .debug_loc     0x00002ae8      0x49f .\CortexM3\ARM_GCC_541\Debug\FC_Impresion.a(EEPROM.o)
 .debug_loc     0x00002f87       0x42 .\CortexM3\ARM_GCC_541\Debug\FC_Impresion.a(Led.o)
 .debug_loc     0x00002fc9      0x3e1 .\CortexM3\ARM_GCC_541\Debug\FC_Impresion.a(USBUART.o)
 .debug_loc     0x000033aa      0x557 .\CortexM3\ARM_GCC_541\Debug\FC_Impresion.a(USBUART_cdc.o)
 .debug_loc     0x00003901      0x171 .\CortexM3\ARM_GCC_541\Debug\FC_Impresion.a(USBUART_drv.o)
 .debug_loc     0x00003a72       0x26 .\CortexM3\ARM_GCC_541\Debug\FC_Impresion.a(USBUART_pm.o)
 .debug_loc     0x00003a98      0x93a .\CortexM3\ARM_GCC_541\Debug\FC_Impresion.a(USBUART_std.o)
 .debug_loc     0x000043d2       0x36 .\CortexM3\ARM_GCC_541\Debug\FC_Impresion.a(USBUART_vnd.o)
 .debug_loc     0x00004408       0x84 .\CortexM3\ARM_GCC_541\Debug\FC_Impresion.a(USBUART_Dp.o)
 .debug_loc     0x0000448c      0x3b2 .\CortexM3\ARM_GCC_541\Debug\FC_Impresion.a(CyFlash.o)
 .debug_loc     0x0000483e      0x705 .\CortexM3\ARM_GCC_541\Debug\FC_Impresion.a(CySpc.o)
 .debug_loc     0x00004f43       0x6a .\CortexM3\ARM_GCC_541\Debug\FC_Impresion.a(USBUART_cls.o)

.debug_macinfo
 *(.debug_macinfo)

.debug_ranges   0x00000000      0xce8
 *(.debug_ranges)
 .debug_ranges  0x00000000       0x38 .\CortexM3\ARM_GCC_541\Debug\main.o
 .debug_ranges  0x00000038       0x28 .\CortexM3\ARM_GCC_541\Debug\Protocolo.o
 .debug_ranges  0x00000060       0x10 .\CortexM3\ARM_GCC_541\Debug\Print.o
 .debug_ranges  0x00000070       0x28 .\CortexM3\ARM_GCC_541\Debug\i2c.o
 .debug_ranges  0x00000098       0x48 .\CortexM3\ARM_GCC_541\Debug\cyfitter_cfg.o
 .debug_ranges  0x000000e0       0x38 .\CortexM3\ARM_GCC_541\Debug\Cm3Start.o
 .debug_ranges  0x00000118      0x290 .\CortexM3\ARM_GCC_541\Debug\FC_Impresion.a(CyLib.o)
 .debug_ranges  0x000003a8       0x88 .\CortexM3\ARM_GCC_541\Debug\FC_Impresion.a(cyPm.o)
 .debug_ranges  0x00000430       0x28 .\CortexM3\ARM_GCC_541\Debug\FC_Impresion.a(I2C_1.o)
 .debug_ranges  0x00000458       0x10 .\CortexM3\ARM_GCC_541\Debug\FC_Impresion.a(I2C_1_INT.o)
 .debug_ranges  0x00000468       0x28 .\CortexM3\ARM_GCC_541\Debug\FC_Impresion.a(I2C_1_PM.o)
 .debug_ranges  0x00000490       0x70 .\CortexM3\ARM_GCC_541\Debug\FC_Impresion.a(I2C_1_MASTER.o)
 .debug_ranges  0x00000500       0xe0 .\CortexM3\ARM_GCC_541\Debug\FC_Impresion.a(RS232.o)
 .debug_ranges  0x000005e0       0x10 .\CortexM3\ARM_GCC_541\Debug\FC_Impresion.a(RS232_INT.o)
 .debug_ranges  0x000005f0       0xe0 .\CortexM3\ARM_GCC_541\Debug\FC_Impresion.a(Surtidor.o)
 .debug_ranges  0x000006d0       0x10 .\CortexM3\ARM_GCC_541\Debug\FC_Impresion.a(Surtidor_INT.o)
 .debug_ranges  0x000006e0       0x60 .\CortexM3\ARM_GCC_541\Debug\FC_Impresion.a(RS232_IntClock.o)
 .debug_ranges  0x00000740       0x60 .\CortexM3\ARM_GCC_541\Debug\FC_Impresion.a(Surtidor_IntClock.o)
 .debug_ranges  0x000007a0       0x28 .\CortexM3\ARM_GCC_541\Debug\FC_Impresion.a(Select1_RS232.o)
 .debug_ranges  0x000007c8       0x28 .\CortexM3\ARM_GCC_541\Debug\FC_Impresion.a(Select0_RS232.o)
 .debug_ranges  0x000007f0       0x28 .\CortexM3\ARM_GCC_541\Debug\FC_Impresion.a(Botones.o)
 .debug_ranges  0x00000818       0x68 .\CortexM3\ARM_GCC_541\Debug\FC_Impresion.a(EEPROM.o)
 .debug_ranges  0x00000880       0x28 .\CortexM3\ARM_GCC_541\Debug\FC_Impresion.a(Led.o)
 .debug_ranges  0x000008a8       0xd0 .\CortexM3\ARM_GCC_541\Debug\FC_Impresion.a(USBUART.o)
 .debug_ranges  0x00000978       0xd8 .\CortexM3\ARM_GCC_541\Debug\FC_Impresion.a(USBUART_cdc.o)
 .debug_ranges  0x00000a50       0x88 .\CortexM3\ARM_GCC_541\Debug\FC_Impresion.a(USBUART_drv.o)
 .debug_ranges  0x00000ad8       0x30 .\CortexM3\ARM_GCC_541\Debug\FC_Impresion.a(USBUART_episr.o)
 .debug_ranges  0x00000b08       0x30 .\CortexM3\ARM_GCC_541\Debug\FC_Impresion.a(USBUART_pm.o)
 .debug_ranges  0x00000b38       0x70 .\CortexM3\ARM_GCC_541\Debug\FC_Impresion.a(USBUART_std.o)
 .debug_ranges  0x00000ba8       0x10 .\CortexM3\ARM_GCC_541\Debug\FC_Impresion.a(USBUART_vnd.o)
 .debug_ranges  0x00000bb8       0x38 .\CortexM3\ARM_GCC_541\Debug\FC_Impresion.a(USBUART_Dp.o)
 .debug_ranges  0x00000bf0       0x78 .\CortexM3\ARM_GCC_541\Debug\FC_Impresion.a(CyFlash.o)
 .debug_ranges  0x00000c68       0x70 .\CortexM3\ARM_GCC_541\Debug\FC_Impresion.a(CySpc.o)
 .debug_ranges  0x00000cd8       0x10 .\CortexM3\ARM_GCC_541\Debug\FC_Impresion.a(USBUART_cls.o)

.comment        0x00000000       0x6e
 .comment       0x00000000       0x6e .\CortexM3\ARM_GCC_541\Debug\main.o
                                 0x6f (size before relaxing)
 .comment       0x0000006e       0x6f .\CortexM3\ARM_GCC_541\Debug\Protocolo.o
 .comment       0x0000006e       0x6f .\CortexM3\ARM_GCC_541\Debug\Print.o
 .comment       0x0000006e       0x6f .\CortexM3\ARM_GCC_541\Debug\i2c.o
 .comment       0x0000006e       0x6f .\CortexM3\ARM_GCC_541\Debug\cyfitter_cfg.o
 .comment       0x0000006e       0x6f .\CortexM3\ARM_GCC_541\Debug\cymetadata.o
 .comment       0x0000006e       0x6f .\CortexM3\ARM_GCC_541\Debug\Cm3Start.o
 .comment       0x0000006e       0x6f .\CortexM3\ARM_GCC_541\Debug\FC_Impresion.a(CyLib.o)
 .comment       0x0000006e       0x6f .\CortexM3\ARM_GCC_541\Debug\FC_Impresion.a(cyPm.o)
 .comment       0x0000006e       0x6f .\CortexM3\ARM_GCC_541\Debug\FC_Impresion.a(I2C_1.o)
 .comment       0x0000006e       0x6f .\CortexM3\ARM_GCC_541\Debug\FC_Impresion.a(I2C_1_INT.o)
 .comment       0x0000006e       0x6f .\CortexM3\ARM_GCC_541\Debug\FC_Impresion.a(I2C_1_PM.o)
 .comment       0x0000006e       0x6f .\CortexM3\ARM_GCC_541\Debug\FC_Impresion.a(I2C_1_MASTER.o)
 .comment       0x0000006e       0x6f .\CortexM3\ARM_GCC_541\Debug\FC_Impresion.a(RS232.o)
 .comment       0x0000006e       0x6f .\CortexM3\ARM_GCC_541\Debug\FC_Impresion.a(RS232_INT.o)
 .comment       0x0000006e       0x6f .\CortexM3\ARM_GCC_541\Debug\FC_Impresion.a(Surtidor.o)
 .comment       0x0000006e       0x6f .\CortexM3\ARM_GCC_541\Debug\FC_Impresion.a(Surtidor_INT.o)
 .comment       0x0000006e       0x6f .\CortexM3\ARM_GCC_541\Debug\FC_Impresion.a(RS232_IntClock.o)
 .comment       0x0000006e       0x6f .\CortexM3\ARM_GCC_541\Debug\FC_Impresion.a(Surtidor_IntClock.o)
 .comment       0x0000006e       0x6f .\CortexM3\ARM_GCC_541\Debug\FC_Impresion.a(Select1_RS232.o)
 .comment       0x0000006e       0x6f .\CortexM3\ARM_GCC_541\Debug\FC_Impresion.a(Select0_RS232.o)
 .comment       0x0000006e       0x6f .\CortexM3\ARM_GCC_541\Debug\FC_Impresion.a(Botones.o)
 .comment       0x0000006e       0x6f .\CortexM3\ARM_GCC_541\Debug\FC_Impresion.a(EEPROM.o)
 .comment       0x0000006e       0x6f .\CortexM3\ARM_GCC_541\Debug\FC_Impresion.a(Led.o)
 .comment       0x0000006e       0x6f .\CortexM3\ARM_GCC_541\Debug\FC_Impresion.a(USBUART.o)
 .comment       0x0000006e       0x6f .\CortexM3\ARM_GCC_541\Debug\FC_Impresion.a(USBUART_cdc.o)
 .comment       0x0000006e       0x6f .\CortexM3\ARM_GCC_541\Debug\FC_Impresion.a(USBUART_drv.o)
 .comment       0x0000006e       0x6f .\CortexM3\ARM_GCC_541\Debug\FC_Impresion.a(USBUART_episr.o)
 .comment       0x0000006e       0x6f .\CortexM3\ARM_GCC_541\Debug\FC_Impresion.a(USBUART_pm.o)
 .comment       0x0000006e       0x6f .\CortexM3\ARM_GCC_541\Debug\FC_Impresion.a(USBUART_std.o)
 .comment       0x0000006e       0x6f .\CortexM3\ARM_GCC_541\Debug\FC_Impresion.a(USBUART_vnd.o)
 .comment       0x0000006e       0x6f .\CortexM3\ARM_GCC_541\Debug\FC_Impresion.a(USBUART_Dp.o)
 .comment       0x0000006e       0x6f .\CortexM3\ARM_GCC_541\Debug\FC_Impresion.a(CyFlash.o)
 .comment       0x0000006e       0x6f .\CortexM3\ARM_GCC_541\Debug\FC_Impresion.a(CySpc.o)
 .comment       0x0000006e       0x6f .\CortexM3\ARM_GCC_541\Debug\FC_Impresion.a(USBUART_cls.o)
 .comment       0x0000006e       0x6f .\CortexM3\ARM_GCC_541\Debug\FC_Impresion.a(USBUART_descr.o)

.debug_weaknames
 *(.debug_weaknames)

.debug_funcnames
 *(.debug_funcnames)

.debug_typenames
 *(.debug_typenames)

.debug_varnames
 *(.debug_varnames)

.note.gnu.arm.ident
 *(.note.gnu.arm.ident)

.ARM.attributes
                0x00000000       0x29
 *(.ARM.attributes)
 .ARM.attributes
                0x00000000       0x1d c:/program files (x86)/cypress/psoc creator/4.2/psoc creator/import/gnu/arm/5.4.1/bin/../lib/gcc/arm-none-eabi/5.4.1/armv7-m/crti.o
 .ARM.attributes
                0x0000001d       0x2d c:/program files (x86)/cypress/psoc creator/4.2/psoc creator/import/gnu/arm/5.4.1/bin/../lib/gcc/arm-none-eabi/5.4.1/armv7-m/crtbegin.o
 .ARM.attributes
                0x0000004a       0x1b c:/program files (x86)/cypress/psoc creator/4.2/psoc creator/import/gnu/arm/5.4.1/bin/../lib/gcc/arm-none-eabi/5.4.1/../../../../arm-none-eabi/lib/armv7-m/crt0.o
 .ARM.attributes
                0x00000065       0x33 .\CortexM3\ARM_GCC_541\Debug\main.o
 .ARM.attributes
                0x00000098       0x33 .\CortexM3\ARM_GCC_541\Debug\Protocolo.o
 .ARM.attributes
                0x000000cb       0x33 .\CortexM3\ARM_GCC_541\Debug\Print.o
 .ARM.attributes
                0x000000fe       0x33 .\CortexM3\ARM_GCC_541\Debug\i2c.o
 .ARM.attributes
                0x00000131       0x33 .\CortexM3\ARM_GCC_541\Debug\cyfitter_cfg.o
 .ARM.attributes
                0x00000164       0x33 .\CortexM3\ARM_GCC_541\Debug\cymetadata.o
 .ARM.attributes
                0x00000197       0x33 .\CortexM3\ARM_GCC_541\Debug\Cm3Start.o
 .ARM.attributes
                0x000001ca       0x33 .\CortexM3\ARM_GCC_541\Debug\FC_Impresion.a(CyLib.o)
 .ARM.attributes
                0x000001fd       0x33 .\CortexM3\ARM_GCC_541\Debug\FC_Impresion.a(cyPm.o)
 .ARM.attributes
                0x00000230       0x33 .\CortexM3\ARM_GCC_541\Debug\FC_Impresion.a(I2C_1.o)
 .ARM.attributes
                0x00000263       0x33 .\CortexM3\ARM_GCC_541\Debug\FC_Impresion.a(I2C_1_INT.o)
 .ARM.attributes
                0x00000296       0x33 .\CortexM3\ARM_GCC_541\Debug\FC_Impresion.a(I2C_1_PM.o)
 .ARM.attributes
                0x000002c9       0x33 .\CortexM3\ARM_GCC_541\Debug\FC_Impresion.a(I2C_1_MASTER.o)
 .ARM.attributes
                0x000002fc       0x33 .\CortexM3\ARM_GCC_541\Debug\FC_Impresion.a(RS232.o)
 .ARM.attributes
                0x0000032f       0x33 .\CortexM3\ARM_GCC_541\Debug\FC_Impresion.a(RS232_INT.o)
 .ARM.attributes
                0x00000362       0x33 .\CortexM3\ARM_GCC_541\Debug\FC_Impresion.a(Surtidor.o)
 .ARM.attributes
                0x00000395       0x33 .\CortexM3\ARM_GCC_541\Debug\FC_Impresion.a(Surtidor_INT.o)
 .ARM.attributes
                0x000003c8       0x33 .\CortexM3\ARM_GCC_541\Debug\FC_Impresion.a(RS232_IntClock.o)
 .ARM.attributes
                0x000003fb       0x33 .\CortexM3\ARM_GCC_541\Debug\FC_Impresion.a(Surtidor_IntClock.o)
 .ARM.attributes
                0x0000042e       0x33 .\CortexM3\ARM_GCC_541\Debug\FC_Impresion.a(Select1_RS232.o)
 .ARM.attributes
                0x00000461       0x33 .\CortexM3\ARM_GCC_541\Debug\FC_Impresion.a(Select0_RS232.o)
 .ARM.attributes
                0x00000494       0x33 .\CortexM3\ARM_GCC_541\Debug\FC_Impresion.a(Botones.o)
 .ARM.attributes
                0x000004c7       0x33 .\CortexM3\ARM_GCC_541\Debug\FC_Impresion.a(EEPROM.o)
 .ARM.attributes
                0x000004fa       0x33 .\CortexM3\ARM_GCC_541\Debug\FC_Impresion.a(Led.o)
 .ARM.attributes
                0x0000052d       0x33 .\CortexM3\ARM_GCC_541\Debug\FC_Impresion.a(USBUART.o)
 .ARM.attributes
                0x00000560       0x33 .\CortexM3\ARM_GCC_541\Debug\FC_Impresion.a(USBUART_cdc.o)
 .ARM.attributes
                0x00000593       0x33 .\CortexM3\ARM_GCC_541\Debug\FC_Impresion.a(USBUART_drv.o)
 .ARM.attributes
                0x000005c6       0x33 .\CortexM3\ARM_GCC_541\Debug\FC_Impresion.a(USBUART_episr.o)
 .ARM.attributes
                0x000005f9       0x33 .\CortexM3\ARM_GCC_541\Debug\FC_Impresion.a(USBUART_pm.o)
 .ARM.attributes
                0x0000062c       0x33 .\CortexM3\ARM_GCC_541\Debug\FC_Impresion.a(USBUART_std.o)
 .ARM.attributes
                0x0000065f       0x33 .\CortexM3\ARM_GCC_541\Debug\FC_Impresion.a(USBUART_vnd.o)
 .ARM.attributes
                0x00000692       0x33 .\CortexM3\ARM_GCC_541\Debug\FC_Impresion.a(USBUART_Dp.o)
 .ARM.attributes
                0x000006c5       0x21 .\CortexM3\ARM_GCC_541\Debug\FC_Impresion.a(CyBootAsmGnu.o)
 .ARM.attributes
                0x000006e6       0x33 .\CortexM3\ARM_GCC_541\Debug\FC_Impresion.a(CyFlash.o)
 .ARM.attributes
                0x00000719       0x33 .\CortexM3\ARM_GCC_541\Debug\FC_Impresion.a(CySpc.o)
 .ARM.attributes
                0x0000074c       0x33 .\CortexM3\ARM_GCC_541\Debug\FC_Impresion.a(USBUART_cls.o)
 .ARM.attributes
                0x0000077f       0x33 .\CortexM3\ARM_GCC_541\Debug\FC_Impresion.a(USBUART_descr.o)
 .ARM.attributes
                0x000007b2       0x2d c:/program files (x86)/cypress/psoc creator/4.2/psoc creator/import/gnu/arm/5.4.1/bin/../lib/gcc/arm-none-eabi/5.4.1/../../../../arm-none-eabi/lib/armv7-m\libg_nano.a(lib_a-errno.o)
 .ARM.attributes
                0x000007df       0x2d c:/program files (x86)/cypress/psoc creator/4.2/psoc creator/import/gnu/arm/5.4.1/bin/../lib/gcc/arm-none-eabi/5.4.1/../../../../arm-none-eabi/lib/armv7-m\libg_nano.a(lib_a-exit.o)
 .ARM.attributes
                0x0000080c       0x2d c:/program files (x86)/cypress/psoc creator/4.2/psoc creator/import/gnu/arm/5.4.1/bin/../lib/gcc/arm-none-eabi/5.4.1/../../../../arm-none-eabi/lib/armv7-m\libg_nano.a(lib_a-impure.o)
 .ARM.attributes
                0x00000839       0x2d c:/program files (x86)/cypress/psoc creator/4.2/psoc creator/import/gnu/arm/5.4.1/bin/../lib/gcc/arm-none-eabi/5.4.1/../../../../arm-none-eabi/lib/armv7-m\libg_nano.a(lib_a-init.o)
 .ARM.attributes
                0x00000866       0x2d c:/program files (x86)/cypress/psoc creator/4.2/psoc creator/import/gnu/arm/5.4.1/bin/../lib/gcc/arm-none-eabi/5.4.1/../../../../arm-none-eabi/lib/armv7-m\libg_nano.a(lib_a-memcpy-stub.o)
 .ARM.attributes
                0x00000893       0x2d c:/program files (x86)/cypress/psoc creator/4.2/psoc creator/import/gnu/arm/5.4.1/bin/../lib/gcc/arm-none-eabi/5.4.1/../../../../arm-none-eabi/lib/armv7-m\libg_nano.a(lib_a-memset.o)
 .ARM.attributes
                0x000008c0       0x2d c:/program files (x86)/cypress/psoc creator/4.2/psoc creator/import/gnu/arm/5.4.1/bin/../lib/gcc/arm-none-eabi/5.4.1/../../../../arm-none-eabi/lib/armv7-m\libg_nano.a(lib_a-nano-vfprintf_float.o)
 .ARM.attributes
                0x000008ed       0x2d c:/program files (x86)/cypress/psoc creator/4.2/psoc creator/import/gnu/arm/5.4.1/bin/../lib/gcc/arm-none-eabi/5.4.1/../../../../arm-none-eabi/lib/armv7-m\libg_nano.a(lib_a-nano-vfprintf_i.o)
 .ARM.attributes
                0x0000091a       0x17 c:/program files (x86)/cypress/psoc creator/4.2/psoc creator/import/gnu/arm/5.4.1/bin/../lib/gcc/arm-none-eabi/5.4.1/../../../../arm-none-eabi/lib/armv7-m\libg_nano.a(lib_a-strlen.o)
 .ARM.attributes
                0x00000931       0x2d c:/program files (x86)/cypress/psoc creator/4.2/psoc creator/import/gnu/arm/5.4.1/bin/../lib/gcc/arm-none-eabi/5.4.1/../../../../arm-none-eabi/lib/armv7-m\libg_nano.a(lib_a-dtoa.o)
 .ARM.attributes
                0x0000095e       0x2d c:/program files (x86)/cypress/psoc creator/4.2/psoc creator/import/gnu/arm/5.4.1/bin/../lib/gcc/arm-none-eabi/5.4.1/../../../../arm-none-eabi/lib/armv7-m\libg_nano.a(lib_a-locale.o)
 .ARM.attributes
                0x0000098b       0x2d c:/program files (x86)/cypress/psoc creator/4.2/psoc creator/import/gnu/arm/5.4.1/bin/../lib/gcc/arm-none-eabi/5.4.1/../../../../arm-none-eabi/lib/armv7-m\libg_nano.a(lib_a-malloc.o)
 .ARM.attributes
                0x000009b8       0x2d c:/program files (x86)/cypress/psoc creator/4.2/psoc creator/import/gnu/arm/5.4.1/bin/../lib/gcc/arm-none-eabi/5.4.1/../../../../arm-none-eabi/lib/armv7-m\libg_nano.a(lib_a-memchr-stub.o)
 .ARM.attributes
                0x000009e5       0x2d c:/program files (x86)/cypress/psoc creator/4.2/psoc creator/import/gnu/arm/5.4.1/bin/../lib/gcc/arm-none-eabi/5.4.1/../../../../arm-none-eabi/lib/armv7-m\libg_nano.a(lib_a-mprec.o)
 .ARM.attributes
                0x00000a12       0x2d c:/program files (x86)/cypress/psoc creator/4.2/psoc creator/import/gnu/arm/5.4.1/bin/../lib/gcc/arm-none-eabi/5.4.1/../../../../arm-none-eabi/lib/armv7-m\libg_nano.a(lib_a-nano-callocr.o)
 .ARM.attributes
                0x00000a3f       0x2d c:/program files (x86)/cypress/psoc creator/4.2/psoc creator/import/gnu/arm/5.4.1/bin/../lib/gcc/arm-none-eabi/5.4.1/../../../../arm-none-eabi/lib/armv7-m\libg_nano.a(lib_a-nano-freer.o)
 .ARM.attributes
                0x00000a6c       0x2d c:/program files (x86)/cypress/psoc creator/4.2/psoc creator/import/gnu/arm/5.4.1/bin/../lib/gcc/arm-none-eabi/5.4.1/../../../../arm-none-eabi/lib/armv7-m\libg_nano.a(lib_a-nano-mallocr.o)
 .ARM.attributes
                0x00000a99       0x2d c:/program files (x86)/cypress/psoc creator/4.2/psoc creator/import/gnu/arm/5.4.1/bin/../lib/gcc/arm-none-eabi/5.4.1/../../../../arm-none-eabi/lib/armv7-m\libg_nano.a(lib_a-sbrkr.o)
 .ARM.attributes
                0x00000ac6       0x1b c:/program files (x86)/cypress/psoc creator/4.2/psoc creator/import/gnu/arm/5.4.1/bin/../lib/gcc/arm-none-eabi/5.4.1/../../../../arm-none-eabi/lib/armv7-m\libg_nano.a(lib_a-strcmp.o)
 .ARM.attributes
                0x00000ae1       0x2d c:/program files (x86)/cypress/psoc creator/4.2/psoc creator/import/gnu/arm/5.4.1/bin/../lib/gcc/arm-none-eabi/5.4.1/../../../../arm-none-eabi/lib/armv7-m\libg_nano.a(lib_a-mlock.o)
 .ARM.attributes
                0x00000b0e       0x2d c:/program files (x86)/cypress/psoc creator/4.2/psoc creator/import/gnu/arm/5.4.1/bin/../lib/gcc/arm-none-eabi/5.4.1/../../../../arm-none-eabi/lib/armv7-m\libg_nano.a(lib_a-reent.o)
 .ARM.attributes
                0x00000b3b       0x1d c:/program files (x86)/cypress/psoc creator/4.2/psoc creator/import/gnu/arm/5.4.1/bin/../lib/gcc/arm-none-eabi/5.4.1/armv7-m\libgcc.a(_arm_addsubdf3.o)
 .ARM.attributes
                0x00000b58       0x1d c:/program files (x86)/cypress/psoc creator/4.2/psoc creator/import/gnu/arm/5.4.1/bin/../lib/gcc/arm-none-eabi/5.4.1/armv7-m\libgcc.a(_arm_muldivdf3.o)
 .ARM.attributes
                0x00000b75       0x1d c:/program files (x86)/cypress/psoc creator/4.2/psoc creator/import/gnu/arm/5.4.1/bin/../lib/gcc/arm-none-eabi/5.4.1/armv7-m\libgcc.a(_arm_cmpdf2.o)
 .ARM.attributes
                0x00000b92       0x1d c:/program files (x86)/cypress/psoc creator/4.2/psoc creator/import/gnu/arm/5.4.1/bin/../lib/gcc/arm-none-eabi/5.4.1/armv7-m\libgcc.a(_arm_unorddf2.o)
 .ARM.attributes
                0x00000baf       0x1d c:/program files (x86)/cypress/psoc creator/4.2/psoc creator/import/gnu/arm/5.4.1/bin/../lib/gcc/arm-none-eabi/5.4.1/armv7-m\libgcc.a(_arm_fixdfsi.o)
 .ARM.attributes
                0x00000bcc       0x2d c:/program files (x86)/cypress/psoc creator/4.2/psoc creator/import/gnu/arm/5.4.1/bin/../lib/gcc/arm-none-eabi/5.4.1/armv7-m/crtend.o
 .ARM.attributes
                0x00000bf9       0x1d c:/program files (x86)/cypress/psoc creator/4.2/psoc creator/import/gnu/arm/5.4.1/bin/../lib/gcc/arm-none-eabi/5.4.1/armv7-m/crtn.o

/DISCARD/
 *(.note.GNU-stack)
OUTPUT(C:\Users\leo40\OneDrive\Empresa\Proyectos\Orange_Pi\Carro_Taller\Prueba_USB\V1.0\FC_Impresion.cydsn\CortexM3\ARM_GCC_541\Debug\FC_Impresion.elf elf32-littlearm)